******************************************************************************
                  TI ARM Linker PC v18.1.2                     
******************************************************************************
>> Linked Wed Sep 19 22:25:23 2018

OUTPUT FILE NAME:   <WhiteTower.out>
ENTRY POINT SYMBOL: "_c_int00_noargs"  address: 00013ce1


MEMORY CONFIGURATION

         name            origin    length      used     unused   attr    fill
----------------------  --------  ---------  --------  --------  ----  --------
  FLASH                 00000000   00100000  000181ba  000e7e46  R  X
  SRAM                  20000000   00040000  00021491  0001eb6f  RW X


SEGMENT ALLOCATION MAP

run origin  load origin   length   init length attrs members
----------  ----------- ---------- ----------- ----- -------
00000000    00000000    000181c0   000181c0    r-x
  00000000    00000000    00000208   00000208    r-- .intvecs
  00000208    00000208    000161f2   000161f2    r-x .text
  00016400    00016400    00001cf8   00001cf8    r-- .const
  000180f8    000180f8    00000020   00000020    r-- .init_array
  00018118    00018118    000000a8   000000a8    r-- .cinit
20000000    20000000    00021494   00000000    rw-
  20000000    20000000    00010000   00000000    rw- .stack
  20010000    20010000    00010000   00000000    rw- .sysmem
  20020000    20020000    00000af5   00000000    rw- .bss
  20020af8    20020af8    0000099c   00000000    rw- .data


SECTION ALLOCATION MAP

 output                                  attributes/
section   page    origin      length       input sections
--------  ----  ----------  ----------   ----------------
.intvecs   0    00000000    00000208     
                  00000000    00000208     tm4c1294ncpdt_startup_ccs.obj (.intvecs)

.text      0    00000208    000161f2     
                  00000208    00000af0     rtsv7M4_T_le_v4SPD16_eabi.lib : _scanfi.c.obj (.text:__TI_scanfi)
                  00000cf8    00000a5e                                   : _printfi.c.obj (.text:__TI_printfi)
                  00001756    00000002                                   : string.cpp.obj (.text:_ZNKSt3__222__compressed_pair_elemINS_12basic_stringIwNS_11char_traitsIwEENS_9allocatorIwEEE5__repELi0ELb0EE5__getEv)
                  00001758    00000956                                   : locale.cpp.obj (.text:_ZNSt3__29money_getIcNS_19istreambuf_iteratorIcNS_11char_traitsIcEEEEE8__do_getERS4_S4_bRKNS_6localeEjRjRbRKNS_5ctypeIcEERNS_10unique_ptrIcPFvPvEEERPcSM_)
                  000020ae    00000002                                   : locale.cpp.obj (.text:_ZNKSt3__28messagesIcE8do_closeEi)
                  000020b0    00000870                                   : locale.cpp.obj (.text:_ZNSt3__29money_getIwNS_19istreambuf_iteratorIwNS_11char_traitsIwEEEEE8__do_getERS4_S4_bRKNS_6localeEjRjRbRKNS_5ctypeIwEERNS_10unique_ptrIwPFvPvEEERPwSM_)
                  00002920    000004cc     ComandCenter.obj (.text)
                  00002dec    0000047c     Monitor.obj (.text)
                  00003268    00000464     rtsv7M4_T_le_v4SPD16_eabi.lib : strftime.c.obj (.text:strftime)
                  000036cc    00000460                                   : locale.cpp.obj (.text:_ZNSt3__26locale5__impC1Ej)
                  00003b2c    00000460                                   : strtod.c.obj (.text:strtod)
                  00003f8c    000003c8                                   : strtof.c.obj (.text:strtof)
                  00004354    000003b0                                   : locale.cpp.obj (.text:_ZNSt3__211__money_getIcE13__gather_infoEbRKNS_6localeERNS_10money_base7patternERcS8_RNS_12basic_stringIcNS_11char_traitsIcEENS_9allocatorIcEEEESF_SF_SF_Ri)
                  00004704    000003b0                                   : locale.cpp.obj (.text:_ZNSt3__211__money_getIwE13__gather_infoEbRKNS_6localeERNS_10money_base7patternERwS8_RNS_12basic_stringIcNS_11char_traitsIcEENS_9allocatorIcEEEERNS9_IwNSA_IwEENSC_IwEEEESJ_SJ_Ri)
                  00004ab4    00000348     TimeHandler.obj (.text)
                  00004dfc    00000348     rtsv7M4_T_le_v4SPD16_eabi.lib : locale.cpp.obj (.text:_ZNSt3__211__money_putIcE13__gather_infoEbbRKNS_6localeERNS_10money_base7patternERcS8_RNS_12basic_stringIcNS_11char_traitsIcEENS_9allocatorIcEEEESF_SF_Ri)
                  00005144    00000348                                   : locale.cpp.obj (.text:_ZNSt3__211__money_putIwE13__gather_infoEbbRKNS_6localeERNS_10money_base7patternERwS8_RNS_12basic_stringIcNS_11char_traitsIcEENS_9allocatorIcEEEERNS9_IwNSA_IwEENSC_IwEEEESJ_Ri)
                  0000548c    000002fc                                   : locale.cpp.obj (.text:_ZNKSt3__28time_getIcNS_19istreambuf_iteratorIcNS_11char_traitsIcEEEEE6do_getES4_S4_RNS_8ios_baseERjP2tmcc)
                  00005788    000002f8                                   : locale.cpp.obj (.text:_ZNKSt3__28time_getIwNS_19istreambuf_iteratorIwNS_11char_traitsIwEEEEE6do_getES4_S4_RNS_8ios_baseERjP2tmcc)
                  00005a80    000002a4                                   : locale.cpp.obj (.text:_ZNSt3__211__money_putIwE8__formatEPwRS2_S3_jPKwS5_RKNS_5ctypeIwEEbRKNS_10money_base7patternEwwRKNS_12basic_stringIcNS_11char_traitsIcEENS_9allocatorIcEEEERKNSE_IwNSF_IwEENSH_IwEEEESQ_i)
                  00005d24    0000029a                                   : locale.cpp.obj (.text:_ZNSt3__211__money_putIcE8__formatEPcRS2_S3_jPKcS5_RKNS_5ctypeIcEEbRKNS_10money_base7patternEccRKNS_12basic_stringIcNS_11char_traitsIcEENS_9allocatorIcEEEESL_SL_i)
                  00005fbe    00000002                                   : locale.cpp.obj (.text:_ZNKSt3__28messagesIwE8do_closeEi)
                  00005fc0    00000294                                   : iostream.cpp.obj (.text:_ZNSt3__28ios_base4InitC1Ev)
                  00006254    00000278                                   : locale.cpp.obj (.text:_ZNKSt3__220__time_get_c_storageIwE8__monthsEv)
                  000064cc    00000274                                   : locale.cpp.obj (.text:_ZNKSt3__29money_getIcNS_19istreambuf_iteratorIcNS_11char_traitsIcEEEEE6do_getES4_S4_bRNS_8ios_baseERjRNS_12basic_stringIcS3_NS_9allocatorIcEEEE)
                  00006740    00000274                                   : locale.cpp.obj (.text:_ZNSt3__29__num_putIwE23__widen_and_group_floatEPcS2_S2_PwRS3_S4_RKNS_6localeE)
                  000069b4    00000270                                   : _printfi.c.obj (.text:_pconv_a)
                  00006c24    00000268                                   : locale.cpp.obj (.text:_ZNSt3__29__num_putIcE23__widen_and_group_floatEPcS2_S2_S2_RS2_S3_RKNS_6localeE)
                  00006e8c    00000250                                   : locale.cpp.obj (.text:_ZNKSt3__29money_putIwNS_19ostreambuf_iteratorIwNS_11char_traitsIwEEEEE6do_putES4_bRNS_8ios_baseEwe)
                  000070dc    00000248                                   : locale.cpp.obj (.text:_ZNKSt3__29money_getIwNS_19istreambuf_iteratorIwNS_11char_traitsIwEEEEE6do_getES4_S4_bRNS_8ios_baseERjRNS_12basic_stringIwS3_NS_9allocatorIwEEEE)
                  00007324    0000023c                                   : locale.cpp.obj (.text:_ZNKSt3__29money_putIcNS_19ostreambuf_iteratorIcNS_11char_traitsIcEEEEE6do_putES4_bRNS_8ios_baseEce)
                  00007560    000001fc                                   : locale.cpp.obj (.text:_ZNKSt3__220__time_get_c_storageIcE8__monthsEv)
                  0000775c    000001f8                                   : locale.cpp.obj (.text:_ZNKSt3__29money_putIwNS_19ostreambuf_iteratorIwNS_11char_traitsIwEEEEE6do_putES4_bRNS_8ios_baseEwRKNS_12basic_stringIwS3_NS_9allocatorIwEEEE)
                  00007954    000001f4                                   : locale.cpp.obj (.text:_ZNKSt3__29money_putIcNS_19ostreambuf_iteratorIcNS_11char_traitsIcEEEEE6do_putES4_bRNS_8ios_baseEcRKNS_12basic_stringIcS3_NS_9allocatorIcEEEE)
                  00007b48    000001f0                                   : locale.cpp.obj (.text:_ZNSt3__214__scan_keywordINS_19istreambuf_iteratorIcNS_11char_traitsIcEEEEPKNS_12basic_stringIcS3_NS_9allocatorIcEEEENS_5ctypeIcEEEET0_RT_SE_SD_SD_RKT1_Rjb)
                  00007d38    000001ec                                   : locale.cpp.obj (.text:_ZNSt3__214__scan_keywordINS_19istreambuf_iteratorIwNS_11char_traitsIwEEEEPKNS_12basic_stringIwS3_NS_9allocatorIwEEEENS_5ctypeIwEEEET0_RT_SE_SD_SD_RKT1_Rjb)
                  00007f24    000001dc                                   : strtoll.c.obj (.text:strtoll)
                  00008100    000001d8                                   : locale.cpp.obj (.text:_ZNKSt3__27num_getIwNS_19istreambuf_iteratorIwNS_11char_traitsIwEEEEE15__do_get_signedIlEES4_S4_S4_RNS_8ios_baseERjRT_)
                  000082d8    000001d8                                   : locale.cpp.obj (.text:_ZNKSt3__27num_getIwNS_19istreambuf_iteratorIwNS_11char_traitsIwEEEEE15__do_get_signedIxEES4_S4_S4_RNS_8ios_baseERjRT_)
                  000084b0    000001d8                                   : locale.cpp.obj (.text:_ZNKSt3__27num_getIwNS_19istreambuf_iteratorIwNS_11char_traitsIwEEEEE17__do_get_unsignedIjEES4_S4_S4_RNS_8ios_baseERjRT_)
                  00008688    000001d8                                   : locale.cpp.obj (.text:_ZNKSt3__27num_getIwNS_19istreambuf_iteratorIwNS_11char_traitsIwEEEEE17__do_get_unsignedImEES4_S4_S4_RNS_8ios_baseERjRT_)
                  00008860    000001d8                                   : locale.cpp.obj (.text:_ZNKSt3__27num_getIwNS_19istreambuf_iteratorIwNS_11char_traitsIwEEEEE17__do_get_unsignedItEES4_S4_S4_RNS_8ios_baseERjRT_)
                  00008a38    000001d8                                   : locale.cpp.obj (.text:_ZNKSt3__27num_getIwNS_19istreambuf_iteratorIwNS_11char_traitsIwEEEEE17__do_get_unsignedIyEES4_S4_S4_RNS_8ios_baseERjRT_)
                  00008c10    000001d0                                   : locale.cpp.obj (.text:_ZN32_INTERNAL_10_locale_cpp_a7183203St3__213utf8_to_utf16EPKhS1_RS1_PtS3_RS3_mNS_12codecvt_modeE)
                  00008de0    000001d0                                   : _printfi.c.obj (.text:_pconv_g)
                  00008fb0    000001cc                                   : locale.cpp.obj (.text:_ZNSt3__29__num_putIwE21__widen_and_group_intEPcS2_S2_PwRS3_S4_RKNS_6localeE)
                  0000917c    000001c8                                   : locale.cpp.obj (.text:_ZNSt3__29__num_putIcE21__widen_and_group_intEPcS2_S2_S2_RS2_S3_RKNS_6localeE)
                  00009344    000001c4                                   : locale.cpp.obj (.text:_ZNKSt3__27num_getIwNS_19istreambuf_iteratorIwNS_11char_traitsIwEEEEE6do_getES4_S4_RNS_8ios_baseERjRPv)
                  00009508    000001b6                                   : fd_add_t2.asm.obj (.text)
                  000096be    00000002                                   : locale.cpp.obj (.text:_ZNSt3__212__do_nothingEPv)
                  000096c0    000001b4     main.obj (.text)
                  00009874    000001b0     rtsv7M4_T_le_v4SPD16_eabi.lib : locale.cpp.obj (.text:_ZNKSt3__220__time_get_c_storageIwE7__weeksEv)
                  00009a24    000001b0                                   : locale.cpp.obj (.text:_ZNKSt3__27num_getIcNS_19istreambuf_iteratorIcNS_11char_traitsIcEEEEE15__do_get_signedIxEES4_S4_S4_RNS_8ios_baseERjRT_)
                  00009bd4    000001b0                                   : locale.cpp.obj (.text:_ZNKSt3__27num_getIcNS_19istreambuf_iteratorIcNS_11char_traitsIcEEEEE17__do_get_unsignedIyEES4_S4_S4_RNS_8ios_baseERjRT_)
                  00009d84    000001b0                                   : locale.cpp.obj (.text:_ZNKSt3__27num_getIcNS_19istreambuf_iteratorIcNS_11char_traitsIcEEEEE6do_getES4_S4_RNS_8ios_baseERjRPv)
                  00009f34    000001ac                                   : locale.cpp.obj (.text:_ZNKSt3__27num_getIcNS_19istreambuf_iteratorIcNS_11char_traitsIcEEEEE15__do_get_signedIlEES4_S4_S4_RNS_8ios_baseERjRT_)
                  0000a0e0    000001ac                                   : locale.cpp.obj (.text:_ZNKSt3__27num_getIcNS_19istreambuf_iteratorIcNS_11char_traitsIcEEEEE17__do_get_unsignedIjEES4_S4_S4_RNS_8ios_baseERjRT_)
                  0000a28c    000001ac                                   : locale.cpp.obj (.text:_ZNKSt3__27num_getIcNS_19istreambuf_iteratorIcNS_11char_traitsIcEEEEE17__do_get_unsignedImEES4_S4_S4_RNS_8ios_baseERjRT_)
                  0000a438    000001ac                                   : locale.cpp.obj (.text:_ZNKSt3__27num_getIcNS_19istreambuf_iteratorIcNS_11char_traitsIcEEEEE17__do_get_unsignedItEES4_S4_S4_RNS_8ios_baseERjRT_)
                  0000a5e4    000001ac                                   : locale.cpp.obj (.text:_ZNKSt3__27num_getIcNS_19istreambuf_iteratorIcNS_11char_traitsIcEEEEE23__do_get_floating_pointIdEES4_S4_S4_RNS_8ios_baseERjRT_)
                  0000a790    000001ac                                   : locale.cpp.obj (.text:_ZNKSt3__27num_getIcNS_19istreambuf_iteratorIcNS_11char_traitsIcEEEEE23__do_get_floating_pointIeEES4_S4_S4_RNS_8ios_baseERjRT_)
                  0000a93c    000001aa                                   : locale.cpp.obj (.text:_ZNKSt3__27num_getIwNS_19istreambuf_iteratorIwNS_11char_traitsIwEEEEE23__do_get_floating_pointIdEES4_S4_S4_RNS_8ios_baseERjRT_)
                  0000aae6    000001aa                                   : locale.cpp.obj (.text:_ZNKSt3__27num_getIwNS_19istreambuf_iteratorIwNS_11char_traitsIwEEEEE23__do_get_floating_pointIeEES4_S4_S4_RNS_8ios_baseERjRT_)
                  0000ac90    000001a8                                   : locale.cpp.obj (.text:_ZNKSt3__27num_getIcNS_19istreambuf_iteratorIcNS_11char_traitsIcEEEEE23__do_get_floating_pointIfEES4_S4_S4_RNS_8ios_baseERjRT_)
                  0000ae38    000001a6                                   : locale.cpp.obj (.text:_ZNKSt3__27num_getIwNS_19istreambuf_iteratorIwNS_11char_traitsIwEEEEE23__do_get_floating_pointIfEES4_S4_S4_RNS_8ios_baseERjRT_)
                  0000afde    00000002                                   : memory.cpp.obj (.text:_ZNSt3__214__shared_countD1Ev)
                  0000afe0    00000190                                   : locale.cpp.obj (.text:_ZNKSt3__28time_getIwNS_19istreambuf_iteratorIwNS_11char_traitsIwEEEEE3getES4_S4_RNS_8ios_baseERjP2tmPKwSC_)
                  0000b170    00000188     ISRMsgMaker.obj (.text)
                  0000b2f8    00000184     rtsv7M4_T_le_v4SPD16_eabi.lib : locale.cpp.obj (.text:_ZNKSt3__28time_getIcNS_19istreambuf_iteratorIcNS_11char_traitsIcEEEEE3getES4_S4_RNS_8ios_baseERjP2tmPKcSC_)
                  0000b47c    00000182                                   : locale.cpp.obj (.text:_ZN32_INTERNAL_10_locale_cpp_a7183203St3__212utf8_to_ucs4EPKhS1_RS1_PjS3_RS3_mNS_12codecvt_modeE)
                  0000b5fe    00000002                                   : ios.cpp.obj (.text:_ZNSt3__215basic_streambufIcNS_11char_traitsIcEEE5imbueERKNS_6localeE)
                  0000b600    00000180                                   : locale.cpp.obj (.text:_ZNKSt3__29money_getIcNS_19istreambuf_iteratorIcNS_11char_traitsIcEEEEE6do_getES4_S4_bRNS_8ios_baseERjRe)
                  0000b780    00000180                                   : fwrite.c.obj (.text:fwrite)
                  0000b900    00000174                                   : locale.cpp.obj (.text:_ZN32_INTERNAL_10_locale_cpp_a7183203St3__213utf16_to_utf8EPKtS1_RS1_PhS3_RS3_mNS_12codecvt_modeE)
                  0000ba74    00000168     UART0Driver.obj (.text)
                  0000bbdc    0000015c     rtsv7M4_T_le_v4SPD16_eabi.lib : locale.cpp.obj (.text:_ZNKSt3__220__time_get_c_storageIcE7__weeksEv)
                  0000bd38    0000015c                                   : strtoull.c.obj (.text:strtoull)
                  0000be94    0000014c                                   : locale.cpp.obj (.text:_ZNSt3__29__num_getIwE19__stage2_float_loopEwRbRcPcRS4_wwRKNS_12basic_stringIcNS_11char_traitsIcEENS_9allocatorIcEEEEPjRSE_RjPw)
                  0000bfe0    00000148                                   : locale.cpp.obj (.text:_ZN32_INTERNAL_10_locale_cpp_a7183203St3__220utf8_to_utf16_lengthEPKhS1_jmNS_12codecvt_modeE)
                  0000c128    00000148                                   : locale.cpp.obj (.text:_ZNSt3__29__num_getIcE19__stage2_float_loopEcRbRcPcRS4_ccRKNS_12basic_stringIcNS_11char_traitsIcEENS_9allocatorIcEEEEPjRSE_RjS4_)
                  0000c270    00000140                                   : locale.cpp.obj (.text:_ZNKSt3__27num_putIcNS_19ostreambuf_iteratorIcNS_11char_traitsIcEEEEE6do_putES4_RNS_8ios_baseEcd)
                  0000c3b0    00000140                                   : locale.cpp.obj (.text:_ZNKSt3__27num_putIwNS_19ostreambuf_iteratorIwNS_11char_traitsIwEEEEE6do_putES4_RNS_8ios_baseEwe)
                  0000c4f0    0000013e                                   : locale.cpp.obj (.text:_ZN32_INTERNAL_10_locale_cpp_a7183203St3__219utf8_to_ucs4_lengthEPKhS1_jmNS_12codecvt_modeE)
                  0000c62e    00000002                                   : ios.cpp.obj (.text:_ZNSt3__215basic_streambufIcNS_11char_traitsIcEEE6setbufEPci)
                  0000c630    0000013c                                   : locale.cpp.obj (.text:_ZNKSt3__27num_putIcNS_19ostreambuf_iteratorIcNS_11char_traitsIcEEEEE6do_putES4_RNS_8ios_baseEce)
                  0000c76c    0000013c                                   : locale.cpp.obj (.text:_ZNKSt3__27num_putIwNS_19ostreambuf_iteratorIwNS_11char_traitsIwEEEEE6do_putES4_RNS_8ios_baseEwd)
                  0000c8a8    0000013c                                   : locale.cpp.obj (.text:_ZNKSt3__29money_getIwNS_19istreambuf_iteratorIwNS_11char_traitsIwEEEEE6do_getES4_S4_bRNS_8ios_baseERjRe)
                  0000c9e4    0000013c                                   : _printfi.c.obj (.text:_pconv_e)
                  0000cb20    00000136                                   : fd_div_t2.asm.obj (.text)
                  0000cc56    00000002                                   : ios.cpp.obj (.text:_ZNSt3__215basic_streambufIwNS_11char_traitsIwEEE5imbueERKNS_6localeE)
                  0000cc58    00000134                                   : vla_alloc.c.obj (.text:__vla_alloc)
                  0000cd8c    00000130                                   : strtol.c.obj (.text:strtol)
                  0000cebc    0000012c                                   : locale.cpp.obj (.text:_ZNKSt3__27codecvtIwciE5do_inERiPKcS4_RS4_PwS6_RS6_)
                  0000cfe8    00000120                                   : _printfi.c.obj (.text:fcvt)
                  0000d108    0000011c                                   : locale.cpp.obj (.text:_ZNSt3__216__pad_and_outputIwNS_11char_traitsIwEEEENS_19ostreambuf_iteratorIT_T0_EES6_PKS4_S8_S8_RNS_8ios_baseES4_)
                  0000d224    00000118                                   : locale.cpp.obj (.text:_ZNKSt3__27codecvtIwciE6do_outERiPKwS4_RS4_PcS6_RS6_)
                  0000d33c    00000114                                   : iostream.cpp.obj (.text:_ZNSt3__210__stdinbufIwE9__getcharEb)
                  0000d450    00000114                                   : string.cpp.obj (.text:_ZNSt3__212basic_stringIwNS_11char_traitsIwEENS_9allocatorIwEEE7reserveEj)
                  0000d564    00000114                                   : memory.c.obj (.text:realloc)
                  0000d678    00000110                                   : iostream.cpp.obj (.text:_ZNSt3__210__stdinbufIcE9__getcharEb)
                  0000d788    00000110                                   : s_scalbn.c.obj (.text:scalbn)
                  0000d898    00000110                                   : strtoul.c.obj (.text:strtoul)
                  0000d9a8    0000010c                                   : string.cpp.obj (.text:_ZNSt3__212basic_stringIwNS_11char_traitsIwEENS_9allocatorIwEEE21__grow_by_and_replaceEjjjjjjPKw)
                  0000dab4    000000fe                                   : locale.cpp.obj (.text:_ZN32_INTERNAL_10_locale_cpp_a7183203St3__212ucs4_to_utf8EPKjS1_RS1_PhS3_RS3_mNS_12codecvt_modeE)
                  0000dbb2    000000fc                                   : fd_mul_t2.asm.obj (.text)
                  0000dcae    000000f2                                   : string.cpp.obj (.text:_ZNSt3__212basic_stringIcNS_11char_traitsIcEENS_9allocatorIcEEE7reserveEj)
                  0000dda0    000000f0                                   : string.cpp.obj (.text:_ZNSt3__212basic_stringIcNS_11char_traitsIcEENS_9allocatorIcEEE21__grow_by_and_replaceEjjjjjjPKc)
                  0000de90    000000ee                                   : locale.cpp.obj (.text:_ZNSt3__220__get_up_to_n_digitsIwNS_19istreambuf_iteratorIwNS_11char_traitsIwEEEEEEiRT0_S5_RjRKNS_5ctypeIT_EEi)
                  0000df7e    00000002                                   : ios.cpp.obj (.text:_ZNSt3__215basic_streambufIwNS_11char_traitsIwEEE6setbufEPwi)
                  0000df80    000000ec                                   : locale.cpp.obj (.text:_ZNSt3__29__num_getIcE17__stage2_int_loopEciPcRS2_RjcRKNS_12basic_stringIcNS_11char_traitsIcEENS_9allocatorIcEEEEPjRSD_PKc)
                  0000e06c    000000ec                                   : locale.cpp.obj (.text:_ZNSt3__29__num_getIwE17__stage2_int_loopEwiPcRS2_RjwRKNS_12basic_stringIcNS_11char_traitsIcEENS_9allocatorIcEEEEPjRSD_PKw)
                  0000e158    000000e8                                   : locale.cpp.obj (.text:_ZNKSt3__220__time_get_c_storageIwE3__cEv)
                  0000e240    000000e4                                   : locale.cpp.obj (.text:_ZNSt3__220__get_up_to_n_digitsIcNS_19istreambuf_iteratorIcNS_11char_traitsIcEEEEEEiRT0_S5_RjRKNS_5ctypeIT_EEi)
                  0000e324    000000e0                                   : locale.cpp.obj (.text:_ZNSt3__26vectorIPNS_6locale5facetENS_15__sso_allocatorIS3_Lj28EEEE8__appendEj)
                  0000e404    000000dc                                   : locale.cpp.obj (.text:_ZNKSt3__27num_getIcNS_19istreambuf_iteratorIcNS_11char_traitsIcEEEEE6do_getES4_S4_RNS_8ios_baseERjRb)
                  0000e4e0    000000dc                                   : locale.cpp.obj (.text:_ZNKSt3__27num_getIwNS_19istreambuf_iteratorIwNS_11char_traitsIwEEEEE6do_getES4_S4_RNS_8ios_baseERjRb)
                  0000e5bc    000000dc                                   : setvbuf.c.obj (.text:setvbuf)
                  0000e698    000000d8                                   : string.cpp.obj (.text:_ZNSt3__212basic_stringIwNS_11char_traitsIwEENS_9allocatorIwEEE9__grow_byEjjjjjj)
                  0000e770    000000d8                                   : memory.c.obj (.text:free)
                  0000e848    000000d6     ComandCenter.obj (.text:_ZNSt3__216__pad_and_outputIcNS_11char_traitsIcEEEENS_19ostreambuf_iteratorIT_T0_EES6_PKS4_S8_S8_RNS_8ios_baseES4_)
                  0000e91e    00000002     rtsv7M4_T_le_v4SPD16_eabi.lib : string.cpp.obj (.text:_ZNSt3__222__compressed_pair_elemINS_12basic_stringIwNS_11char_traitsIwEENS_9allocatorIwEEE5__repELi0ELb0EE5__getEv)
                  0000e920    000000d4                                   : locale.cpp.obj (.text:_ZNKSt3__220__time_get_c_storageIwE3__rEv)
                  0000e9f4    000000d0                                   : locale.cpp.obj (.text:_ZNKSt3__220__time_get_c_storageIwE3__XEv)
                  0000eac4    000000d0                                   : locale.cpp.obj (.text:_ZNKSt3__220__time_get_c_storageIwE3__xEv)
                  0000eb94    000000d0                                   : s_scalbnf.c.obj (.text:scalbnf)
                  0000ec64    000000cc                                   : locale.cpp.obj (.text:_ZNKSt3__27num_putIcNS_19ostreambuf_iteratorIcNS_11char_traitsIcEEEEE6do_putES4_RNS_8ios_baseEcx)
                  0000ed30    000000cc                                   : locale.cpp.obj (.text:_ZNKSt3__27num_putIwNS_19ostreambuf_iteratorIwNS_11char_traitsIwEEEEE6do_putES4_RNS_8ios_baseEwx)
                  0000edfc    000000c8                                   : ios.cpp.obj (.text:_ZNSt3__213basic_ostreamIcNS_11char_traitsIcEEElsEi)
                  0000eec4    000000c4                                   : locale.cpp.obj (.text:_ZNKSt3__27num_putIcNS_19ostreambuf_iteratorIcNS_11char_traitsIcEEEEE6do_putES4_RNS_8ios_baseEcy)
                  0000ef88    000000c4                                   : locale.cpp.obj (.text:_ZNKSt3__27num_putIwNS_19ostreambuf_iteratorIwNS_11char_traitsIwEEEEE6do_putES4_RNS_8ios_baseEwy)
                  0000f04c    000000c4     ComandCenter.obj (.text:_ZNSt3__224__put_character_sequenceIcNS_11char_traitsIcEEEERNS_13basic_ostreamIT_T0_EES7_PKS4_j)
                  0000f110    000000c0     rtsv7M4_T_le_v4SPD16_eabi.lib : locale.cpp.obj (.text:_ZNKSt3__27num_putIcNS_19ostreambuf_iteratorIcNS_11char_traitsIcEEEEE6do_putES4_RNS_8ios_baseEcl)
                  0000f1d0    000000c0                                   : locale.cpp.obj (.text:_ZNKSt3__27num_putIcNS_19ostreambuf_iteratorIcNS_11char_traitsIcEEEEE6do_putES4_RNS_8ios_baseEcm)
                  0000f290    000000c0                                   : locale.cpp.obj (.text:_ZNKSt3__27num_putIwNS_19ostreambuf_iteratorIwNS_11char_traitsIwEEEEE6do_putES4_RNS_8ios_baseEwl)
                  0000f350    000000c0                                   : locale.cpp.obj (.text:_ZNKSt3__27num_putIwNS_19ostreambuf_iteratorIwNS_11char_traitsIwEEEEE6do_putES4_RNS_8ios_baseEwm)
                  0000f410    000000c0                                   : string.cpp.obj (.text:_ZNSt3__212basic_stringIcNS_11char_traitsIcEENS_9allocatorIcEEE9__grow_byEjjjjjj)
                  0000f4d0    000000bc                                   : iostream.cpp.obj (.text:_ZNSt3__211__stdoutbufIwE8overflowEi)
                  0000f58c    000000b2                                   : iostream.cpp.obj (.text:_ZNSt3__211__stdoutbufIcE8overflowEi)
                  0000f63e    00000002                                   : string.cpp.obj (.text:_ZNSt3__222__compressed_pair_elemINS_9allocatorIcEELi1ELb1EEC1IRKS2_vEEOT_)
                  0000f640    000000b1                                   : _printfi.c.obj (.text:_ltostr)
                  0000f6f1    00000001     --HOLE-- [fill = 0]
                  0000f6f2    00000002                                   : string.cpp.obj (.text:_ZNSt3__222__compressed_pair_elemINS_9allocatorIcEELi1ELb1EEC1IS2_vEEOT_)
                  0000f6f4    000000b0     SysTickDriver.obj (.text)
                  0000f7a4    000000b0     rtsv7M4_T_le_v4SPD16_eabi.lib : iostream.cpp.obj (.text:_ZNSt3__210__stdinbufIwE9pbackfailEi)
                  0000f854    000000a8                                   : iostream.cpp.obj (.text:_ZNSt3__210__stdinbufIcE9pbackfailEi)
                  0000f8fc    000000a8                                   : locale.cpp.obj (.text:_ZNSt3__219__double_or_nothingIwEEvRNS_10unique_ptrIT_PFvPvEEERPS2_S9_)
                  0000f9a4    000000a4                                   : string.cpp.obj (.text:_ZNSt3__212basic_stringIcNS_11char_traitsIcEENS_9allocatorIcEEE6appendEPKcj)
                  0000fa48    000000a4                                   : string.cpp.obj (.text:_ZNSt3__212basic_stringIwNS_11char_traitsIwEENS_9allocatorIwEEE6appendEPKwj)
                  0000faec    000000a0                                   : string.cpp.obj (.text:_ZNSt3__212basic_stringIcNS_11char_traitsIcEENS_9allocatorIcEEE9push_backEc)
                  0000fb8c    0000009e                                   : string.cpp.obj (.text:_ZNSt3__212basic_stringIwNS_11char_traitsIwEENS_9allocatorIwEEE9push_backEw)
                  0000fc2a    00000002                                   : string.cpp.obj (.text:_ZNSt3__222__compressed_pair_elemINS_9allocatorIwEELi1ELb1EEC1IS2_vEEOT_)
                  0000fc2c    0000009c                                   : locale.cpp.obj (.text:_ZNKSt3__27num_putIwNS_19ostreambuf_iteratorIwNS_11char_traitsIwEEEEE6do_putES4_RNS_8ios_baseEwPKv)
                  0000fcc8    0000009c                                   : locale.cpp.obj (.text:_ZNKSt3__27num_putIwNS_19ostreambuf_iteratorIwNS_11char_traitsIwEEEEE6do_putES4_RNS_8ios_baseEwb)
                  0000fd64    0000009c                                   : string.cpp.obj (.text:_ZNSt3__212basic_stringIcNS_11char_traitsIcEENS_9allocatorIcEEE6appendEjc)
                  0000fe00    0000009c                                   : _bufread.c.obj (.text:__TI_buff_read)
                  0000fe9c    0000009c                                   : memcpy_t2.asm.obj (.text)
                  0000ff38    00000098                                   : locale.cpp.obj (.text:_ZNKSt3__210__time_put8__do_putEPwRS1_PK2tmcc)
                  0000ffd0    00000098                                   : locale.cpp.obj (.text:_ZNKSt3__27num_putIcNS_19ostreambuf_iteratorIcNS_11char_traitsIcEEEEE6do_putES4_RNS_8ios_baseEcPKv)
                  00010068    00000098                                   : locale.cpp.obj (.text:_ZNKSt3__27num_putIcNS_19ostreambuf_iteratorIcNS_11char_traitsIcEEEEE6do_putES4_RNS_8ios_baseEcb)
                  00010100    00000098                                   : string.cpp.obj (.text:_ZNSt3__212basic_stringIwNS_11char_traitsIwEENS_9allocatorIwEEE6assignEPKwj)
                  00010198    00000096                                   : string.cpp.obj (.text:_ZNSt3__212basic_stringIcNS_11char_traitsIcEENS_9allocatorIcEEE6assignEPKcj)
                  0001022e    00000096                                   : locale.cpp.obj (.text:_ZNSt3__225__num_get_signed_integralIlEET_PKcS3_Rji)
                  000102c4    00000096                                   : ull_div_t2.asm.obj (.text)
                  0001035a    00000002                                   : stdlib_typeinfo.cpp.obj (.text:_ZNSt9type_infoD1Ev)
                  0001035c    00000094                                   : locale.cpp.obj (.text:_ZNKSt3__220__time_get_c_storageIwE7__am_pmEv)
                  000103f0    00000094                                   : string.cpp.obj (.text:_ZNSt3__212basic_stringIwNS_11char_traitsIwEENS_9allocatorIwEEE6__initEPKwj)
                  00010484    00000094                                   : locale.cpp.obj (.text:_ZNSt3__219__double_or_nothingIcEEvRNS_10unique_ptrIT_PFvPvEEERPS2_S9_)
                  00010518    00000094                                   : locale.cpp.obj (.text:_ZNSt3__219__double_or_nothingIjEEvRNS_10unique_ptrIT_PFvPvEEERPS2_S9_)
                  000105ac    00000090                                   : locale.cpp.obj (.text:_ZNSt3__225__num_get_signed_integralIxEET_PKcS3_Rji)
                  0001063c    00000090                                   : string.cpp.obj (.text:_ZNSt3__2plIcNS_11char_traitsIcEENS_9allocatorIcEEEENS_12basic_stringIT_T0_T1_EEPKS6_RKS9_)
                  000106cc    0000008c                                   : locale.cpp.obj (.text:_ZNKSt3__220__time_get_c_storageIcE7__am_pmEv)
                  00010758    0000008c                                   : locale.cpp.obj (.text:_ZNKSt3__28numpunctIwE11do_truenameEv)
                  000107e4    0000008c                                   : locale.cpp.obj (.text:_ZNKSt3__28numpunctIwE12do_falsenameEv)
                  00010870    00000086                                   : fd_cmp_t2.asm.obj (.text:__aeabi_cdcmple)
                  000108f6    00000086                                   : fd_cmp_t2.asm.obj (.text:__aeabi_cdrcmple)
                  0001097c    00000084                                   : locale.cpp.obj (.text:_ZNKSt3__220__time_get_c_storageIcE3__cEv)
                  00010a00    00000084                                   : locale.cpp.obj (.text:_ZNKSt3__27collateIwE12do_transformEPKwS3_)
                  00010a84    00000084                                   : fgetc.c.obj (.text:fgetc)
                  00010b08    00000080                                   : locale.cpp.obj (.text:_ZNSt3__214__num_put_base14__format_floatEPcPKcj)
                  00010b88    00000080                                   : locale.cpp.obj (.text:_ZNSt3__26locale5__impD1Ev)
                  00010c08    00000080     ComandCenter.obj (.text:_ZNSt3__2eqINS_9allocatorIcEEEEbRKNS_12basic_stringIcNS_11char_traitsIcEET_EES9_)
                  00010c88    00000080     rtsv7M4_T_le_v4SPD16_eabi.lib : ungetc.c.obj (.text:ungetc)
                  00010d08    0000007e                                   : string.cpp.obj (.text:_ZNKSt3__212basic_stringIcNS_11char_traitsIcEENS_9allocatorIcEEE7compareEjjPKcj)
                  00010d86    0000007c                                   : locale.cpp.obj (.text:_ZNKSt3__28time_getIcNS_19istreambuf_iteratorIcNS_11char_traitsIcEEEEE11__get_am_pmERiRS4_S4_RjRKNS_5ctypeIcEE)
                  00010e02    0000007c                                   : locale.cpp.obj (.text:_ZNKSt3__28time_getIwNS_19istreambuf_iteratorIwNS_11char_traitsIwEEEEE11__get_am_pmERiRS4_S4_RjRKNS_5ctypeIwEE)
                  00010e7e    0000007c                                   : ios.cpp.obj (.text:_ZNSt3__213basic_ostreamIcNS_11char_traitsIcEEE6sentryD1Ev)
                  00010efa    0000007c                                   : ios.cpp.obj (.text:_ZNSt3__213basic_ostreamIwNS_11char_traitsIwEEE6sentryD1Ev)
                  00010f76    00000002                                   : _lock.c.obj (.text:_nop)
                  00010f78    0000007c                                   : fflush.c.obj (.text:fflush)
                  00010ff4    0000007a                                   : locale.cpp.obj (.text:_ZNSt3__227__num_get_unsigned_integralIjEET_PKcS3_Rji)
                  0001106e    0000007a                                   : locale.cpp.obj (.text:_ZNSt3__227__num_get_unsigned_integralImEET_PKcS3_Rji)
                  000110e8    0000007a                                   : memset_t2.asm.obj (.text)
                  00011162    00000002                                   : xlocale.c.obj (.text:freelocale)
                  00011164    00000078                                   : vla_alloc.c.obj (.text:_ZN33_INTERNAL_11_vla_alloc_c_be8bd49b21free_dead_allocationsEPv)
                  000111dc    00000078                                   : locale.cpp.obj (.text:_ZNKSt3__220__time_get_c_storageIcE3__rEv)
                  00011254    00000078                                   : locale.cpp.obj (.text:_ZNSt3__215__num_get_floatIfEET_PKcS3_Rj)
                  000112cc    00000078                                   : ios.cpp.obj (.text:_ZNSt3__215basic_streambufIwNS_11char_traitsIwEEE6xsgetnEPwi)
                  00011344    00000078                                   : locale.cpp.obj (.text:_ZNSt3__227__num_get_unsigned_integralItEET_PKcS3_Rji)
                  000113bc    00000078                                   : vla_alloc.c.obj (.text:__vla_dealloc)
                  00011434    00000078                                   : memory.c.obj (.text:malloc)
                  000114ac    00000076                                   : vec_newdel.c.obj (.text:_ZN34_INTERNAL_12_vec_newdel_c_8a08d4a517array_new_generalEPvijjS0_PFYS0_S0_ES2_PFYS0_jEPFYvS0_Eii)
                  00011522    00000076                                   : string.cpp.obj (.text:_ZNSt3__212basic_stringIcNS_11char_traitsIcEENS_9allocatorIcEEE6resizeEjc)
                  00011598    00000076                                   : none_mb.c.obj (.text:wcsnrtombs)
                  0001160e    00000074                                   : string.cpp.obj (.text:_ZNSt3__212basic_stringIcNS_11char_traitsIcEENS_9allocatorIcEEE6__initEPKcj)
                  00011682    00000074                                   : string.cpp.obj (.text:_ZNSt3__212basic_stringIcNS_11char_traitsIcEENS_9allocatorIcEEE6__initEPKcjj)
                  000116f6    00000074                                   : string.cpp.obj (.text:_ZNSt3__212basic_stringIcNS_11char_traitsIcEENS_9allocatorIcEEE6__initEjc)
                  0001176a    00000002                                   : div0.asm.obj (.text)
                  0001176c    00000074                                   : locale.cpp.obj (.text:_ZNSt3__215__num_get_floatIdEET_PKcS3_Rj)
                  000117e0    00000074                                   : locale.cpp.obj (.text:_ZNSt3__215__num_get_floatIeEET_PKcS3_Rj)
                  00011854    00000074                                   : ios.cpp.obj (.text:_ZNSt3__215basic_streambufIcNS_11char_traitsIcEEE6xsgetnEPci)
                  000118c8    00000074                                   : locale.cpp.obj (.text:_ZNSt3__216__check_groupingERKNS_12basic_stringIcNS_11char_traitsIcEENS_9allocatorIcEEEEPjS8_Rj)
                  0001193c    00000074                                   : locale.cpp.obj (.text:_ZNSt3__227__num_get_unsigned_integralIyEET_PKcS3_Rji)
                  000119b0    00000074                                   : fclose.c.obj (.text:__TI_closefile)
                  00011a24    00000072                                   : vec_newdel.c.obj (.text:_ZN34_INTERNAL_12_vec_newdel_c_8a08d4a520array_delete_generalEPvijjPFYS0_S0_EiPFYvS0_Eii)
                  00011a96    0000006e                                   : _printfi.c.obj (.text:_mcpy)
                  00011b04    0000006e                                   : fd_tos_t2.asm.obj (.text)
                  00011b72    0000006c                                   : locale.cpp.obj (.text:_ZNSt3__26locale5__imp7installEPNS0_5facetEl)
                  00011bde    00000002     --HOLE-- [fill = 0]
                  00011be0    00000068                                   : hostlseek.c.obj (.text:HOSTlseek)
                  00011c48    00000068                                   : hostrename.c.obj (.text:HOSTrename)
                  00011cb0    00000068                                   : locale.cpp.obj (.text:_ZNKSt3__220__time_get_c_storageIcE3__XEv)
                  00011d18    00000068                                   : locale.cpp.obj (.text:_ZNKSt3__220__time_get_c_storageIcE3__xEv)
                  00011d80    00000068                                   : locale.cpp.obj (.text:_ZNKSt3__28time_getIcNS_19istreambuf_iteratorIcNS_11char_traitsIcEEEEE13__get_percentERS4_S4_RjRKNS_5ctypeIcEE)
                  00011de8    00000068                                   : locale.cpp.obj (.text:_ZNKSt3__28time_getIwNS_19istreambuf_iteratorIwNS_11char_traitsIwEEEEE13__get_percentERS4_S4_RjRKNS_5ctypeIwEE)
                  00011e50    00000068                                   : locale.cpp.obj (.text:_ZNKSt3__28time_putIwNS_19ostreambuf_iteratorIwNS_11char_traitsIwEEEEE6do_putES4_RNS_8ios_baseEwPK2tmcc)
                  00011eb8    00000068                                   : ios.cpp.obj (.text:_ZNSt3__215basic_streambufIwNS_11char_traitsIwEEE6xsputnEPKwi)
                  00011f20    00000068                                   : locale.cpp.obj (.text:_ZNSt3__29__num_getIcE19__stage2_float_prepERNS_8ios_baseEPcRcS5_)
                  00011f88    00000068                                   : locale.cpp.obj (.text:_ZNSt3__29__num_getIwE19__stage2_float_prepERNS_8ios_baseEPwRwS5_)
                  00011ff0    00000068                                   : sscanf.c.obj (.text:_chkmbc)
                  00012058    00000068                                   : copy_decompress_lzss.c.obj (.text:decompress:lzss:__TI_decompress_lzss)
                  000120c0    00000066                                   : locale.cpp.obj (.text:_ZNKSt3__28time_putIcNS_19ostreambuf_iteratorIcNS_11char_traitsIcEEEEE6do_putES4_RNS_8ios_baseEcPK2tmcc)
                  00012126    00000002     --HOLE-- [fill = 0]
                  00012128    00000064     ISRMsgMaker.obj (.text:_ZN10RingBufferI6ISRMsgE3AddES0_)
                  0001218c    00000064     ISRMsgMaker.obj (.text:_ZN10RingBufferIcE3AddEc)
                  000121f0    00000064     rtsv7M4_T_le_v4SPD16_eabi.lib : ios.cpp.obj (.text:_ZNSt3__215basic_streambufIcNS_11char_traitsIcEEE6xsputnEPKci)
                  00012254    00000064                                   : s_frexp.c.obj (.text:frexp)
                  000122b8    00000064                                   : fseek.c.obj (.text:fseek)
                  0001231c    00000062     ISRMsgMaker.obj (.text:_ZN10RingBufferI6ISRMsgE3GetEv)
                  0001237e    00000062     rtsv7M4_T_le_v4SPD16_eabi.lib : _io_perm.c.obj (.text:__TI_wrt_ok)
                  000123e0    00000060                                   : hostopen.c.obj (.text:HOSTopen)
                  00012440    00000060                                   : autoinit.c.obj (.text:__TI_auto_init_nobinit:__TI_auto_init_nobinit)
                  000124a0    0000005e                                   : locale.cpp.obj (.text:_ZNKSt3__219istreambuf_iteratorIcNS_11char_traitsIcEEE5equalERKS3_)
                  000124fe    0000005e                                   : locale.cpp.obj (.text:_ZNKSt3__219istreambuf_iteratorIwNS_11char_traitsIwEEE5equalERKS3_)
                  0001255c    0000005e                                   : locale.cpp.obj (.text:_ZNSt3__2eqIcNS_11char_traitsIcEEEEbRKNS_19istreambuf_iteratorIT_T0_EES8_)
                  000125ba    0000005e                                   : locale.cpp.obj (.text:_ZNSt3__2neIwNS_11char_traitsIwEEEEbRKNS_19istreambuf_iteratorIT_T0_EES8_)
                  00012618    0000005c                                   : locale.cpp.obj (.text:_ZNKSt3__27collateIcE12do_transformEPKcS3_)
                  00012674    0000005c                                   : close.c.obj (.text:close)
                  000126d0    0000005a                                   : locale.cpp.obj (.text:_ZNKSt3__28time_getIwNS_19istreambuf_iteratorIwNS_11char_traitsIwEEEEE11do_get_dateES4_S4_RNS_8ios_baseERjP2tm)
                  0001272a    0000005a                                   : locale.cpp.obj (.text:_ZNKSt3__28time_getIwNS_19istreambuf_iteratorIwNS_11char_traitsIwEEEEE17__get_white_spaceERS4_S4_RjRKNS_5ctypeIwEE)
                  00012784    00000058                                   : hostread.c.obj (.text:HOSTread)
                  000127dc    00000058                                   : hostwrite.c.obj (.text:HOSTwrite)
                  00012834    00000058                                   : locale.cpp.obj (.text:_ZNKSt3__28time_getIcNS_19istreambuf_iteratorIcNS_11char_traitsIcEEEEE17__get_white_spaceERS4_S4_RjRKNS_5ctypeIcEE)
                  0001288c    00000056     ISRMsgMaker.obj (.text:_ZN10RingBufferIcE3GetEv)
                  000128e2    00000056     rtsv7M4_T_le_v4SPD16_eabi.lib : locale.cpp.obj (.text:_ZNKSt3__28time_getIcNS_19istreambuf_iteratorIcNS_11char_traitsIcEEEEE11do_get_dateES4_S4_RNS_8ios_baseERjP2tm)
                  00012938    00000056                                   : _printfi.c.obj (.text:_pconv_f)
                  0001298e    00000054                                   : ltoa.c.obj (.text:ltoa)
                  000129e2    00000052                                   : _printfi.c.obj (.text:_ecpy)
                  00012a34    00000050                                   : ios.cpp.obj (.text:_ZNSt3__213basic_ostreamIcNS_11char_traitsIcEEE5flushEv)
                  00012a84    00000050                                   : ios.cpp.obj (.text:_ZNSt3__213basic_ostreamIwNS_11char_traitsIwEEE5flushEv)
                  00012ad4    00000050                                   : none_mb.c.obj (.text:mbsnrtowcs)
                  00012b24    0000004c                                   : iostream.cpp.obj (.text:_ZNSt3__211__stdoutbufIcE4syncEv)
                  00012b70    0000004c                                   : iostream.cpp.obj (.text:_ZNSt3__211__stdoutbufIwE4syncEv)
                  00012bbc    0000004c                                   : string.cpp.obj (.text:_ZNSt3__212basic_stringIcNS_11char_traitsIcEENS_9allocatorIcEEEC1ERKS5_)
                  00012c08    0000004c                                   : string.cpp.obj (.text:_ZNSt3__212basic_stringIwNS_11char_traitsIwEENS_9allocatorIwEEEC1ERKS5_)
                  00012c54    0000004c                                   : ios.cpp.obj (.text:_ZNSt3__213basic_ostreamIcNS_11char_traitsIcEEE6sentryC1ERS3_)
                  00012ca0    0000004c                                   : ios.cpp.obj (.text:_ZNSt3__213basic_ostreamIwNS_11char_traitsIwEEE6sentryC1ERS3_)
                  00012cec    0000004c                                   : fflush.c.obj (.text:__TI_doflush)
                  00012d38    0000004c                                   : atoi.c.obj (.text:atoi)
                  00012d84    0000004c                                   : snprintf.c.obj (.text:snprintf)
                  00012dd0    0000004a                                   : locale.cpp.obj (.text:_ZNSt3__214__num_put_base12__format_intEPcPKcbj)
                  00012e1a    0000004a                                   : _io_perm.c.obj (.text:__TI_rd_ok)
                  00012e64    00000048                                   : locale.cpp.obj (.text:_ZNKSt3__27codecvtIDiciE6do_outERiPKDiS4_RS4_PcS6_RS6_)
                  00012eac    00000048                                   : locale.cpp.obj (.text:_ZNKSt3__27codecvtIDsciE6do_outERiPKDsS4_RS4_PcS6_RS6_)
                  00012ef4    00000048                                   : locale.cpp.obj (.text:_ZNKSt3__27codecvtIwciE10do_unshiftERiPcS3_RS3_)
                  00012f3c    00000048                                   : locale.cpp.obj (.text:_ZNKSt3__27codecvtIwciE9do_lengthERiPKcS4_j)
                  00012f84    00000048                                   : iostream.cpp.obj (.text:_ZNSt3__211__stdoutbufIcEC1EP7__sFILEPi)
                  00012fcc    00000048                                   : iostream.cpp.obj (.text:_ZNSt3__211__stdoutbufIwEC1EP7__sFILEPi)
                  00013014    00000048                                   : exit.c.obj (.text:exit)
                  0001305c    00000048                                   : fd_toi_t2.asm.obj (.text)
                  000130a4    00000046                                   : locale.cpp.obj (.text:_ZNKSt3__28time_getIcNS_19istreambuf_iteratorIcNS_11char_traitsIcEEEEE15__get_monthnameERiRS4_S4_RjRKNS_5ctypeIcEE)
                  000130ea    00000046                                   : locale.cpp.obj (.text:_ZNKSt3__28time_getIcNS_19istreambuf_iteratorIcNS_11char_traitsIcEEEEE17__get_weekdaynameERiRS4_S4_RjRKNS_5ctypeIcEE)
                  00013130    00000046                                   : locale.cpp.obj (.text:_ZNKSt3__28time_getIwNS_19istreambuf_iteratorIwNS_11char_traitsIwEEEEE15__get_monthnameERiRS4_S4_RjRKNS_5ctypeIwEE)
                  00013176    00000046                                   : locale.cpp.obj (.text:_ZNKSt3__28time_getIwNS_19istreambuf_iteratorIwNS_11char_traitsIwEEEEE17__get_weekdaynameERiRS4_S4_RjRKNS_5ctypeIwEE)
                  000131bc    00000046                                   : iostream.cpp.obj (.text:_ZNSt3__211__stdoutbufIcE6xsputnEPKci)
                  00013202    00000046                                   : iostream.cpp.obj (.text:_ZNSt3__211__stdoutbufIwE6xsputnEPKwi)
                  00013248    00000044                                   : hostclose.c.obj (.text:HOSTclose)
                  0001328c    00000044                                   : hostunlink.c.obj (.text:HOSTunlink)
                  000132d0    00000044                                   : dtor_list.c.obj (.text:_Z25__add_destruction_to_listPP20a_needed_destructionPFYvPvES2_S2_)
                  00013314    00000044                                   : locale.cpp.obj (.text:_ZNKSt3__210__time_put8__do_putEPcRS1_PK2tmcc)
                  00013358    00000044                                   : locale.cpp.obj (.text:_ZNKSt3__27codecvtIDiciE5do_inERiPKcS4_RS4_PDiS6_RS6_)
                  0001339c    00000044                                   : locale.cpp.obj (.text:_ZNKSt3__27codecvtIDsciE5do_inERiPKcS4_RS4_PDsS6_RS6_)
                  000133e0    00000044                                   : iostream.cpp.obj (.text:_ZNSt3__210__stdinbufIcEC1EP7__sFILEPi)
                  00013424    00000044                                   : iostream.cpp.obj (.text:_ZNSt3__210__stdinbufIwEC1EP7__sFILEPi)
                  00013468    00000044                                   : getdevice.c.obj (.text:getdevice)
                  000134ac    00000042                                   : dtor_list.c.obj (.text:_Z23__finalize_destructionsPP20a_needed_destructionPv)
                  000134ee    00000042                                   : locale.cpp.obj (.text:_ZNSt3__214__split_bufferIPNS_6locale5facetERNS_15__sso_allocatorIS3_Lj28EEEEC1EjjS6_)
                  00013530    00000040                                   : locale.cpp.obj (.text:_ZNKSt3__28time_getIcNS_19istreambuf_iteratorIcNS_11char_traitsIcEEEEE11do_get_yearES4_S4_RNS_8ios_baseERjP2tm)
                  00013570    00000040                                   : locale.cpp.obj (.text:_ZNKSt3__28time_getIcNS_19istreambuf_iteratorIcNS_11char_traitsIcEEEEE14do_get_weekdayES4_S4_RNS_8ios_baseERjP2tm)
                  000135b0    00000040                                   : locale.cpp.obj (.text:_ZNKSt3__28time_getIcNS_19istreambuf_iteratorIcNS_11char_traitsIcEEEEE16do_get_monthnameES4_S4_RNS_8ios_baseERjP2tm)
                  000135f0    00000040                                   : locale.cpp.obj (.text:_ZNKSt3__28time_getIwNS_19istreambuf_iteratorIwNS_11char_traitsIwEEEEE11do_get_timeES4_S4_RNS_8ios_baseERjP2tm)
                  00013630    00000040                                   : locale.cpp.obj (.text:_ZNKSt3__28time_getIwNS_19istreambuf_iteratorIwNS_11char_traitsIwEEEEE11do_get_yearES4_S4_RNS_8ios_baseERjP2tm)
                  00013670    00000040                                   : locale.cpp.obj (.text:_ZNKSt3__28time_getIwNS_19istreambuf_iteratorIwNS_11char_traitsIwEEEEE14do_get_weekdayES4_S4_RNS_8ios_baseERjP2tm)
                  000136b0    00000040                                   : locale.cpp.obj (.text:_ZNKSt3__28time_getIwNS_19istreambuf_iteratorIwNS_11char_traitsIwEEEEE16do_get_monthnameES4_S4_RNS_8ios_baseERjP2tm)
                  000136f0    00000040                                   : locale.cpp.obj (.text:_ZNSt3__26locale2id5__getEv)
                  00013730    00000040                                   : ios.cpp.obj (.text:_ZNSt3__28ios_base4initEPv)
                  00013770    00000040     Monitor.obj (.text:_ZNSt3__2eqIcNS_11char_traitsIcEENS_9allocatorIcEEEEbRKNS_12basic_stringIT_T0_T1_EEPKS6_)
                  000137b0    00000040     rtsv7M4_T_le_v4SPD16_eabi.lib : vsnprintf.c.obj (.text:vsnprintf)
                  000137f0    0000003e                                   : locale.cpp.obj (.text:_ZNSt3__26vectorIPNS_6locale5facetENS_15__sso_allocatorIS3_Lj28EEEE8allocateEj)
                  0001382e    0000003e                                   : _printfi.c.obj (.text:_fcpy)
                  0001386c    0000003c     ISRMsgMaker.obj (.text:_ZN10RingBufferI6ISRMsgEC1Ei)
                  000138a8    0000003c     rtsv7M4_T_le_v4SPD16_eabi.lib : iostream.cpp.obj (.text:_ZNSt3__210__stdinbufIcE5imbueERKNS_6localeE)
                  000138e4    0000003c                                   : memory.c.obj (.text:minsert)
                  00013920    0000003a     ISRMsgMaker.obj (.text:_ZN10RingBufferIcEC1Ei)
                  0001395a    0000003a     rtsv7M4_T_le_v4SPD16_eabi.lib : locale.cpp.obj (.text:_ZNKSt3__27collateIwE10do_compareEPKwS3_S3_S3_)
                  00013994    0000003a                                   : locale.cpp.obj (.text:_ZNSt3__214__num_put_base18__identify_paddingEPcS1_RKNS_8ios_baseE)
                  000139ce    00000002     --HOLE-- [fill = 0]
                  000139d0    00000038                                   : locale.cpp.obj (.text:_ZNKSt3__25ctypeIcE10do_tolowerEPcPKc)
                  00013a08    00000038                                   : locale.cpp.obj (.text:_ZNKSt3__25ctypeIcE10do_toupperEPcPKc)
                  00013a40    00000038                                   : locale.cpp.obj (.text:_ZNKSt3__25ctypeIwE10do_tolowerEPwPKw)
                  00013a78    00000038                                   : locale.cpp.obj (.text:_ZNKSt3__25ctypeIwE10do_toupperEPwPKw)
                  00013ab0    00000038                                   : locale.cpp.obj (.text:_ZNKSt3__27collateIcE10do_compareEPKcS3_S3_S3_)
                  00013ae8    00000038                                   : locale.cpp.obj (.text:_ZNKSt3__28time_getIcNS_19istreambuf_iteratorIcNS_11char_traitsIcEEEEE10__get_yearERiRS4_S4_RjRKNS_5ctypeIcEE)
                  00013b20    00000038                                   : locale.cpp.obj (.text:_ZNKSt3__28time_getIwNS_19istreambuf_iteratorIwNS_11char_traitsIwEEEEE10__get_yearERiRS4_S4_RjRKNS_5ctypeIwEE)
                  00013b58    00000038                                   : ios.cpp.obj (.text:_ZNKSt3__29basic_iosIcNS_11char_traitsIcEEE4fillEv)
                  00013b90    00000038                                   : iostream.cpp.obj (.text:_ZNSt3__210__stdinbufIwE5imbueERKNS_6localeE)
                  00013bc8    00000038                                   : locale.cpp.obj (.text:_ZNSt3__26__clocEv)
                  00013c00    00000038                                   : ios.cpp.obj (.text:_ZNSt3__28ios_baseD1Ev)
                  00013c38    00000038                                   : locale.cpp.obj (.text:_ZNSt3__28numpunctIcEC1Ej)
                  00013c70    00000038                                   : locale.cpp.obj (.text:_ZNSt3__28numpunctIwEC1Ej)
                  00013ca8    00000038                                   : trgmsg.c.obj (.text:__TI_writemsg)
                  00013ce0    00000038                                   : boot_cortex_m.c.obj (.text:_c_int00_noargs:_c_int00_noargs)
                  00013d18    00000038                                   : memory.c.obj (.text:minit)
                  00013d50    00000038                                   : sscanf.c.obj (.text:sscanf)
                  00013d88    00000036                                   : strncpy.c.obj (.text:strncpy)
                  00013dbe    00000036                                   : vasprintf.c.obj (.text:vasprintf)
                  00013df4    00000034     GlobalConfig.obj (.text)
                  00013e28    00000034     rtsv7M4_T_le_v4SPD16_eabi.lib : locale.cpp.obj (.text:_ZNKSt3__28time_getIcNS_19istreambuf_iteratorIcNS_11char_traitsIcEEEEE11do_get_timeES4_S4_RNS_8ios_baseERjP2tm)
                  00013e5c    00000034                                   : fopen.c.obj (.text:__TI_cleanup)
                  00013e90    00000034                                   : trgmsg.c.obj (.text:__TI_readmsg)
                  00013ec4    00000034                                   : dtor_list.c.obj (.text:__aeabi_atexit)
                  00013ef8    00000032                                   : locale.cpp.obj (.text:_ZNKSt3__27collateIwE7do_hashEPKwS3_)
                  00013f2a    00000032                                   : locale.cpp.obj (.text:_ZNKSt3__28time_getIcNS_19istreambuf_iteratorIcNS_11char_traitsIcEEEEE13__get_12_hourERiRS4_S4_RjRKNS_5ctypeIcEE)
                  00013f5c    00000032                                   : locale.cpp.obj (.text:_ZNKSt3__28time_getIcNS_19istreambuf_iteratorIcNS_11char_traitsIcEEEEE9__get_dayERiRS4_S4_RjRKNS_5ctypeIcEE)
                  00013f8e    00000032                                   : locale.cpp.obj (.text:_ZNKSt3__28time_getIwNS_19istreambuf_iteratorIwNS_11char_traitsIwEEEEE13__get_12_hourERiRS4_S4_RjRKNS_5ctypeIwEE)
                  00013fc0    00000032                                   : locale.cpp.obj (.text:_ZNKSt3__28time_getIwNS_19istreambuf_iteratorIwNS_11char_traitsIwEEEEE9__get_dayERiRS4_S4_RjRKNS_5ctypeIwEE)
                  00013ff2    00000030                                   : locale.cpp.obj (.text:_ZNKSt3__27collateIcE7do_hashEPKcS3_)
                  00014022    00000030                                   : locale.cpp.obj (.text:_ZNKSt3__28time_getIcNS_19istreambuf_iteratorIcNS_11char_traitsIcEEEEE11__get_monthERiRS4_S4_RjRKNS_5ctypeIcEE)
                  00014052    00000030                                   : locale.cpp.obj (.text:_ZNKSt3__28time_getIcNS_19istreambuf_iteratorIcNS_11char_traitsIcEEEEE18__get_day_year_numERiRS4_S4_RjRKNS_5ctypeIcEE)
                  00014082    00000030                                   : locale.cpp.obj (.text:_ZNKSt3__28time_getIwNS_19istreambuf_iteratorIwNS_11char_traitsIwEEEEE11__get_monthERiRS4_S4_RjRKNS_5ctypeIwEE)
                  000140b2    00000030                                   : locale.cpp.obj (.text:_ZNKSt3__28time_getIwNS_19istreambuf_iteratorIwNS_11char_traitsIwEEEEE18__get_day_year_numERiRS4_S4_RjRKNS_5ctypeIwEE)
                  000140e2    00000030                                   : locale.cpp.obj (.text:_ZNSt3__219ostreambuf_iteratorIcNS_11char_traitsIcEEEaSEc)
                  00014112    00000030                                   : locale.cpp.obj (.text:_ZNSt3__219ostreambuf_iteratorIwNS_11char_traitsIwEEEaSEw)
                  00014142    00000002     --HOLE-- [fill = 0]
                  00014144    00000030                                   : locale.cpp.obj (.text:_ZNSt3__26locale8__globalEv)
                  00014174    00000030                                   : iostream.cpp.obj (.text:_ZNSt3__28ios_base4InitD1Ev)
                  000141a4    00000030                                   : snprintf.c.obj (.text:_outs)
                  000141d4    00000030                                   : vsnprintf.c.obj (.text:_outs)
                  00014204    00000030                                   : getdevice.c.obj (.text:finddevice)
                  00014234    0000002e                                   : locale.cpp.obj (.text:_ZNKSt3__25ctypeIwE5do_isEPKwS3_Ph)
                  00014262    0000002e                                   : locale.cpp.obj (.text:_ZNKSt3__27codecvtIwciE11do_encodingEv)
                  00014290    0000002e                                   : locale.cpp.obj (.text:_ZNKSt3__28time_getIcNS_19istreambuf_iteratorIcNS_11char_traitsIcEEEEE10__get_hourERiRS4_S4_RjRKNS_5ctypeIcEE)
                  000142be    0000002e                                   : locale.cpp.obj (.text:_ZNKSt3__28time_getIcNS_19istreambuf_iteratorIcNS_11char_traitsIcEEEEE12__get_minuteERiRS4_S4_RjRKNS_5ctypeIcEE)
                  000142ec    0000002e                                   : locale.cpp.obj (.text:_ZNKSt3__28time_getIcNS_19istreambuf_iteratorIcNS_11char_traitsIcEEEEE12__get_secondERiRS4_S4_RjRKNS_5ctypeIcEE)
                  0001431a    0000002e                                   : locale.cpp.obj (.text:_ZNKSt3__28time_getIcNS_19istreambuf_iteratorIcNS_11char_traitsIcEEEEE13__get_weekdayERiRS4_S4_RjRKNS_5ctypeIcEE)
                  00014348    0000002e                                   : locale.cpp.obj (.text:_ZNKSt3__28time_getIwNS_19istreambuf_iteratorIwNS_11char_traitsIwEEEEE10__get_hourERiRS4_S4_RjRKNS_5ctypeIwEE)
                  00014376    0000002e                                   : locale.cpp.obj (.text:_ZNKSt3__28time_getIwNS_19istreambuf_iteratorIwNS_11char_traitsIwEEEEE12__get_minuteERiRS4_S4_RjRKNS_5ctypeIwEE)
                  000143a4    0000002e                                   : locale.cpp.obj (.text:_ZNKSt3__28time_getIwNS_19istreambuf_iteratorIwNS_11char_traitsIwEEEEE12__get_secondERiRS4_S4_RjRKNS_5ctypeIwEE)
                  000143d2    0000002e                                   : locale.cpp.obj (.text:_ZNKSt3__28time_getIwNS_19istreambuf_iteratorIwNS_11char_traitsIwEEEEE13__get_weekdayERiRS4_S4_RjRKNS_5ctypeIwEE)
                  00014400    0000002e                                   : locale.cpp.obj (.text:_ZNSt3__214__split_bufferIPNS_6locale5facetERNS_15__sso_allocatorIS3_Lj28EEEED1Ev)
                  0001442e    0000002e                                   : none_mb.c.obj (.text:mbtowc)
                  0001445c    0000002e                                   : i_tofd_t2.asm.obj (.text)
                  0001448a    0000002c     ISRMsgMaker.obj (.text:_ZNSt3__210unique_ptrI10RingBufferI6ISRMsgENS_14default_deleteIS3_EEE5resetEPS3_)
                  000144b6    0000002c     ISRMsgMaker.obj (.text:_ZNSt3__210unique_ptrI10RingBufferIcENS_14default_deleteIS2_EEE5resetEPS2_)
                  000144e2    0000002c     ISRMsgMaker.obj (.text:_ZNSt3__210unique_ptrIA_6ISRMsgNS_14default_deleteIS2_EEE5resetEDn)
                  0001450e    0000002c     ISRMsgMaker.obj (.text:_ZNSt3__210unique_ptrIA_cNS_14default_deleteIS1_EEE5resetEDn)
                  0001453a    00000002     --HOLE-- [fill = 0]
                  0001453c    0000002c     rtsv7M4_T_le_v4SPD16_eabi.lib : iostream.cpp.obj (.text:_ZNSt3__211__stdoutbufIcE5imbueERKNS_6localeE)
                  00014568    0000002c                                   : iostream.cpp.obj (.text:_ZNSt3__211__stdoutbufIwE5imbueERKNS_6localeE)
                  00014594    0000002c                                   : string.cpp.obj (.text:_ZNSt3__212basic_stringIcNS_11char_traitsIcEENS_9allocatorIcEEE6appendERKS5_)
                  000145c0    0000002c                                   : locale.cpp.obj (.text:_ZNSt3__26locale7classicEv)
                  000145ec    0000002c                                   : unlink.c.obj (.text:unlink)
                  00014618    0000002a                                   : locale.cpp.obj (.text:_ZNKSt3__25ctypeIwE10do_scan_isEhPKwS3_)
                  00014642    0000002a                                   : locale.cpp.obj (.text:_ZNKSt3__25ctypeIwE11do_scan_notEhPKwS3_)
                  0001466c    0000002a                                   : ios.cpp.obj (.text:_ZNSt3__215basic_streambufIcNS_11char_traitsIcEEE7seekposENS_4fposIiEEj)
                  00014696    0000002a                                   : ios.cpp.obj (.text:_ZNSt3__215basic_streambufIwNS_11char_traitsIwEEE7seekposENS_4fposIiEEj)
                  000146c0    00000028                                   : lseek.c.obj (.text:lseek)
                  000146e8    00000028                                   : memory.c.obj (.text:mremove)
                  00014710    00000028                                   : read.c.obj (.text:read)
                  00014738    00000028                                   : write.c.obj (.text:write)
                  00014760    00000026                                   : locale.cpp.obj (.text:_ZNKSt3__28numpunctIcE12do_falsenameEv)
                  00014786    00000026                                   : locale.cpp.obj (.text:_ZNKSt3__28time_getIcNS_19istreambuf_iteratorIcNS_11char_traitsIcEEEEE11__get_year4ERiRS4_S4_RjRKNS_5ctypeIcEE)
                  000147ac    00000026                                   : locale.cpp.obj (.text:_ZNKSt3__28time_getIwNS_19istreambuf_iteratorIwNS_11char_traitsIwEEEEE11__get_year4ERiRS4_S4_RjRKNS_5ctypeIwEE)
                  000147d2    00000026     ComandCenter.obj (.text:_ZNSt3__211char_traitsIcE6assignEPcjc)
                  000147f8    00000026     rtsv7M4_T_le_v4SPD16_eabi.lib : string.cpp.obj (.text:_ZNSt3__212basic_stringIcNS_11char_traitsIcEENS_9allocatorIcEEEixEj)
                  0001481e    00000026     ComandCenter.obj (.text:_ZNSt3__219ostreambuf_iteratorIcNS_11char_traitsIcEEEC1ERNS_13basic_ostreamIcS2_EE)
                  00014844    00000026     rtsv7M4_T_le_v4SPD16_eabi.lib : ios.cpp.obj (.text:_ZNSt3__28ios_base16__call_callbacksENS0_5eventE)
                  0001486a    00000026                                   : none_mb.c.obj (.text:mbrtowc)
                  00014890    00000024                                   : locale.cpp.obj (.text:_ZNKSt3__25ctypeIcE10do_tolowerEc)
                  000148b4    00000024                                   : locale.cpp.obj (.text:_ZNKSt3__25ctypeIcE10do_toupperEc)
                  000148d8    00000024                                   : locale.cpp.obj (.text:_ZNKSt3__25ctypeIwE10do_tolowerEw)
                  000148fc    00000024                                   : locale.cpp.obj (.text:_ZNKSt3__25ctypeIwE9do_narrowEPKwS3_cPc)
                  00014920    00000024                                   : string.cpp.obj (.text:_ZNSt3__212basic_stringIcNS_11char_traitsIcEENS_9allocatorIcEEEC1EOS5_)
                  00014944    00000024                                   : ios.cpp.obj (.text:_ZNSt3__215basic_streambufIcNS_11char_traitsIcEEE5uflowEv)
                  00014968    00000024                                   : ios.cpp.obj (.text:_ZNSt3__215basic_streambufIcNS_11char_traitsIcEEEC1Ev)
                  0001498c    00000024                                   : ios.cpp.obj (.text:_ZNSt3__215basic_streambufIwNS_11char_traitsIwEEE5uflowEv)
                  000149b0    00000024                                   : ios.cpp.obj (.text:_ZNSt3__215basic_streambufIwNS_11char_traitsIwEEEC1Ev)
                  000149d4    00000024                                   : locale.cpp.obj (.text:_ZNSt3__25ctypeIcEC1EPKhbj)
                  000149f8    00000024                                   : locale.cpp.obj (.text:_ZNSt3__26vectorIPNS_6locale5facetENS_15__sso_allocatorIS3_Lj28EEEEC1Ej)
                  00014a1c    00000024                                   : locale.cpp.obj (.text:_ZNSt3__27codecvtIwciED1Ev)
                  00014a40    00000024                                   : vec_newdel.c.obj (.text:__cxa_vec_ctor)
                  00014a64    00000024                                   : memcmp.c.obj (.text:memcmp)
                  00014a88    00000024                                   : memmov.c.obj (.text:memmove)
                  00014aac    00000022     Monitor.obj (.text:_ZN10RingBufferIcE5ResetEv)
                  00014ace    00000022     rtsv7M4_T_le_v4SPD16_eabi.lib : locale.cpp.obj (.text:_ZNKSt3__25ctypeIcE9do_narrowEPKcS3_cPc)
                  00014af0    00000022                                   : locale.cpp.obj (.text:_ZNKSt3__25ctypeIwE10do_toupperEw)
                  00014b12    00000022                                   : locale.cpp.obj (.text:_ZNSt3__214__num_get_base10__get_baseERNS_8ios_baseE)
                  00014b34    00000022                                   : new.cpp.obj (.text:_Znwj)
                  00014b56    00000002     --HOLE-- [fill = 0]
                  00014b58    00000021                                   : locale.cpp.obj (.text:_ZNKSt3__28numpunctIcE11do_truenameEv)
                  00014b79    00000001     --HOLE-- [fill = 0]
                  00014b7a    00000020                                   : iostream.cpp.obj (.text:_ZNKSt3__27codecvtIcciE3outERiPKcS4_RS4_PcS6_RS6_)
                  00014b9a    00000020                                   : iostream.cpp.obj (.text:_ZNKSt3__27codecvtIwciE3outERiPKwS4_RS4_PcS6_RS6_)
                  00014bba    00000020                                   : string.cpp.obj (.text:_ZNSt3__212basic_stringIcNS_11char_traitsIcEENS_9allocatorIcEEED1Ev)
                  00014bda    00000020                                   : string.cpp.obj (.text:_ZNSt3__212basic_stringIwNS_11char_traitsIwEENS_9allocatorIwEEED1Ev)
                  00014bfa    00000020                                   : locale.cpp.obj (.text:_ZNSt3__217__call_once_proxyINS_5tupleIJONS_34_GLOBAL__N__10_locale_cpp_a718320311__fake_bindEEEEEEvPv)
                  00014c1a    00000020                                   : locale.cpp.obj (.text:_ZNSt3__219istreambuf_iteratorIcNS_11char_traitsIcEEEppEv)
                  00014c3a    00000020                                   : locale.cpp.obj (.text:_ZNSt3__219istreambuf_iteratorIwNS_11char_traitsIwEEEppEv)
                  00014c5a    00000020     ComandCenter.obj (.text:_ZNSt3__2lsIcNS_11char_traitsIcEENS_9allocatorIcEEEERNS_13basic_ostreamIT_T0_EES9_RKNS_12basic_stringIS6_S7_T1_EE)
                  00014c7a    00000002     --HOLE-- [fill = 0]
                  00014c7c    00000020     rtsv7M4_T_le_v4SPD16_eabi.lib : iostream.cpp.obj (.text:__sti___12_iostream_cpp_d173592a__prio101)
                  00014c9c    00000020                                   : wctype.c.obj (.text:iswlower)
                  00014cbc    00000020                                   : memchr.c.obj (.text:memchr)
                  00014cdc    00000020                                   : sscanf.c.obj (.text:vsscanf)
                  00014cfc    00000020                                   : none_mb.c.obj (.text:wcrtomb)
                  00014d1c    0000001e                                   : locale.cpp.obj (.text:_ZNKSt3__210moneypunctIcLb0EE13do_neg_formatEv)
                  00014d3a    0000001e                                   : locale.cpp.obj (.text:_ZNKSt3__210moneypunctIcLb0EE13do_pos_formatEv)
                  00014d58    0000001e                                   : locale.cpp.obj (.text:_ZNKSt3__210moneypunctIcLb0EE16do_negative_signEv)
                  00014d76    0000001e                                   : locale.cpp.obj (.text:_ZNKSt3__210moneypunctIcLb1EE13do_neg_formatEv)
                  00014d94    0000001e                                   : locale.cpp.obj (.text:_ZNKSt3__210moneypunctIcLb1EE13do_pos_formatEv)
                  00014db2    0000001e                                   : locale.cpp.obj (.text:_ZNKSt3__210moneypunctIcLb1EE16do_negative_signEv)
                  00014dd0    0000001e                                   : locale.cpp.obj (.text:_ZNKSt3__210moneypunctIwLb0EE13do_neg_formatEv)
                  00014dee    0000001e                                   : locale.cpp.obj (.text:_ZNKSt3__210moneypunctIwLb0EE13do_pos_formatEv)
                  00014e0c    0000001e                                   : locale.cpp.obj (.text:_ZNKSt3__210moneypunctIwLb0EE16do_negative_signEv)
                  00014e2a    0000001e                                   : locale.cpp.obj (.text:_ZNKSt3__210moneypunctIwLb1EE13do_neg_formatEv)
                  00014e48    0000001e                                   : locale.cpp.obj (.text:_ZNKSt3__210moneypunctIwLb1EE13do_pos_formatEv)
                  00014e66    0000001e                                   : locale.cpp.obj (.text:_ZNKSt3__210moneypunctIwLb1EE16do_negative_signEv)
                  00014e84    0000001e                                   : string.cpp.obj (.text:_ZNSt3__212basic_stringIcNS_11char_traitsIcEENS_9allocatorIcEEEC1EPKc)
                  00014ea2    0000001e                                   : string.cpp.obj (.text:_ZNSt3__212basic_stringIcNS_11char_traitsIcEENS_9allocatorIcEEEC1Ev)
                  00014ec0    0000001e                                   : string.cpp.obj (.text:_ZNSt3__212basic_stringIwNS_11char_traitsIwEENS_9allocatorIwEEEC1Ev)
                  00014ede    0000001e                                   : ios.cpp.obj (.text:_ZNSt3__215basic_streambufIcNS_11char_traitsIcEEE7seekoffExNS_8ios_base7seekdirEj)
                  00014efc    0000001e                                   : ios.cpp.obj (.text:_ZNSt3__215basic_streambufIwNS_11char_traitsIwEEE7seekoffExNS_8ios_base7seekdirEj)
                  00014f1a    0000001e     Monitor.obj (.text:_ZNSt3__2neIcNS_11char_traitsIcEENS_9allocatorIcEEEEbRKNS_12basic_stringIT_T0_T1_EEPKS6_)
                  00014f38    0000001e     ComandCenter.obj (.text:_ZNSt3__2plIcNS_11char_traitsIcEENS_9allocatorIcEEEENS_12basic_stringIT_T0_T1_EEOS9_PKS6_)
                  00014f56    0000001e     ComandCenter.obj (.text:_ZNSt3__2plIcNS_11char_traitsIcEENS_9allocatorIcEEEENS_12basic_stringIT_T0_T1_EEOS9_RKS9_)
                  00014f74    0000001c     rtsv7M4_T_le_v4SPD16_eabi.lib : locale.cpp.obj (.text:_ZNKSt3__210moneypunctIcLb0EE11do_groupingEv)
                  00014f90    0000001c                                   : locale.cpp.obj (.text:_ZNKSt3__210moneypunctIcLb0EE14do_curr_symbolEv)
                  00014fac    0000001c                                   : locale.cpp.obj (.text:_ZNKSt3__210moneypunctIcLb0EE16do_positive_signEv)
                  00014fc8    0000001c                                   : locale.cpp.obj (.text:_ZNKSt3__210moneypunctIcLb1EE11do_groupingEv)
                  00014fe4    0000001c                                   : locale.cpp.obj (.text:_ZNKSt3__210moneypunctIcLb1EE14do_curr_symbolEv)
                  00015000    0000001c                                   : locale.cpp.obj (.text:_ZNKSt3__210moneypunctIcLb1EE16do_positive_signEv)
                  0001501c    0000001c                                   : locale.cpp.obj (.text:_ZNKSt3__210moneypunctIwLb0EE11do_groupingEv)
                  00015038    0000001c                                   : locale.cpp.obj (.text:_ZNKSt3__210moneypunctIwLb0EE14do_curr_symbolEv)
                  00015054    0000001c                                   : locale.cpp.obj (.text:_ZNKSt3__210moneypunctIwLb0EE16do_positive_signEv)
                  00015070    0000001c                                   : locale.cpp.obj (.text:_ZNKSt3__210moneypunctIwLb1EE11do_groupingEv)
                  0001508c    0000001c                                   : locale.cpp.obj (.text:_ZNKSt3__210moneypunctIwLb1EE14do_curr_symbolEv)
                  000150a8    0000001c                                   : locale.cpp.obj (.text:_ZNKSt3__210moneypunctIwLb1EE16do_positive_signEv)
                  000150c4    0000001c                                   : locale.cpp.obj (.text:_ZNKSt3__25ctypeIwE5do_isEhw)
                  000150e0    0000001c     ComandCenter.obj (.text:_ZNSt3__211char_traitsIcE4copyEPcPKcj)
                  000150fc    0000001c     ComandCenter.obj (.text:_ZNSt3__211char_traitsIcE7compareEPKcS3_j)
                  00015118    0000001c     rtsv7M4_T_le_v4SPD16_eabi.lib : ios.cpp.obj (.text:_ZNSt3__213basic_istreamIcNS_11char_traitsIcEEED1Ev)
                  00015134    0000001c                                   : ios.cpp.obj (.text:_ZNSt3__213basic_istreamIwNS_11char_traitsIwEEED1Ev)
                  00015150    0000001c                                   : ios.cpp.obj (.text:_ZNSt3__213basic_ostreamIcNS_11char_traitsIcEEED1Ev)
                  0001516c    0000001c                                   : ios.cpp.obj (.text:_ZNSt3__213basic_ostreamIwNS_11char_traitsIwEEED1Ev)
                  00015188    0000001c                                   : locale.cpp.obj (.text:_ZNSt3__26locale5__imp12make_classicEv)
                  000151a4    0000001c                                   : locale.cpp.obj (.text:_ZNSt3__27codecvtIwciEC1Ej)
                  000151c0    0000001c                                   : vec_newdel.c.obj (.text:__cxa_vec_dtor)
                  000151dc    0000001c                                   : memccpy.c.obj (.text:memccpy)
                  000151f8    0000001c                                   : locale_stdio.c.obj (.text:snprintf_l)
                  00015214    0000001a     ISRMsgMaker.obj (.text:_ZNKSt3__214default_deleteI10RingBufferI6ISRMsgEEclEPS3_)
                  0001522e    0000001a     ISRMsgMaker.obj (.text:_ZNKSt3__214default_deleteI10RingBufferIcEEclEPS2_)
                  00015248    0000001a     ComandCenter.obj (.text:_ZNKSt3__25ctypeIcE5widenEc)
                  00015262    0000001a     rtsv7M4_T_le_v4SPD16_eabi.lib : locale.cpp.obj (.text:_ZNSt3__214__shared_count16__release_sharedEv)
                  0001527c    0000001a     ComandCenter.obj (.text:_ZNSt3__28ios_base5widthEi)
                  00015296    0000001a     rtsv7M4_T_le_v4SPD16_eabi.lib : locale.cpp.obj (.text:_ZNSt3__28numpunctIcED1Ev)
                  000152b0    0000001a                                   : locale.cpp.obj (.text:_ZNSt3__28numpunctIwED1Ev)
                  000152ca    0000001a                                   : locale.cpp.obj (.text:_ZNSt3__28time_putIcNS_19ostreambuf_iteratorIcNS_11char_traitsIcEEEEED0Ev)
                  000152e4    0000001a                                   : locale.cpp.obj (.text:_ZNSt3__28time_putIwNS_19ostreambuf_iteratorIwNS_11char_traitsIwEEEEED0Ev)
                  000152fe    0000001a                                   : asprintf.c.obj (.text:asprintf_l)
                  00015318    0000001a                                   : locale_stdio.c.obj (.text:sscanf_l)
                  00015332    00000002     --HOLE-- [fill = 0]
                  00015334    00000018                                   : locale.cpp.obj (.text:$P$F1)
                  0001534c    00000018     Glue.obj (.text)
                  00015364    00000018     TimeHandler.obj (.text:_ZN11TimeHandlerC1Ev)
                  0001537c    00000018     rtsv7M4_T_le_v4SPD16_eabi.lib : locale.cpp.obj (.text:_ZNKSt3__25ctypeIcE8do_widenEPKcS3_Pc)
                  00015394    00000018                                   : locale.cpp.obj (.text:_ZNKSt3__25ctypeIwE8do_widenEPKcS3_Pw)
                  000153ac    00000018                                   : locale.cpp.obj (.text:_ZNKSt3__27codecvtIDiciE9do_lengthERiPKcS4_j)
                  000153c4    00000018                                   : locale.cpp.obj (.text:_ZNKSt3__27codecvtIDsciE9do_lengthERiPKcS4_j)
                  000153dc    00000018                                   : locale.cpp.obj (.text:_ZNSt3__210__time_putD1Ev)
                  000153f4    00000018     ISRMsgMaker.obj (.text:_ZNSt3__210unique_ptrI10RingBufferI6ISRMsgENS_14default_deleteIS3_EEEC1ILb1EvEEv)
                  0001540c    00000018     ISRMsgMaker.obj (.text:_ZNSt3__210unique_ptrI10RingBufferIcENS_14default_deleteIS2_EEEC1ILb1EvEEv)
                  00015424    00000018     rtsv7M4_T_le_v4SPD16_eabi.lib : mutex.cpp.obj (.text:_ZNSt3__211__call_onceERVmPvPFvS2_E)
                  0001543c    00000018                                   : string.cpp.obj (.text:_ZNSt3__212basic_stringIcNS_11char_traitsIcEENS_9allocatorIcEEE6appendEPKc)
                  00015454    00000018                                   : string.cpp.obj (.text:_ZNSt3__212basic_stringIcNS_11char_traitsIcEENS_9allocatorIcEEE6assignEPKc)
                  0001546c    00000018                                   : string.cpp.obj (.text:_ZNSt3__212basic_stringIcNS_11char_traitsIcEENS_9allocatorIcEEEC1Ejc)
                  00015484    00000018                                   : string.cpp.obj (.text:_ZNSt3__212basic_stringIwNS_11char_traitsIwEENS_9allocatorIwEEE6assignEPKw)
                  0001549c    00000018     ISRMsgMaker.obj (.text:_ZNSt3__217__compressed_pairIP6ISRMsgNS_14default_deleteIA_S1_EEEC1IRS2_Lb1EEEOT_)
                  000154b4    00000018     ISRMsgMaker.obj (.text:_ZNSt3__217__compressed_pairIPcNS_14default_deleteIA_cEEEC1IRS1_Lb1EEEOT_)
                  000154cc    00000018     rtsv7M4_T_le_v4SPD16_eabi.lib : locale.cpp.obj (.text:_ZNSt3__25ctypeIcED1Ev)
                  000154e4    00000018                                   : locale.cpp.obj (.text:_ZNSt3__26locale5__imp11make_globalEv)
                  000154fc    00000018                                   : locale.cpp.obj (.text:_ZNSt3__26localeD1Ev)
                  00015514    00000018                                   : locale.cpp.obj (.text:_ZNSt3__26vectorIPNS_6locale5facetENS_15__sso_allocatorIS3_Lj28EEEE18__construct_at_endEj)
                  0001552c    00000018     ComandCenter.obj (.text:_ZNSt3__2lsINS_11char_traitsIcEEEERNS_13basic_ostreamIcT_EES6_PKc)
                  00015544    00000018     rtsv7M4_T_le_v4SPD16_eabi.lib : snprintf.c.obj (.text:_outc)
                  0001555c    00000018                                   : vsnprintf.c.obj (.text:_outc)
                  00015574    00000018                                   : ll_mul_t2.asm.obj (.text)
                  0001558c    00000018                                   : strcmp.c.obj (.text:strcmp)
[...]
20010000  __STACK_END                                                                                                                                                                              
20010000  _sys_memory                                                                                                                                                                              
20020148  _ZNSt3__24coutE                                                                                                                                                                          
2002019c  _ZNSt3__25wcoutE                                                                                                                                                                         
200201f0  _ZNSt3__24cerrE                                                                                                                                                                          
20020244  _ZNSt3__25wcerrE                                                                                                                                                                         
20020298  _ZNSt3__24clogE                                                                                                                                                                          
200202ec  _ZNSt3__25wclogE                                                                                                                                                                         
20020340  _ZNSt3__23cinE                                                                                                                                                                           
20020398  _ZNSt3__24wcinE                                                                                                                                                                          
200203f0  __CIOBUF_                                                                                                                                                                                
20020510  _ZZNSt3__234_GLOBAL__N__10_locale_cpp_a71832034makeINS_6locale5__impEjEERT_T0_E3buf                                                                                                      
200205b0  __TI_tmpnams                                                                                                                                                                             
2002093c  _ZN13CommandCenter22CommandCenterInstance_E                                                                                                                                              
20020940  _ZZNSt3__234_GLOBAL__N__10_locale_cpp_a71832034makeINS_8numpunctIcEEjEERT_T0_E3buf                                                                                                       
20020958  _ZZNSt3__234_GLOBAL__N__10_locale_cpp_a71832034makeINS_8numpunctIwEEjEERT_T0_E3buf                                                                                                       
20020970  _ZZNSt3__234_GLOBAL__N__10_locale_cpp_a71832034makeINS_5ctypeIcEEDnbjEERT_T0_T1_T2_E3buf                                                                                                 
20020980  _ZZNSt3__234_GLOBAL__N__10_locale_cpp_a71832034makeINS_7codecvtIwciEEjEERT_T0_E3buf                                                                                                      
20020990  _ZZNSt3__234_GLOBAL__N__10_locale_cpp_a71832034makeINS_8time_getIcNS_19istreambuf_iteratorIcNS_11char_traitsIcEEEEEEjEERT_T0_E3buf                                                       
200209a0  _ZZNSt3__234_GLOBAL__N__10_locale_cpp_a71832034makeINS_8time_getIwNS_19istreambuf_iteratorIwNS_11char_traitsIwEEEEEEjEERT_T0_E3buf                                                       
200209b0  _ZZNSt3__234_GLOBAL__N__10_locale_cpp_a71832034makeINS_8time_putIcNS_19ostreambuf_iteratorIcNS_11char_traitsIcEEEEEEjEERT_T0_E3buf                                                       
200209c0  _ZZNSt3__234_GLOBAL__N__10_locale_cpp_a71832034makeINS_8time_putIwNS_19ostreambuf_iteratorIwNS_11char_traitsIwEEEEEEjEERT_T0_E3buf                                                       
20020a30  _ZZNSt3__234_GLOBAL__N__10_locale_cpp_a71832034makeINS_10moneypunctIcLb0EEEjEERT_T0_E3buf                                                                                                
20020a38  _ZZNSt3__234_GLOBAL__N__10_locale_cpp_a71832034makeINS_10moneypunctIcLb1EEEjEERT_T0_E3buf                                                                                                
20020a40  _ZZNSt3__234_GLOBAL__N__10_locale_cpp_a71832034makeINS_10moneypunctIwLb0EEEjEERT_T0_E3buf                                                                                                
20020a48  _ZZNSt3__234_GLOBAL__N__10_locale_cpp_a71832034makeINS_10moneypunctIwLb1EEEjEERT_T0_E3buf                                                                                                
20020a50  _ZZNSt3__234_GLOBAL__N__10_locale_cpp_a71832034makeINS_5ctypeIwEEjEERT_T0_E3buf                                                                                                          
20020a58  _ZZNSt3__234_GLOBAL__N__10_locale_cpp_a71832034makeINS_7codecvtIDiciEEjEERT_T0_E3buf                                                                                                     
20020a60  _ZZNSt3__234_GLOBAL__N__10_locale_cpp_a71832034makeINS_7codecvtIDsciEEjEERT_T0_E3buf                                                                                                     
20020a68  _ZZNSt3__234_GLOBAL__N__10_locale_cpp_a71832034makeINS_7codecvtIcciEEjEERT_T0_E3buf                                                                                                      
20020a70  _ZZNSt3__234_GLOBAL__N__10_locale_cpp_a71832034makeINS_7collateIcEEjEERT_T0_E3buf                                                                                                        
20020a78  _ZZNSt3__234_GLOBAL__N__10_locale_cpp_a71832034makeINS_7collateIwEEjEERT_T0_E3buf                                                                                                        
20020a80  _ZZNSt3__234_GLOBAL__N__10_locale_cpp_a71832034makeINS_7num_getIcNS_19istreambuf_iteratorIcNS_11char_traitsIcEEEEEEjEERT_T0_E3buf                                                        
20020a88  _ZZNSt3__234_GLOBAL__N__10_locale_cpp_a71832034makeINS_7num_getIwNS_19istreambuf_iteratorIwNS_11char_traitsIwEEEEEEjEERT_T0_E3buf                                                        
20020a90  _ZZNSt3__234_GLOBAL__N__10_locale_cpp_a71832034makeINS_7num_putIcNS_19ostreambuf_iteratorIcNS_11char_traitsIcEEEEEEjEERT_T0_E3buf                                                        
20020a98  _ZZNSt3__234_GLOBAL__N__10_locale_cpp_a71832034makeINS_7num_putIwNS_19ostreambuf_iteratorIwNS_11char_traitsIwEEEEEEjEERT_T0_E3buf                                                        
20020aa0  _ZZNSt3__234_GLOBAL__N__10_locale_cpp_a71832034makeINS_8messagesIcEEjEERT_T0_E3buf                                                                                                       
20020aa8  _ZZNSt3__234_GLOBAL__N__10_locale_cpp_a71832034makeINS_8messagesIwEEjEERT_T0_E3buf                                                                                                       
20020ab0  _ZZNSt3__234_GLOBAL__N__10_locale_cpp_a71832034makeINS_9money_getIcNS_19istreambuf_iteratorIcNS_11char_traitsIcEEEEEEjEERT_T0_E3buf                                                      
20020ab8  _ZZNSt3__234_GLOBAL__N__10_locale_cpp_a71832034makeINS_9money_getIwNS_19istreambuf_iteratorIwNS_11char_traitsIwEEEEEEjEERT_T0_E3buf                                                      
20020ac0  _ZZNSt3__234_GLOBAL__N__10_locale_cpp_a71832034makeINS_9money_putIcNS_19ostreambuf_iteratorIcNS_11char_traitsIcEEEEEEjEERT_T0_E3buf                                                      
20020ac8  _ZZNSt3__234_GLOBAL__N__10_locale_cpp_a71832034makeINS_9money_putIwNS_19ostreambuf_iteratorIwNS_11char_traitsIwEEEEEEjEERT_T0_E3buf                                                      
20020ad0  parmbuf                                                                                                                                                                                  
20020ad8  _ZN11ISRMsgMaker20ISRMsgMakerInstance_E                                                                                                                                                  
20020adc  _ZN7Monitor16MonitorInstance_E                                                                                                                                                           
20020ae0  _ZN13SysTickDriver22SysTickDriverInstance_E                                                                                                                                              
20020ae4  _ZN11TimeHandler20TimeHandlerInstance_E                                                                                                                                                  
20020ae8  _ZN11UART0Driver20UART0DriverInstance_E                                                                                                                                                  
20020af0  __dso_handle                                                                                                                                                                             
20020af4  _ZNSt3__219__start_std_streamsE                                                                                                                                                          
20020af8  _ZNSt3__26locale2id9__next_idE                                                                                                                                                           
20020b84  _ZNSt3__25ctypeIwE2idE                                                                                                                                                                   
20020b8c  _ZNSt3__25ctypeIcE2idE                                                                                                                                                                   
20020b94  _ZNSt3__27codecvtIcciE2idE                                                                                                                                                               
20020b9c  _ZNSt3__27codecvtIwciE2idE                                                                                                                                                               
20020ba4  _ZNSt3__27codecvtIDsciE2idE                                                                                                                                                              
20020bac  _ZNSt3__27codecvtIDiciE2idE                                                                                                                                                              
20020bb4  _ZNSt3__28numpunctIcE2idE                                                                                                                                                                
20020bbc  _ZNSt3__28numpunctIwE2idE                                                                                                                                                                
200211f4  _ftable                                                                                                                                                                                  
200212e4  _device                                                                                                                                                                                  
2002135c  _stream                                                                                                                                                                                  
200213ac  _tz                                                                                                                                                                                      
200213bc  __TI_ft_end                                                                                                                                                                              
200213c0  __aeabi_stdin                                                                                                                                                                            
200213c4  __aeabi_stdout                                                                                                                                                                           
200213c8  __aeabi_stderr                                                                                                                                                                           
200213cc  __TI_cleanup_ptr                                                                                                                                                                         
200213d0  __TI_dtors_ptr                                                                                                                                                                           
200213d4  __TI_enable_exit_profile_output                                                                                                                                                          
200213e4  _lock                                                                                                                                                                                    
200213e8  _unlock                                                                                                                                                                                  
200213ec  _ZNSt3__210moneypunctIcLb0EE2idE                                                                                                                                                         
200213f4  _ZNSt3__210moneypunctIcLb1EE2idE                                                                                                                                                         
200213fc  _ZNSt3__210moneypunctIwLb0EE2idE                                                                                                                                                         
20021404  _ZNSt3__210moneypunctIwLb1EE2idE                                                                                                                                                         
2002140c  _ZNSt3__27collateIcE2idE                                                                                                                                                                 
20021414  _ZNSt3__27collateIwE2idE                                                                                                                                                                 
2002141c  _ZNSt3__27num_getIcNS_19istreambuf_iteratorIcNS_11char_traitsIcEEEEE2idE                                                                                                                 
20021424  _ZNSt3__27num_getIwNS_19istreambuf_iteratorIwNS_11char_traitsIwEEEEE2idE                                                                                                                 
2002142c  _ZNSt3__27num_putIcNS_19ostreambuf_iteratorIcNS_11char_traitsIcEEEEE2idE                                                                                                                 
20021434  _ZNSt3__27num_putIwNS_19ostreambuf_iteratorIwNS_11char_traitsIwEEEEE2idE                                                                                                                 
2002143c  _ZNSt3__28messagesIcE2idE                                                                                                                                                                
20021444  _ZNSt3__28messagesIwE2idE                                                                                                                                                                
2002144c  _ZNSt3__28time_getIcNS_19istreambuf_iteratorIcNS_11char_traitsIcEEEEE2idE                                                                                                                
20021454  _ZNSt3__28time_getIwNS_19istreambuf_iteratorIwNS_11char_traitsIwEEEEE2idE                                                                                                                
2002145c  _ZNSt3__28time_putIcNS_19ostreambuf_iteratorIcNS_11char_traitsIcEEEEE2idE                                                                                                                
20021464  _ZNSt3__28time_putIwNS_19ostreambuf_iteratorIwNS_11char_traitsIwEEEEE2idE                                                                                                                
2002146c  _ZNSt3__29money_getIcNS_19istreambuf_iteratorIcNS_11char_traitsIcEEEEE2idE                                                                                                               
20021474  _ZNSt3__29money_getIwNS_19istreambuf_iteratorIwNS_11char_traitsIwEEEEE2idE                                                                                                               
2002147c  _ZNSt3__29money_putIcNS_19ostreambuf_iteratorIcNS_11char_traitsIcEEEEE2idE                                                                                                               
20021484  _ZNSt3__29money_putIwNS_19ostreambuf_iteratorIwNS_11char_traitsIwEEEEE2idE                                                                                                               
20021490  errno                                                                                                                                                                                    
ffffffff  __TI_pprof_out_hndl                                                                                                                                                                      
ffffffff  __TI_prof_data_size                                                                                                                                                                      
ffffffff  __TI_prof_data_start                                                                                                                                                                     
ffffffff  __binit__                                                                                                                                                                                
ffffffff  __c_args__                                                                                                                                                                               
ffffffff  binit                                                                                                                                                                                    
UNDEFED   __mpu_init                                                                                                                                                                               
UNDEFED   _system_post_cinit                                                                                                                                                                       

[1237 symbols]
