******************************************************************************
                  TI ARM Linker PC v18.1.2                     
******************************************************************************
>> Linked Mon Sep 24 16:40:04 2018

OUTPUT FILE NAME:   <WhiteTower.out>
ENTRY POINT SYMBOL: "_c_int00_noargs"  address: 00018845


MEMORY CONFIGURATION

         name            origin    length      used     unused   attr    fill
----------------------  --------  ---------  --------  --------  ----  --------
  FLASH                 00000000   00100000  0001cee7  000e3119  R  X
  SRAM                  20000000   00040000  00021bed  0001e413  RW X


SEGMENT ALLOCATION MAP

run origin  load origin   length   init length attrs members
----------  ----------- ---------- ----------- ----- -------
00000000    00000000    0001cef0   0001cef0    r-x
  00000000    00000000    00000208   00000208    r-- .intvecs
  00000208    00000208    0001a7fc   0001a7fc    r-x .text
  0001aa08    0001aa08    0000240f   0000240f    r-- .const
  0001ce18    0001ce18    0000001c   0000001c    r-- .init_array
  0001ce38    0001ce38    000000b8   000000b8    r-- .cinit
20000000    20000000    00021bed   00000000    rw-
  20000000    20000000    00010000   00000000    rw- .stack
  20010000    20010000    00010000   00000000    rw- .sysmem
  20020000    20020000    00001260   00000000    rw- .data
  20021260    20021260    0000098d   00000000    rw- .bss


SECTION ALLOCATION MAP

 output                                  attributes/
section   page    origin      length       input sections
--------  ----  ----------  ----------   ----------------
.intvecs   0    00000000    00000208     
                  00000000    00000208     tm4c1294ncpdt_startup_ccs.obj (.intvecs)

.text      0    00000208    0001a7fc     
                  00000208    00002a70     ZooKeeper.obj (.text)
                  00002c78    00000dd8     ComandCenter.obj (.text)
                  00003a50    00000be8     TimeHandler.obj (.text)
                  00004638    00000af0     rtsv7M4_T_le_v4SPD16_eabi.lib : _scanfi.c.obj (.text:__TI_scanfi)
                  00005128    00000a5e                                   : _printfi.c.obj (.text:__TI_printfi)
                  00005b86    00000002                                   : string.cpp.obj (.text:_ZNKSt3__222__compressed_pair_elemINS_12basic_stringIcNS_11char_traitsIcEENS_9allocatorIcEEE5__repELi0ELb0EE5__getEv)
                  00005b88    00000956                                   : locale.cpp.obj (.text:_ZNSt3__29money_getIcNS_19istreambuf_iteratorIcNS_11char_traitsIcEEEEE8__do_getERS4_S4_bRKNS_6localeEjRjRbRKNS_5ctypeIcEERNS_10unique_ptrIcPFvPvEEERPcSM_)
                  000064de    00000002                                   : string.cpp.obj (.text:_ZNKSt3__222__compressed_pair_elemINS_12basic_stringIwNS_11char_traitsIwEENS_9allocatorIwEEE5__repELi0ELb0EE5__getEv)
                  000064e0    00000870                                   : locale.cpp.obj (.text:_ZNSt3__29money_getIwNS_19istreambuf_iteratorIwNS_11char_traitsIwEEEEE8__do_getERS4_S4_bRKNS_6localeEjRjRbRKNS_5ctypeIwEERNS_10unique_ptrIwPFvPvEEERPwSM_)
                  00006d50    00000850     Monitor.obj (.text)
                  000075a0    00000464     rtsv7M4_T_le_v4SPD16_eabi.lib : strftime.c.obj (.text:strftime)
                  00007a04    00000460                                   : locale.cpp.obj (.text:_ZNSt3__26locale5__impC1Ej)
                  00007e64    00000460                                   : strtod.c.obj (.text:strtod)
                  000082c4    000003c8                                   : strtof.c.obj (.text:strtof)
                  0000868c    000003b0                                   : locale.cpp.obj (.text:_ZNSt3__211__money_getIcE13__gather_infoEbRKNS_6localeERNS_10money_base7patternERcS8_RNS_12basic_stringIcNS_11char_traitsIcEENS_9allocatorIcEEEESF_SF_SF_Ri)
                  00008a3c    000003b0                                   : locale.cpp.obj (.text:_ZNSt3__211__money_getIwE13__gather_infoEbRKNS_6localeERNS_10money_base7patternERwS8_RNS_12basic_stringIcNS_11char_traitsIcEENS_9allocatorIcEEEERNS9_IwNSA_IwEENSC_IwEEEESJ_SJ_Ri)
                  00008dec    000003a4     GlobalConfig.obj (.text)
                  00009190    00000370     main.obj (.text)
                  00009500    00000348     rtsv7M4_T_le_v4SPD16_eabi.lib : locale.cpp.obj (.text:_ZNSt3__211__money_putIcE13__gather_infoEbbRKNS_6localeERNS_10money_base7patternERcS8_RNS_12basic_stringIcNS_11char_traitsIcEENS_9allocatorIcEEEESF_SF_Ri)
                  00009848    00000348                                   : locale.cpp.obj (.text:_ZNSt3__211__money_putIwE13__gather_infoEbbRKNS_6localeERNS_10money_base7patternERwS8_RNS_12basic_stringIcNS_11char_traitsIcEENS_9allocatorIcEEEERNS9_IwNSA_IwEENSC_IwEEEESJ_Ri)
                  00009b90    000002fc                                   : locale.cpp.obj (.text:_ZNKSt3__28time_getIcNS_19istreambuf_iteratorIcNS_11char_traitsIcEEEEE6do_getES4_S4_RNS_8ios_baseERjP2tmcc)
                  00009e8c    000002f8                                   : locale.cpp.obj (.text:_ZNKSt3__28time_getIwNS_19istreambuf_iteratorIwNS_11char_traitsIwEEEEE6do_getES4_S4_RNS_8ios_baseERjP2tmcc)
                  0000a184    000002a4                                   : locale.cpp.obj (.text:_ZNSt3__211__money_putIwE8__formatEPwRS2_S3_jPKwS5_RKNS_5ctypeIwEEbRKNS_10money_base7patternEwwRKNS_12basic_stringIcNS_11char_traitsIcEENS_9allocatorIcEEEERKNSE_IwNSF_IwEENSH_IwEEEESQ_i)
                  0000a428    0000029a                                   : locale.cpp.obj (.text:_ZNSt3__211__money_putIcE8__formatEPcRS2_S3_jPKcS5_RKNS_5ctypeIcEEbRKNS_10money_base7patternEccRKNS_12basic_stringIcNS_11char_traitsIcEENS_9allocatorIcEEEESL_SL_i)
                  0000a6c2    00000002                                   : locale.cpp.obj (.text:_ZNKSt3__28messagesIcE8do_closeEi)
                  0000a6c4    00000294                                   : iostream.cpp.obj (.text:_ZNSt3__28ios_base4InitC1Ev)
                  0000a958    00000278                                   : locale.cpp.obj (.text:_ZNKSt3__220__time_get_c_storageIwE8__monthsEv)
                  0000abd0    00000274                                   : locale.cpp.obj (.text:_ZNKSt3__29money_getIcNS_19istreambuf_iteratorIcNS_11char_traitsIcEEEEE6do_getES4_S4_bRNS_8ios_baseERjRNS_12basic_stringIcS3_NS_9allocatorIcEEEE)
                  0000ae44    00000274                                   : locale.cpp.obj (.text:_ZNSt3__29__num_putIwE23__widen_and_group_floatEPcS2_S2_PwRS3_S4_RKNS_6localeE)
                  0000b0b8    00000270                                   : _printfi.c.obj (.text:_pconv_a)
                  0000b328    00000268                                   : locale.cpp.obj (.text:_ZNSt3__29__num_putIcE23__widen_and_group_floatEPcS2_S2_S2_RS2_S3_RKNS_6localeE)
                  0000b590    00000250                                   : locale.cpp.obj (.text:_ZNKSt3__29money_putIwNS_19ostreambuf_iteratorIwNS_11char_traitsIwEEEEE6do_putES4_bRNS_8ios_baseEwe)
                  0000b7e0    00000248                                   : locale.cpp.obj (.text:_ZNKSt3__29money_getIwNS_19istreambuf_iteratorIwNS_11char_traitsIwEEEEE6do_getES4_S4_bRNS_8ios_baseERjRNS_12basic_stringIwS3_NS_9allocatorIwEEEE)
                  0000ba28    0000023c                                   : locale.cpp.obj (.text:_ZNKSt3__29money_putIcNS_19ostreambuf_iteratorIcNS_11char_traitsIcEEEEE6do_putES4_bRNS_8ios_baseEce)
                  0000bc64    0000020c     ISRMsgHandler.obj (.text)
                  0000be70    000001fc     rtsv7M4_T_le_v4SPD16_eabi.lib : locale.cpp.obj (.text:_ZNKSt3__220__time_get_c_storageIcE8__monthsEv)
                  0000c06c    000001f8                                   : locale.cpp.obj (.text:_ZNKSt3__29money_putIwNS_19ostreambuf_iteratorIwNS_11char_traitsIwEEEEE6do_putES4_bRNS_8ios_baseEwRKNS_12basic_stringIwS3_NS_9allocatorIwEEEE)
                  0000c264    000001f4                                   : locale.cpp.obj (.text:_ZNKSt3__29money_putIcNS_19ostreambuf_iteratorIcNS_11char_traitsIcEEEEE6do_putES4_bRNS_8ios_baseEcRKNS_12basic_stringIcS3_NS_9allocatorIcEEEE)
                  0000c458    000001f0                                   : locale.cpp.obj (.text:_ZNSt3__214__scan_keywordINS_19istreambuf_iteratorIcNS_11char_traitsIcEEEEPKNS_12basic_stringIcS3_NS_9allocatorIcEEEENS_5ctypeIcEEEET0_RT_SE_SD_SD_RKT1_Rjb)
                  0000c648    000001ec                                   : locale.cpp.obj (.text:_ZNSt3__214__scan_keywordINS_19istreambuf_iteratorIwNS_11char_traitsIwEEEEPKNS_12basic_stringIwS3_NS_9allocatorIwEEEENS_5ctypeIwEEEET0_RT_SE_SD_SD_RKT1_Rjb)
                  0000c834    000001dc                                   : strtoll.c.obj (.text:strtoll)
                  0000ca10    000001d8                                   : locale.cpp.obj (.text:_ZNKSt3__27num_getIwNS_19istreambuf_iteratorIwNS_11char_traitsIwEEEEE15__do_get_signedIlEES4_S4_S4_RNS_8ios_baseERjRT_)
                  0000cbe8    000001d8                                   : locale.cpp.obj (.text:_ZNKSt3__27num_getIwNS_19istreambuf_iteratorIwNS_11char_traitsIwEEEEE15__do_get_signedIxEES4_S4_S4_RNS_8ios_baseERjRT_)
                  0000cdc0    000001d8                                   : locale.cpp.obj (.text:_ZNKSt3__27num_getIwNS_19istreambuf_iteratorIwNS_11char_traitsIwEEEEE17__do_get_unsignedIjEES4_S4_S4_RNS_8ios_baseERjRT_)
                  0000cf98    000001d8                                   : locale.cpp.obj (.text:_ZNKSt3__27num_getIwNS_19istreambuf_iteratorIwNS_11char_traitsIwEEEEE17__do_get_unsignedImEES4_S4_S4_RNS_8ios_baseERjRT_)
                  0000d170    000001d8                                   : locale.cpp.obj (.text:_ZNKSt3__27num_getIwNS_19istreambuf_iteratorIwNS_11char_traitsIwEEEEE17__do_get_unsignedItEES4_S4_S4_RNS_8ios_baseERjRT_)
                  0000d348    000001d8                                   : locale.cpp.obj (.text:_ZNKSt3__27num_getIwNS_19istreambuf_iteratorIwNS_11char_traitsIwEEEEE17__do_get_unsignedIyEES4_S4_S4_RNS_8ios_baseERjRT_)
                  0000d520    000001d0                                   : locale.cpp.obj (.text:_ZN32_INTERNAL_10_locale_cpp_a7183203St3__213utf8_to_utf16EPKhS1_RS1_PtS3_RS3_mNS_12codecvt_modeE)
                  0000d6f0    000001d0                                   : _printfi.c.obj (.text:_pconv_g)
                  0000d8c0    000001cc                                   : locale.cpp.obj (.text:_ZNSt3__29__num_putIwE21__widen_and_group_intEPcS2_S2_PwRS3_S4_RKNS_6localeE)
                  0000da8c    000001c8                                   : locale.cpp.obj (.text:_ZNSt3__29__num_putIcE21__widen_and_group_intEPcS2_S2_S2_RS2_S3_RKNS_6localeE)
                  0000dc54    000001c4                                   : locale.cpp.obj (.text:_ZNKSt3__27num_getIwNS_19istreambuf_iteratorIwNS_11char_traitsIwEEEEE6do_getES4_S4_RNS_8ios_baseERjRPv)
                  0000de18    000001c4     Monitor.obj (.text:_ZNSt3__2lsINS_11char_traitsIcEEEERNS_13basic_ostreamIcT_EES6_PKc)
                  0000dfdc    000001b6     rtsv7M4_T_le_v4SPD16_eabi.lib : fd_add_t2.asm.obj (.text)
                  0000e192    00000002                                   : locale.cpp.obj (.text:_ZNKSt3__28messagesIwE8do_closeEi)
                  0000e194    000001b0                                   : locale.cpp.obj (.text:_ZNKSt3__220__time_get_c_storageIwE7__weeksEv)
                  0000e344    000001b0                                   : locale.cpp.obj (.text:_ZNKSt3__27num_getIcNS_19istreambuf_iteratorIcNS_11char_traitsIcEEEEE15__do_get_signedIxEES4_S4_S4_RNS_8ios_baseERjRT_)
                  0000e4f4    000001b0                                   : locale.cpp.obj (.text:_ZNKSt3__27num_getIcNS_19istreambuf_iteratorIcNS_11char_traitsIcEEEEE17__do_get_unsignedIyEES4_S4_S4_RNS_8ios_baseERjRT_)
                  0000e6a4    000001b0                                   : locale.cpp.obj (.text:_ZNKSt3__27num_getIcNS_19istreambuf_iteratorIcNS_11char_traitsIcEEEEE6do_getES4_S4_RNS_8ios_baseERjRPv)
                  0000e854    000001ac                                   : locale.cpp.obj (.text:_ZNKSt3__27num_getIcNS_19istreambuf_iteratorIcNS_11char_traitsIcEEEEE15__do_get_signedIlEES4_S4_S4_RNS_8ios_baseERjRT_)
                  0000ea00    000001ac                                   : locale.cpp.obj (.text:_ZNKSt3__27num_getIcNS_19istreambuf_iteratorIcNS_11char_traitsIcEEEEE17__do_get_unsignedIjEES4_S4_S4_RNS_8ios_baseERjRT_)
                  0000ebac    000001ac                                   : locale.cpp.obj (.text:_ZNKSt3__27num_getIcNS_19istreambuf_iteratorIcNS_11char_traitsIcEEEEE17__do_get_unsignedImEES4_S4_S4_RNS_8ios_baseERjRT_)
                  0000ed58    000001ac                                   : locale.cpp.obj (.text:_ZNKSt3__27num_getIcNS_19istreambuf_iteratorIcNS_11char_traitsIcEEEEE17__do_get_unsignedItEES4_S4_S4_RNS_8ios_baseERjRT_)
                  0000ef04    000001ac                                   : locale.cpp.obj (.text:_ZNKSt3__27num_getIcNS_19istreambuf_iteratorIcNS_11char_traitsIcEEEEE23__do_get_floating_pointIdEES4_S4_S4_RNS_8ios_baseERjRT_)
                  0000f0b0    000001ac                                   : locale.cpp.obj (.text:_ZNKSt3__27num_getIcNS_19istreambuf_iteratorIcNS_11char_traitsIcEEEEE23__do_get_floating_pointIeEES4_S4_S4_RNS_8ios_baseERjRT_)
                  0000f25c    000001aa                                   : locale.cpp.obj (.text:_ZNKSt3__27num_getIwNS_19istreambuf_iteratorIwNS_11char_traitsIwEEEEE23__do_get_floating_pointIdEES4_S4_S4_RNS_8ios_baseERjRT_)
                  0000f406    000001aa                                   : locale.cpp.obj (.text:_ZNKSt3__27num_getIwNS_19istreambuf_iteratorIwNS_11char_traitsIwEEEEE23__do_get_floating_pointIeEES4_S4_S4_RNS_8ios_baseERjRT_)
                  0000f5b0    000001a8                                   : locale.cpp.obj (.text:_ZNKSt3__27num_getIcNS_19istreambuf_iteratorIcNS_11char_traitsIcEEEEE23__do_get_floating_pointIfEES4_S4_S4_RNS_8ios_baseERjRT_)
                  0000f758    000001a6                                   : locale.cpp.obj (.text:_ZNKSt3__27num_getIwNS_19istreambuf_iteratorIwNS_11char_traitsIwEEEEE23__do_get_floating_pointIfEES4_S4_S4_RNS_8ios_baseERjRT_)
                  0000f8fe    00000002                                   : string.cpp.obj (.text:_ZNSt3__211char_traitsIcE11to_int_typeEc)
                  0000f900    00000190                                   : locale.cpp.obj (.text:_ZNKSt3__28time_getIwNS_19istreambuf_iteratorIwNS_11char_traitsIwEEEEE3getES4_S4_RNS_8ios_baseERjP2tmPKwSC_)
                  0000fa90    00000184                                   : locale.cpp.obj (.text:_ZNKSt3__28time_getIcNS_19istreambuf_iteratorIcNS_11char_traitsIcEEEEE3getES4_S4_RNS_8ios_baseERjP2tmPKcSC_)
                  0000fc14    00000182                                   : locale.cpp.obj (.text:_ZN32_INTERNAL_10_locale_cpp_a7183203St3__212utf8_to_ucs4EPKhS1_RS1_PjS3_RS3_mNS_12codecvt_modeE)
                  0000fd96    00000002                                   : locale.cpp.obj (.text:_ZNSt3__212__do_nothingEPv)
                  0000fd98    00000180                                   : locale.cpp.obj (.text:_ZNKSt3__29money_getIcNS_19istreambuf_iteratorIcNS_11char_traitsIcEEEEE6do_getES4_S4_bRNS_8ios_baseERjRe)
                  0000ff18    00000180                                   : fwrite.c.obj (.text:fwrite)
                  00010098    00000174                                   : locale.cpp.obj (.text:_ZN32_INTERNAL_10_locale_cpp_a7183203St3__213utf16_to_utf8EPKtS1_RS1_PhS3_RS3_mNS_12codecvt_modeE)
                  0001020c    0000016c     TimeHandler.obj (.text:_ZNSt3__224__put_character_sequenceIcNS_11char_traitsIcEEEERNS_13basic_ostreamIT_T0_EES7_PKS4_j)
                  00010378    0000015c     rtsv7M4_T_le_v4SPD16_eabi.lib : locale.cpp.obj (.text:_ZNKSt3__220__time_get_c_storageIcE7__weeksEv)
                  000104d4    0000015c                                   : strtoull.c.obj (.text:strtoull)
                  00010630    0000014c                                   : locale.cpp.obj (.text:_ZNSt3__29__num_getIwE19__stage2_float_loopEwRbRcPcRS4_wwRKNS_12basic_stringIcNS_11char_traitsIcEENS_9allocatorIcEEEEPjRSE_RjPw)
                  0001077c    00000148                                   : locale.cpp.obj (.text:_ZN32_INTERNAL_10_locale_cpp_a7183203St3__220utf8_to_utf16_lengthEPKhS1_jmNS_12codecvt_modeE)
                  000108c4    00000148                                   : locale.cpp.obj (.text:_ZNSt3__29__num_getIcE19__stage2_float_loopEcRbRcPcRS4_ccRKNS_12basic_stringIcNS_11char_traitsIcEENS_9allocatorIcEEEEPjRSE_RjS4_)
                  00010a0c    00000140                                   : locale.cpp.obj (.text:_ZNKSt3__27num_putIcNS_19ostreambuf_iteratorIcNS_11char_traitsIcEEEEE6do_putES4_RNS_8ios_baseEcd)
                  00010b4c    00000140                                   : locale.cpp.obj (.text:_ZNKSt3__27num_putIwNS_19ostreambuf_iteratorIwNS_11char_traitsIwEEEEE6do_putES4_RNS_8ios_baseEwe)
                  00010c8c    0000013e                                   : locale.cpp.obj (.text:_ZN32_INTERNAL_10_locale_cpp_a7183203St3__219utf8_to_ucs4_lengthEPKhS1_jmNS_12codecvt_modeE)
                  00010dca    00000002                                   : memory.cpp.obj (.text:_ZNSt3__214__shared_countD1Ev)
                  00010dcc    0000013c                                   : locale.cpp.obj (.text:_ZNKSt3__27num_putIcNS_19ostreambuf_iteratorIcNS_11char_traitsIcEEEEE6do_putES4_RNS_8ios_baseEce)
                  00010f08    0000013c                                   : locale.cpp.obj (.text:_ZNKSt3__27num_putIwNS_19ostreambuf_iteratorIwNS_11char_traitsIwEEEEE6do_putES4_RNS_8ios_baseEwd)
                  00011044    0000013c                                   : locale.cpp.obj (.text:_ZNKSt3__29money_getIwNS_19istreambuf_iteratorIwNS_11char_traitsIwEEEEE6do_getES4_S4_bRNS_8ios_baseERjRe)
                  00011180    0000013c                                   : _printfi.c.obj (.text:_pconv_e)
                  000112bc    00000136                                   : fd_div_t2.asm.obj (.text)
                  000113f2    00000002                                   : ios.cpp.obj (.text:_ZNSt3__215basic_streambufIcNS_11char_traitsIcEEE5imbueERKNS_6localeE)
                  000113f4    00000134                                   : vla_alloc.c.obj (.text:__vla_alloc)
                  00011528    00000130                                   : strtol.c.obj (.text:strtol)
                  00011658    0000012c                                   : locale.cpp.obj (.text:_ZNKSt3__27codecvtIwciE5do_inERiPKcS4_RS4_PwS6_RS6_)
                  00011784    00000120                                   : _printfi.c.obj (.text:fcvt)
                  000118a4    0000011c                                   : locale.cpp.obj (.text:_ZNSt3__216__pad_and_outputIwNS_11char_traitsIwEEEENS_19ostreambuf_iteratorIT_T0_EES6_PKS4_S8_S8_RNS_8ios_baseES4_)
                  000119c0    00000118                                   : locale.cpp.obj (.text:_ZNKSt3__27codecvtIwciE6do_outERiPKwS4_RS4_PcS6_RS6_)
                  00011ad8    00000114                                   : iostream.cpp.obj (.text:_ZNSt3__210__stdinbufIwE9__getcharEb)
                  00011bec    00000114                                   : string.cpp.obj (.text:_ZNSt3__212basic_stringIwNS_11char_traitsIwEENS_9allocatorIwEEE7reserveEj)
                  00011d00    00000114                                   : fputs.c.obj (.text:fputs)
                  00011e14    00000114                                   : memory.c.obj (.text:realloc)
                  00011f28    00000110                                   : iostream.cpp.obj (.text:_ZNSt3__210__stdinbufIcE9__getcharEb)
                  00012038    00000110                                   : s_scalbn.c.obj (.text:scalbn)
                  00012148    00000110                                   : strtoul.c.obj (.text:strtoul)
                  00012258    0000010c                                   : string.cpp.obj (.text:_ZNSt3__212basic_stringIwNS_11char_traitsIwEENS_9allocatorIwEEE21__grow_by_and_replaceEjjjjjjPKw)
                  00012364    00000108     UART0Driver.obj (.text)
                  0001246c    000000fe     rtsv7M4_T_le_v4SPD16_eabi.lib : locale.cpp.obj (.text:_ZN32_INTERNAL_10_locale_cpp_a7183203St3__212ucs4_to_utf8EPKjS1_RS1_PhS3_RS3_mNS_12codecvt_modeE)
                  0001256a    000000fc                                   : fd_mul_t2.asm.obj (.text)
                  00012666    000000f2                                   : string.cpp.obj (.text:_ZNSt3__212basic_stringIcNS_11char_traitsIcEENS_9allocatorIcEEE7reserveEj)
                  00012758    000000f0                                   : string.cpp.obj (.text:_ZNSt3__212basic_stringIcNS_11char_traitsIcEENS_9allocatorIcEEE21__grow_by_and_replaceEjjjjjjPKc)
                  00012848    000000f0                                   : locale.cpp.obj (.text:_ZNSt3__216__pad_and_outputIcNS_11char_traitsIcEEEENS_19ostreambuf_iteratorIT_T0_EES6_PKS4_S8_S8_RNS_8ios_baseES4_)
                  00012938    000000ee                                   : locale.cpp.obj (.text:_ZNSt3__220__get_up_to_n_digitsIwNS_19istreambuf_iteratorIwNS_11char_traitsIwEEEEEEiRT0_S5_RjRKNS_5ctypeIT_EEi)
                  00012a26    00000002                                   : ios.cpp.obj (.text:_ZNSt3__215basic_streambufIcNS_11char_traitsIcEEE6setbufEPci)
                  00012a28    000000ec                                   : locale.cpp.obj (.text:_ZNSt3__29__num_getIcE17__stage2_int_loopEciPcRS2_RjcRKNS_12basic_stringIcNS_11char_traitsIcEENS_9allocatorIcEEEEPjRSD_PKc)
                  00012b14    000000ec                                   : locale.cpp.obj (.text:_ZNSt3__29__num_getIwE17__stage2_int_loopEwiPcRS2_RjwRKNS_12basic_stringIcNS_11char_traitsIcEENS_9allocatorIcEEEEPjRSD_PKw)
                  00012c00    000000e8                                   : locale.cpp.obj (.text:_ZNKSt3__220__time_get_c_storageIwE3__cEv)
                  00012ce8    000000e4                                   : locale.cpp.obj (.text:_ZNSt3__220__get_up_to_n_digitsIcNS_19istreambuf_iteratorIcNS_11char_traitsIcEEEEEEiRT0_S5_RjRKNS_5ctypeIT_EEi)
                  00012dcc    000000e0                                   : locale.cpp.obj (.text:_ZNSt3__26vectorIPNS_6locale5facetENS_15__sso_allocatorIS3_Lj28EEEE8__appendEj)
                  00012eac    000000dc                                   : locale.cpp.obj (.text:_ZNKSt3__27num_getIcNS_19istreambuf_iteratorIcNS_11char_traitsIcEEEEE6do_getES4_S4_RNS_8ios_baseERjRb)
                  00012f88    000000dc                                   : locale.cpp.obj (.text:_ZNKSt3__27num_getIwNS_19istreambuf_iteratorIwNS_11char_traitsIwEEEEE6do_getES4_S4_RNS_8ios_baseERjRb)
                  00013064    000000dc                                   : setvbuf.c.obj (.text:setvbuf)
                  00013140    000000da                                   : string.cpp.obj (.text:_ZNSt3__212basic_stringIcNS_11char_traitsIcEENS_9allocatorIcEEE6insertEjPKcj)
                  0001321a    00000002                                   : ios.cpp.obj (.text:_ZNSt3__215basic_streambufIwNS_11char_traitsIwEEE5imbueERKNS_6localeE)
                  0001321c    000000d8                                   : string.cpp.obj (.text:_ZNSt3__212basic_stringIwNS_11char_traitsIwEENS_9allocatorIwEEE9__grow_byEjjjjjj)
                  000132f4    000000d8                                   : memory.c.obj (.text:free)
                  000133cc    000000d4                                   : locale.cpp.obj (.text:_ZNKSt3__220__time_get_c_storageIwE3__rEv)
                  000134a0    000000d0                                   : locale.cpp.obj (.text:_ZNKSt3__220__time_get_c_storageIwE3__XEv)
                  00013570    000000d0                                   : locale.cpp.obj (.text:_ZNKSt3__220__time_get_c_storageIwE3__xEv)
                  00013640    000000d0                                   : s_scalbnf.c.obj (.text:scalbnf)
                  00013710    000000cc                                   : locale.cpp.obj (.text:_ZNKSt3__27num_putIcNS_19ostreambuf_iteratorIcNS_11char_traitsIcEEEEE6do_putES4_RNS_8ios_baseEcx)
                  000137dc    000000cc                                   : locale.cpp.obj (.text:_ZNKSt3__27num_putIwNS_19ostreambuf_iteratorIwNS_11char_traitsIwEEEEE6do_putES4_RNS_8ios_baseEwx)
                  000138a8    000000c8                                   : ios.cpp.obj (.text:_ZNSt3__213basic_ostreamIcNS_11char_traitsIcEEElsEi)
                  00013970    000000c8                                   : ios.cpp.obj (.text:_ZNSt3__213basic_ostreamIcNS_11char_traitsIcEEElsEt)
                  00013a38    000000c4                                   : locale.cpp.obj (.text:_ZNKSt3__27num_putIcNS_19ostreambuf_iteratorIcNS_11char_traitsIcEEEEE6do_putES4_RNS_8ios_baseEcy)
                  00013afc    000000c4                                   : locale.cpp.obj (.text:_ZNKSt3__27num_putIwNS_19ostreambuf_iteratorIwNS_11char_traitsIwEEEEE6do_putES4_RNS_8ios_baseEwy)
                  00013bc0    000000c0                                   : locale.cpp.obj (.text:_ZNKSt3__27num_putIcNS_19ostreambuf_iteratorIcNS_11char_traitsIcEEEEE6do_putES4_RNS_8ios_baseEcl)
                  00013c80    000000c0                                   : locale.cpp.obj (.text:_ZNKSt3__27num_putIcNS_19ostreambuf_iteratorIcNS_11char_traitsIcEEEEE6do_putES4_RNS_8ios_baseEcm)
                  00013d40    000000c0                                   : locale.cpp.obj (.text:_ZNKSt3__27num_putIwNS_19ostreambuf_iteratorIwNS_11char_traitsIwEEEEE6do_putES4_RNS_8ios_baseEwl)
                  00013e00    000000c0                                   : locale.cpp.obj (.text:_ZNKSt3__27num_putIwNS_19ostreambuf_iteratorIwNS_11char_traitsIwEEEEE6do_putES4_RNS_8ios_baseEwm)
                  00013ec0    000000c0                                   : string.cpp.obj (.text:_ZNSt3__212basic_stringIcNS_11char_traitsIcEENS_9allocatorIcEEE9__grow_byEjjjjjj)
                  00013f80    000000bc                                   : iostream.cpp.obj (.text:_ZNSt3__211__stdoutbufIwE8overflowEi)
                  0001403c    000000b2                                   : iostream.cpp.obj (.text:_ZNSt3__211__stdoutbufIcE8overflowEi)
                  000140ee    00000002                                   : ios.cpp.obj (.text:_ZNSt3__215basic_streambufIwNS_11char_traitsIwEEE6setbufEPwi)
                  000140f0    000000b1                                   : _printfi.c.obj (.text:_ltostr)
                  000141a1    00000001     --HOLE-- [fill = 0]
                  000141a2    000000b0                                   : iostream.cpp.obj (.text:_ZNSt3__210__stdinbufIwE9pbackfailEi)
                  00014252    000000a8                                   : iostream.cpp.obj (.text:_ZNSt3__210__stdinbufIcE9pbackfailEi)
                  000142fa    00000002                                   : string.cpp.obj (.text:_ZNSt3__222__compressed_pair_elemINS_12basic_stringIcNS_11char_traitsIcEENS_9allocatorIcEEE5__repELi0ELb0EE5__getEv)
                  000142fc    000000a8                                   : locale.cpp.obj (.text:_ZNSt3__219__double_or_nothingIwEEvRNS_10unique_ptrIT_PFvPvEEERPS2_S9_)
                  000143a4    000000a4                                   : string.cpp.obj (.text:_ZNSt3__212basic_stringIcNS_11char_traitsIcEENS_9allocatorIcEEE6appendEPKcj)
                  00014448    000000a4                                   : string.cpp.obj (.text:_ZNSt3__212basic_stringIwNS_11char_traitsIwEENS_9allocatorIwEEE6appendEPKwj)
                  000144ec    000000a0                                   : string.cpp.obj (.text:_ZNSt3__212basic_stringIcNS_11char_traitsIcEENS_9allocatorIcEEE9push_backEc)
                  0001458c    0000009e                                   : string.cpp.obj (.text:_ZNSt3__212basic_stringIwNS_11char_traitsIwEENS_9allocatorIwEEE9push_backEw)
                  0001462a    00000002                                   : string.cpp.obj (.text:_ZNSt3__222__compressed_pair_elemINS_12basic_stringIwNS_11char_traitsIwEENS_9allocatorIwEEE5__repELi0ELb0EE5__getEv)
                  0001462c    0000009c                                   : locale.cpp.obj (.text:_ZNKSt3__27num_putIwNS_19ostreambuf_iteratorIwNS_11char_traitsIwEEEEE6do_putES4_RNS_8ios_baseEwPKv)
                  000146c8    0000009c                                   : locale.cpp.obj (.text:_ZNKSt3__27num_putIwNS_19ostreambuf_iteratorIwNS_11char_traitsIwEEEEE6do_putES4_RNS_8ios_baseEwb)
                  00014764    0000009c                                   : string.cpp.obj (.text:_ZNSt3__212basic_stringIcNS_11char_traitsIcEENS_9allocatorIcEEE6appendEjc)
                  00014800    0000009c                                   : _bufread.c.obj (.text:__TI_buff_read)
                  0001489c    0000009c                                   : memcpy_t2.asm.obj (.text)
                  00014938    00000098                                   : locale.cpp.obj (.text:_ZNKSt3__210__time_put8__do_putEPwRS1_PK2tmcc)
                  000149d0    00000098                                   : locale.cpp.obj (.text:_ZNKSt3__27num_putIcNS_19ostreambuf_iteratorIcNS_11char_traitsIcEEEEE6do_putES4_RNS_8ios_baseEcPKv)
                  00014a68    00000098                                   : locale.cpp.obj (.text:_ZNKSt3__27num_putIcNS_19ostreambuf_iteratorIcNS_11char_traitsIcEEEEE6do_putES4_RNS_8ios_baseEcb)
                  00014b00    00000098                                   : string.cpp.obj (.text:_ZNSt3__212basic_stringIwNS_11char_traitsIwEENS_9allocatorIwEEE6assignEPKwj)
                  00014b98    00000096                                   : string.cpp.obj (.text:_ZNSt3__212basic_stringIcNS_11char_traitsIcEENS_9allocatorIcEEE6assignEPKcj)
                  00014c2e    00000096                                   : locale.cpp.obj (.text:_ZNSt3__225__num_get_signed_integralIlEET_PKcS3_Rji)
                  00014cc4    00000096                                   : ull_div_t2.asm.obj (.text)
                  00014d5a    00000002                                   : string.cpp.obj (.text:_ZNSt3__222__compressed_pair_elemINS_9allocatorIcEELi1ELb1EEC1IRKS2_vEEOT_)
                  00014d5c    00000094                                   : locale.cpp.obj (.text:_ZNKSt3__220__time_get_c_storageIwE7__am_pmEv)
                  00014df0    00000094                                   : string.cpp.obj (.text:_ZNSt3__212basic_stringIwNS_11char_traitsIwEENS_9allocatorIwEEE6__initEPKwj)
                  00014e84    00000094                                   : locale.cpp.obj (.text:_ZNSt3__219__double_or_nothingIcEEvRNS_10unique_ptrIT_PFvPvEEERPS2_S9_)
                  00014f18    00000094                                   : locale.cpp.obj (.text:_ZNSt3__219__double_or_nothingIjEEvRNS_10unique_ptrIT_PFvPvEEERPS2_S9_)
                  00014fac    00000090                                   : locale.cpp.obj (.text:_ZNSt3__225__num_get_signed_integralIxEET_PKcS3_Rji)
                  0001503c    00000090                                   : string.cpp.obj (.text:_ZNSt3__2plIcNS_11char_traitsIcEENS_9allocatorIcEEEENS_12basic_stringIT_T0_T1_EEPKS6_RKS9_)
                  000150cc    0000008c                                   : locale.cpp.obj (.text:_ZNKSt3__220__time_get_c_storageIcE7__am_pmEv)
                  00015158    0000008c                                   : locale.cpp.obj (.text:_ZNKSt3__28numpunctIwE11do_truenameEv)
                  000151e4    0000008c                                   : locale.cpp.obj (.text:_ZNKSt3__28numpunctIwE12do_falsenameEv)
                  00015270    0000008c                                   : fputc.c.obj (.text:fputc)
                  000152fc    00000088     SysTickDriver.obj (.text)
                  00015384    00000086     rtsv7M4_T_le_v4SPD16_eabi.lib : fd_cmp_t2.asm.obj (.text:__aeabi_cdcmple)
                  0001540a    00000086                                   : fd_cmp_t2.asm.obj (.text:__aeabi_cdrcmple)
                  00015490    00000084                                   : locale.cpp.obj (.text:_ZNKSt3__220__time_get_c_storageIcE3__cEv)
                  00015514    00000084                                   : locale.cpp.obj (.text:_ZNKSt3__27collateIwE12do_transformEPKwS3_)
                  00015598    00000084                                   : fgetc.c.obj (.text:fgetc)
                  0001561c    00000080                                   : locale.cpp.obj (.text:_ZNSt3__214__num_put_base14__format_floatEPcPKcj)
                  0001569c    00000080                                   : locale.cpp.obj (.text:_ZNSt3__26locale5__impD1Ev)
                  0001571c    00000080                                   : ungetc.c.obj (.text:ungetc)
                  0001579c    0000007e                                   : string.cpp.obj (.text:_ZNKSt3__212basic_stringIcNS_11char_traitsIcEENS_9allocatorIcEEE7compareEjjPKcj)
                  0001581a    0000007c                                   : locale.cpp.obj (.text:_ZNKSt3__28time_getIcNS_19istreambuf_iteratorIcNS_11char_traitsIcEEEEE11__get_am_pmERiRS4_S4_RjRKNS_5ctypeIcEE)
                  00015896    0000007c                                   : locale.cpp.obj (.text:_ZNKSt3__28time_getIwNS_19istreambuf_iteratorIwNS_11char_traitsIwEEEEE11__get_am_pmERiRS4_S4_RjRKNS_5ctypeIwEE)
                  00015912    0000007c                                   : ios.cpp.obj (.text:_ZNSt3__213basic_ostreamIcNS_11char_traitsIcEEE6sentryD1Ev)
                  0001598e    0000007c                                   : ios.cpp.obj (.text:_ZNSt3__213basic_ostreamIwNS_11char_traitsIwEEE6sentryD1Ev)
                  00015a0a    0000007c                                   : string.cpp.obj (.text:_ZNSt3__234_GLOBAL__N__10_string_cpp_11932bae9as_stringINS_12basic_stringIcNS_11char_traitsIcEENS_9allocatorIcEEEEPFYiPcjPKczEiEET_T0_SD_PKNSD_10value_typeET1_)
                  00015a86    00000002                                   : string.cpp.obj (.text:_ZNSt3__222__compressed_pair_elemINS_9allocatorIcEELi1ELb1EEC1IS2_vEEOT_)
                  00015a88    0000007c     ComandCenter.obj (.text:_ZNSt3__2plIcNS_11char_traitsIcEENS_9allocatorIcEEEENS_12basic_stringIT_T0_T1_EERKS9_PKS6_)
                  00015b04    0000007c     rtsv7M4_T_le_v4SPD16_eabi.lib : fflush.c.obj (.text:fflush)
                  00015b80    0000007a                                   : locale.cpp.obj (.text:_ZNSt3__227__num_get_unsigned_integralIjEET_PKcS3_Rji)
                  00015bfa    0000007a                                   : locale.cpp.obj (.text:_ZNSt3__227__num_get_unsigned_integralImEET_PKcS3_Rji)
                  00015c74    0000007a                                   : memset_t2.asm.obj (.text)
                  00015cee    00000002                                   : string.cpp.obj (.text:_ZNSt3__222__compressed_pair_elemINS_9allocatorIwEELi1ELb1EEC1IS2_vEEOT_)
                  00015cf0    00000078                                   : vla_alloc.c.obj (.text:_ZN33_INTERNAL_11_vla_alloc_c_be8bd49b21free_dead_allocationsEPv)
                  00015d68    00000078                                   : locale.cpp.obj (.text:_ZNKSt3__220__time_get_c_storageIcE3__rEv)
                  00015de0    00000078                                   : locale.cpp.obj (.text:_ZNSt3__215__num_get_floatIfEET_PKcS3_Rj)
                  00015e58    00000078                                   : ios.cpp.obj (.text:_ZNSt3__215basic_streambufIwNS_11char_traitsIwEEE6xsgetnEPwi)
                  00015ed0    00000078                                   : locale.cpp.obj (.text:_ZNSt3__227__num_get_unsigned_integralItEET_PKcS3_Rji)
                  00015f48    00000078                                   : vla_alloc.c.obj (.text:__vla_dealloc)
                  00015fc0    00000078                                   : memory.c.obj (.text:malloc)
                  00016038    00000076                                   : vec_newdel.c.obj (.text:_ZN34_INTERNAL_12_vec_newdel_c_8a08d4a517array_new_generalEPvijjS0_PFYS0_S0_ES2_PFYS0_jEPFYvS0_Eii)
                  000160ae    00000076                                   : string.cpp.obj (.text:_ZNSt3__212basic_stringIcNS_11char_traitsIcEENS_9allocatorIcEEE6resizeEjc)
                  00016124    00000076                                   : none_mb.c.obj (.text:wcsnrtombs)
                  0001619a    00000074                                   : string.cpp.obj (.text:_ZNSt3__212basic_stringIcNS_11char_traitsIcEENS_9allocatorIcEEE6__initEPKcj)
                  0001620e    00000074                                   : string.cpp.obj (.text:_ZNSt3__212basic_stringIcNS_11char_traitsIcEENS_9allocatorIcEEE6__initEPKcjj)
                  00016282    00000074                                   : string.cpp.obj (.text:_ZNSt3__212basic_stringIcNS_11char_traitsIcEENS_9allocatorIcEEE6__initEjc)
                  000162f6    00000002                                   : stdlib_typeinfo.cpp.obj (.text:_ZNSt9type_infoD1Ev)
                  000162f8    00000074                                   : locale.cpp.obj (.text:_ZNSt3__215__num_get_floatIdEET_PKcS3_Rj)
                  0001636c    00000074                                   : locale.cpp.obj (.text:_ZNSt3__215__num_get_floatIeEET_PKcS3_Rj)
                  000163e0    00000074                                   : ios.cpp.obj (.text:_ZNSt3__215basic_streambufIcNS_11char_traitsIcEEE6xsgetnEPci)
                  00016454    00000074                                   : locale.cpp.obj (.text:_ZNSt3__216__check_groupingERKNS_12basic_stringIcNS_11char_traitsIcEENS_9allocatorIcEEEEPjS8_Rj)
                  000164c8    00000074     ComandCenter.obj (.text:_ZNSt3__219__str_find_first_ofIcjNS_11char_traitsIcEELj4294967295EEET0_PKT_S3_S6_S3_S3_)
                  0001653c    00000074     rtsv7M4_T_le_v4SPD16_eabi.lib : locale.cpp.obj (.text:_ZNSt3__227__num_get_unsigned_integralIyEET_PKcS3_Rji)
                  000165b0    00000074                                   : fclose.c.obj (.text:__TI_closefile)
                  00016624    00000072                                   : vec_newdel.c.obj (.text:_ZN34_INTERNAL_12_vec_newdel_c_8a08d4a520array_delete_generalEPvijjPFYS0_S0_EiPFYvS0_Eii)
                  00016696    0000006e                                   : _printfi.c.obj (.text:_mcpy)
                  00016704    0000006e                                   : fd_tos_t2.asm.obj (.text)
                  00016772    0000006c                                   : locale.cpp.obj (.text:_ZNSt3__26locale5__imp7installEPNS0_5facetEl)
                  000167de    0000006a                                   : string.cpp.obj (.text:_ZNSt3__234_GLOBAL__N__10_string_cpp_11932bae17as_integer_helperIlNS_12basic_stringIcNS_11char_traitsIcEENS_9allocatorIcEEEEPFYlPKcPPciEEET_RKS7_RKT0_PjiT1_)
                  00016848    00000068                                   : hostlseek.c.obj (.text:HOSTlseek)
                  000168b0    00000068                                   : hostrename.c.obj (.text:HOSTrename)
                  00016918    00000068                                   : locale.cpp.obj (.text:_ZNKSt3__220__time_get_c_storageIcE3__XEv)
                  00016980    00000068                                   : locale.cpp.obj (.text:_ZNKSt3__220__time_get_c_storageIcE3__xEv)
                  000169e8    00000068                                   : locale.cpp.obj (.text:_ZNKSt3__28time_getIcNS_19istreambuf_iteratorIcNS_11char_traitsIcEEEEE13__get_percentERS4_S4_RjRKNS_5ctypeIcEE)
                  00016a50    00000068                                   : locale.cpp.obj (.text:_ZNKSt3__28time_getIwNS_19istreambuf_iteratorIwNS_11char_traitsIwEEEEE13__get_percentERS4_S4_RjRKNS_5ctypeIwEE)
                  00016ab8    00000068                                   : locale.cpp.obj (.text:_ZNKSt3__28time_putIwNS_19ostreambuf_iteratorIwNS_11char_traitsIwEEEEE6do_putES4_RNS_8ios_baseEwPK2tmcc)
                  00016b20    00000068                                   : string.cpp.obj (.text:_ZNSt3__212basic_stringIcNS_11char_traitsIcEENS_9allocatorIcEEEC1ERKS5_jjRKS4_)
                  00016b88    00000068                                   : ios.cpp.obj (.text:_ZNSt3__215basic_streambufIwNS_11char_traitsIwEEE6xsputnEPKwi)
                  00016bf0    00000068                                   : locale.cpp.obj (.text:_ZNSt3__29__num_getIcE19__stage2_float_prepERNS_8ios_baseEPcRcS5_)
                  00016c58    00000068                                   : locale.cpp.obj (.text:_ZNSt3__29__num_getIwE19__stage2_float_prepERNS_8ios_baseEPwRwS5_)
                  00016cc0    00000068                                   : sscanf.c.obj (.text:_chkmbc)
                  00016d28    00000068                                   : copy_decompress_lzss.c.obj (.text:decompress:lzss:__TI_decompress_lzss)
                  00016d90    00000066                                   : locale.cpp.obj (.text:_ZNKSt3__28time_putIcNS_19ostreambuf_iteratorIcNS_11char_traitsIcEEEEE6do_putES4_RNS_8ios_baseEcPK2tmcc)
                  00016df6    00000064                                   : ios.cpp.obj (.text:_ZNSt3__215basic_streambufIcNS_11char_traitsIcEEE6xsputnEPKci)
                  00016e5a    00000002                                   : _lock.c.obj (.text:_nop)
                  00016e5c    00000064                                   : fprintf.c.obj (.text:fprintf)
                  00016ec0    00000064                                   : s_frexp.c.obj (.text:frexp)
                  00016f24    00000064                                   : fseek.c.obj (.text:fseek)
                  00016f88    00000062                                   : _io_perm.c.obj (.text:__TI_wrt_ok)
                  00016fea    00000002                                   : xlocale.c.obj (.text:freelocale)
                  00016fec    00000060                                   : hostopen.c.obj (.text:HOSTopen)
                  0001704c    00000060                                   : autoinit.c.obj (.text:__TI_auto_init_nobinit:__TI_auto_init_nobinit)
                  000170ac    0000005e                                   : locale.cpp.obj (.text:_ZNKSt3__219istreambuf_iteratorIcNS_11char_traitsIcEEE5equalERKS3_)
                  0001710a    0000005e                                   : locale.cpp.obj (.text:_ZNKSt3__219istreambuf_iteratorIwNS_11char_traitsIwEEE5equalERKS3_)
                  00017168    0000005e                                   : locale.cpp.obj (.text:_ZNSt3__2eqIcNS_11char_traitsIcEEEEbRKNS_19istreambuf_iteratorIT_T0_EES8_)
                  000171c6    0000005e                                   : locale.cpp.obj (.text:_ZNSt3__2neIwNS_11char_traitsIwEEEEbRKNS_19istreambuf_iteratorIT_T0_EES8_)
                  00017224    0000005c                                   : locale.cpp.obj (.text:_ZNKSt3__27collateIcE12do_transformEPKcS3_)
                  00017280    0000005c                                   : close.c.obj (.text:close)
                  000172dc    0000005a                                   : string.cpp.obj (.text:_ZNKSt3__234_GLOBAL__N__10_string_cpp_11932bae14initial_stringINS_12basic_stringIcNS_11char_traitsIcEENS_9allocatorIcEEEEiLb0EEclEv)
                  00017336    0000005a                                   : locale.cpp.obj (.text:_ZNKSt3__28time_getIwNS_19istreambuf_iteratorIwNS_11char_traitsIwEEEEE11do_get_dateES4_S4_RNS_8ios_baseERjP2tm)
                  00017390    0000005a                                   : locale.cpp.obj (.text:_ZNKSt3__28time_getIwNS_19istreambuf_iteratorIwNS_11char_traitsIwEEEEE17__get_white_spaceERS4_S4_RjRKNS_5ctypeIwEE)
                  000173ea    00000002                                   : div0.asm.obj (.text)
                  000173ec    00000058                                   : hostread.c.obj (.text:HOSTread)
                  00017444    00000058                                   : hostwrite.c.obj (.text:HOSTwrite)
                  0001749c    00000058                                   : locale.cpp.obj (.text:_ZNKSt3__28time_getIcNS_19istreambuf_iteratorIcNS_11char_traitsIcEEEEE17__get_white_spaceERS4_S4_RjRKNS_5ctypeIcEE)
                  000174f4    00000056                                   : locale.cpp.obj (.text:_ZNKSt3__28time_getIcNS_19istreambuf_iteratorIcNS_11char_traitsIcEEEEE11do_get_dateES4_S4_RNS_8ios_baseERjP2tm)
                  0001754a    00000056                                   : _printfi.c.obj (.text:_pconv_f)
                  000175a0    00000054                                   : ltoa.c.obj (.text:ltoa)
                  000175f4    00000052                                   : _printfi.c.obj (.text:_ecpy)
                  00017646    00000050                                   : ios.cpp.obj (.text:_ZNSt3__213basic_ostreamIcNS_11char_traitsIcEEE5flushEv)
                  00017696    00000050                                   : ios.cpp.obj (.text:_ZNSt3__213basic_ostreamIwNS_11char_traitsIwEEE5flushEv)
                  000176e6    00000050                                   : none_mb.c.obj (.text:mbsnrtowcs)
                  00017736    0000004c                                   : iostream.cpp.obj (.text:_ZNSt3__211__stdoutbufIcE4syncEv)
                  00017782    0000004c                                   : iostream.cpp.obj (.text:_ZNSt3__211__stdoutbufIwE4syncEv)
                  000177ce    00000002     --HOLE-- [fill = 0]
                  000177d0    0000004c                                   : string.cpp.obj (.text:_ZNSt3__212basic_stringIcNS_11char_traitsIcEENS_9allocatorIcEEEC1ERKS5_)
                  0001781c    0000004c                                   : string.cpp.obj (.text:_ZNSt3__212basic_stringIwNS_11char_traitsIwEENS_9allocatorIwEEEC1ERKS5_)
                  00017868    0000004c                                   : ios.cpp.obj (.text:_ZNSt3__213basic_ostreamIcNS_11char_traitsIcEEE6sentryC1ERS3_)
                  000178b4    0000004c                                   : ios.cpp.obj (.text:_ZNSt3__213basic_ostreamIwNS_11char_traitsIwEEE6sentryC1ERS3_)
                  00017900    0000004c                                   : fflush.c.obj (.text:__TI_doflush)
                  0001794c    0000004c                                   : atoi.c.obj (.text:atoi)
                  00017998    0000004c                                   : snprintf.c.obj (.text:snprintf)
                  000179e4    0000004a                                   : locale.cpp.obj (.text:_ZNSt3__214__num_put_base12__format_intEPcPKcbj)
                  00017a2e    0000004a                                   : _io_perm.c.obj (.text:__TI_rd_ok)
                  00017a78    00000048                                   : locale.cpp.obj (.text:_ZNKSt3__27codecvtIDiciE6do_outERiPKDiS4_RS4_PcS6_RS6_)
                  00017ac0    00000048                                   : locale.cpp.obj (.text:_ZNKSt3__27codecvtIDsciE6do_outERiPKDsS4_RS4_PcS6_RS6_)
                  00017b08    00000048                                   : locale.cpp.obj (.text:_ZNKSt3__27codecvtIwciE10do_unshiftERiPcS3_RS3_)
                  00017b50    00000048                                   : locale.cpp.obj (.text:_ZNKSt3__27codecvtIwciE9do_lengthERiPKcS4_j)
                  00017b98    00000048                                   : iostream.cpp.obj (.text:_ZNSt3__211__stdoutbufIcEC1EP7__sFILEPi)
                  00017be0    00000048                                   : iostream.cpp.obj (.text:_ZNSt3__211__stdoutbufIwEC1EP7__sFILEPi)
                  00017c28    00000048                                   : exit.c.obj (.text:exit)
                  00017c70    00000048                                   : fd_toi_t2.asm.obj (.text)
                  00017cb8    00000046                                   : locale.cpp.obj (.text:_ZNKSt3__28time_getIcNS_19istreambuf_iteratorIcNS_11char_traitsIcEEEEE15__get_monthnameERiRS4_S4_RjRKNS_5ctypeIcEE)
                  00017cfe    00000046                                   : locale.cpp.obj (.text:_ZNKSt3__28time_getIcNS_19istreambuf_iteratorIcNS_11char_traitsIcEEEEE17__get_weekdaynameERiRS4_S4_RjRKNS_5ctypeIcEE)
                  00017d44    00000046                                   : locale.cpp.obj (.text:_ZNKSt3__28time_getIwNS_19istreambuf_iteratorIwNS_11char_traitsIwEEEEE15__get_monthnameERiRS4_S4_RjRKNS_5ctypeIwEE)
                  00017d8a    00000046                                   : locale.cpp.obj (.text:_ZNKSt3__28time_getIwNS_19istreambuf_iteratorIwNS_11char_traitsIwEEEEE17__get_weekdaynameERiRS4_S4_RjRKNS_5ctypeIwEE)
                  00017dd0    00000046                                   : iostream.cpp.obj (.text:_ZNSt3__211__stdoutbufIcE6xsputnEPKci)
                  00017e16    00000046                                   : iostream.cpp.obj (.text:_ZNSt3__211__stdoutbufIwE6xsputnEPKwi)
                  00017e5c    00000044                                   : hostclose.c.obj (.text:HOSTclose)
                  00017ea0    00000044                                   : hostunlink.c.obj (.text:HOSTunlink)
                  00017ee4    00000044                                   : dtor_list.c.obj (.text:_Z25__add_destruction_to_listPP20a_needed_destructionPFYvPvES2_S2_)
                  00017f28    00000044                                   : locale.cpp.obj (.text:_ZNKSt3__210__time_put8__do_putEPcRS1_PK2tmcc)
                  00017f6c    00000044                                   : locale.cpp.obj (.text:_ZNKSt3__27codecvtIDiciE5do_inERiPKcS4_RS4_PDiS6_RS6_)
                  00017fb0    00000044                                   : locale.cpp.obj (.text:_ZNKSt3__27codecvtIDsciE5do_inERiPKcS4_RS4_PDsS6_RS6_)
                  00017ff4    00000044                                   : iostream.cpp.obj (.text:_ZNSt3__210__stdinbufIcEC1EP7__sFILEPi)
                  00018038    00000044                                   : iostream.cpp.obj (.text:_ZNSt3__210__stdinbufIwEC1EP7__sFILEPi)
                  0001807c    00000044                                   : getdevice.c.obj (.text:getdevice)
                  000180c0    00000042                                   : dtor_list.c.obj (.text:_Z23__finalize_destructionsPP20a_needed_destructionPv)
                  00018102    00000042                                   : locale.cpp.obj (.text:_ZNSt3__214__split_bufferIPNS_6locale5facetERNS_15__sso_allocatorIS3_Lj28EEEEC1EjjS6_)
                  00018144    00000040                                   : locale.cpp.obj (.text:_ZNKSt3__28time_getIcNS_19istreambuf_iteratorIcNS_11char_traitsIcEEEEE11do_get_yearES4_S4_RNS_8ios_baseERjP2tm)
                  00018184    00000040                                   : locale.cpp.obj (.text:_ZNKSt3__28time_getIcNS_19istreambuf_iteratorIcNS_11char_traitsIcEEEEE14do_get_weekdayES4_S4_RNS_8ios_baseERjP2tm)
                  000181c4    00000040                                   : locale.cpp.obj (.text:_ZNKSt3__28time_getIcNS_19istreambuf_iteratorIcNS_11char_traitsIcEEEEE16do_get_monthnameES4_S4_RNS_8ios_baseERjP2tm)
                  00018204    00000040                                   : locale.cpp.obj (.text:_ZNKSt3__28time_getIwNS_19istreambuf_iteratorIwNS_11char_traitsIwEEEEE11do_get_timeES4_S4_RNS_8ios_baseERjP2tm)
                  00018244    00000040                                   : locale.cpp.obj (.text:_ZNKSt3__28time_getIwNS_19istreambuf_iteratorIwNS_11char_traitsIwEEEEE11do_get_yearES4_S4_RNS_8ios_baseERjP2tm)
                  00018284    00000040                                   : locale.cpp.obj (.text:_ZNKSt3__28time_getIwNS_19istreambuf_iteratorIwNS_11char_traitsIwEEEEE14do_get_weekdayES4_S4_RNS_8ios_baseERjP2tm)
                  000182c4    00000040                                   : locale.cpp.obj (.text:_ZNKSt3__28time_getIwNS_19istreambuf_iteratorIwNS_11char_traitsIwEEEEE16do_get_monthnameES4_S4_RNS_8ios_baseERjP2tm)
                  00018304    00000040                                   : locale.cpp.obj (.text:_ZNSt3__26locale2id5__getEv)
                  00018344    00000040                                   : ios.cpp.obj (.text:_ZNSt3__28ios_base4initEPv)
                  00018384    00000040                                   : vsnprintf.c.obj (.text:vsnprintf)
                  000183c4    0000003e                                   : locale.cpp.obj (.text:_ZNSt3__26vectorIPNS_6locale5facetENS_15__sso_allocatorIS3_Lj28EEEE8allocateEj)
                  00018402    0000003e                                   : _printfi.c.obj (.text:_fcpy)
                  00018440    0000003d                                   : string.cpp.obj (.text:_ZNSt3__24stoiERKNS_12basic_stringIcNS_11char_traitsIcEENS_9allocatorIcEEEEPji)
                  0001847d    00000003     --HOLE-- [fill = 0]
                  00018480    0000003c                                   : iostream.cpp.obj (.text:_ZNSt3__210__stdinbufIcE5imbueERKNS_6localeE)
                  000184bc    0000003c                                   : memory.c.obj (.text:minsert)
                  000184f8    0000003a                                   : locale.cpp.obj (.text:_ZNKSt3__27collateIwE10do_compareEPKwS3_S3_S3_)
                  00018532    0000003a                                   : locale.cpp.obj (.text:_ZNSt3__214__num_put_base18__identify_paddingEPcS1_RKNS_8ios_baseE)
                  0001856c    00000038                                   : locale.cpp.obj (.text:_ZNKSt3__25ctypeIcE10do_tolowerEPcPKc)
                  000185a4    00000038                                   : locale.cpp.obj (.text:_ZNKSt3__25ctypeIcE10do_toupperEPcPKc)
                  000185dc    00000038                                   : locale.cpp.obj (.text:_ZNKSt3__25ctypeIwE10do_tolowerEPwPKw)
                  00018614    00000038                                   : locale.cpp.obj (.text:_ZNKSt3__25ctypeIwE10do_toupperEPwPKw)
                  0001864c    00000038                                   : locale.cpp.obj (.text:_ZNKSt3__27collateIcE10do_compareEPKcS3_S3_S3_)
                  00018684    00000038                                   : locale.cpp.obj (.text:_ZNKSt3__28time_getIcNS_19istreambuf_iteratorIcNS_11char_traitsIcEEEEE10__get_yearERiRS4_S4_RjRKNS_5ctypeIcEE)
                  000186bc    00000038                                   : locale.cpp.obj (.text:_ZNKSt3__28time_getIwNS_19istreambuf_iteratorIwNS_11char_traitsIwEEEEE10__get_yearERiRS4_S4_RjRKNS_5ctypeIwEE)
                  000186f4    00000038                                   : iostream.cpp.obj (.text:_ZNSt3__210__stdinbufIwE5imbueERKNS_6localeE)
                  0001872c    00000038                                   : locale.cpp.obj (.text:_ZNSt3__26__clocEv)
                  00018764    00000038                                   : ios.cpp.obj (.text:_ZNSt3__28ios_baseD1Ev)
                  0001879c    00000038                                   : locale.cpp.obj (.text:_ZNSt3__28numpunctIcEC1Ej)
                  000187d4    00000038                                   : locale.cpp.obj (.text:_ZNSt3__28numpunctIwEC1Ej)
                  0001880c    00000038                                   : trgmsg.c.obj (.text:__TI_writemsg)
                  00018844    00000038                                   : boot_cortex_m.c.obj (.text:_c_int00_noargs:_c_int00_noargs)
                  0001887c    00000038                                   : memory.c.obj (.text:minit)
                  000188b4    00000038                                   : sscanf.c.obj (.text:sscanf)
                  000188ec    00000036                                   : strncpy.c.obj (.text:strncpy)
                  00018922    00000036                                   : vasprintf.c.obj (.text:vasprintf)
                  00018958    00000034                                   : locale.cpp.obj (.text:_ZNKSt3__28time_getIcNS_19istreambuf_iteratorIcNS_11char_traitsIcEEEEE11do_get_timeES4_S4_RNS_8ios_baseERjP2tm)
                  0001898c    00000034                                   : string.cpp.obj (.text:_ZNSt3__29to_stringEi)
                  000189c0    00000034                                   : fopen.c.obj (.text:__TI_cleanup)
                  000189f4    00000034                                   : trgmsg.c.obj (.text:__TI_readmsg)
                  00018a28    00000034                                   : dtor_list.c.obj (.text:__aeabi_atexit)
                  00018a5c    00000032                                   : locale.cpp.obj (.text:_ZNKSt3__27collateIwE7do_hashEPKwS3_)
                  00018a8e    00000032                                   : locale.cpp.obj (.text:_ZNKSt3__28time_getIcNS_19istreambuf_iteratorIcNS_11char_traitsIcEEEEE13__get_12_hourERiRS4_S4_RjRKNS_5ctypeIcEE)
                  00018ac0    00000032                                   : locale.cpp.obj (.text:_ZNKSt3__28time_getIcNS_19istreambuf_iteratorIcNS_11char_traitsIcEEEEE9__get_dayERiRS4_S4_RjRKNS_5ctypeIcEE)
                  00018af2    00000032                                   : locale.cpp.obj (.text:_ZNKSt3__28time_getIwNS_19istreambuf_iteratorIwNS_11char_traitsIwEEEEE13__get_12_hourERiRS4_S4_RjRKNS_5ctypeIwEE)
                  00018b24    00000032                                   : locale.cpp.obj (.text:_ZNKSt3__28time_getIwNS_19istreambuf_iteratorIwNS_11char_traitsIwEEEEE9__get_dayERiRS4_S4_RjRKNS_5ctypeIwEE)
                  00018b56    00000030                                   : locale.cpp.obj (.text:_ZNKSt3__27collateIcE7do_hashEPKcS3_)
                  00018b86    00000030                                   : locale.cpp.obj (.text:_ZNKSt3__28time_getIcNS_19istreambuf_iteratorIcNS_11char_traitsIcEEEEE11__get_monthERiRS4_S4_RjRKNS_5ctypeIcEE)
                  00018bb6    00000030                                   : locale.cpp.obj (.text:_ZNKSt3__28time_getIcNS_19istreambuf_iteratorIcNS_11char_traitsIcEEEEE18__get_day_year_numERiRS4_S4_RjRKNS_5ctypeIcEE)
                  00018be6    00000030                                   : locale.cpp.obj (.text:_ZNKSt3__28time_getIwNS_19istreambuf_iteratorIwNS_11char_traitsIwEEEEE11__get_monthERiRS4_S4_RjRKNS_5ctypeIwEE)
                  00018c16    00000030                                   : locale.cpp.obj (.text:_ZNKSt3__28time_getIwNS_19istreambuf_iteratorIwNS_11char_traitsIwEEEEE18__get_day_year_numERiRS4_S4_RjRKNS_5ctypeIwEE)
                  00018c46    00000030                                   : locale.cpp.obj (.text:_ZNSt3__219ostreambuf_iteratorIcNS_11char_traitsIcEEEaSEc)
                  00018c76    00000030                                   : locale.cpp.obj (.text:_ZNSt3__219ostreambuf_iteratorIwNS_11char_traitsIwEEEaSEw)
                  00018ca6    00000002     --HOLE-- [fill = 0]
                  00018ca8    00000030                                   : string.cpp.obj (.text:_ZNSt3__234_GLOBAL__N__10_string_cpp_11932bae12throw_helperISt12out_of_rangeEEvRKNS_12basic_stringIcNS_11char_traitsIcEENS_9allocatorIcEEEE)
                  00018cd8    00000030                                   : string.cpp.obj (.text:_ZNSt3__234_GLOBAL__N__10_string_cpp_11932bae12throw_helperISt16invalid_argumentEEvRKNS_12basic_stringIcNS_11char_traitsIcEENS_9allocatorIcEEEE)
                  00018d08    00000030                                   : locale.cpp.obj (.text:_ZNSt3__26locale8__globalEv)
                  00018d38    00000030                                   : iostream.cpp.obj (.text:_ZNSt3__28ios_base4InitD1Ev)
                  00018d68    00000030                                   : snprintf.c.obj (.text:_outs)
                  00018d98    00000030                                   : vsnprintf.c.obj (.text:_outs)
                  00018dc8    00000030                                   : getdevice.c.obj (.text:finddevice)
                  00018df8    0000002e                                   : locale.cpp.obj (.text:_ZNKSt3__25ctypeIwE5do_isEPKwS3_Ph)
                  00018e26    0000002e                                   : locale.cpp.obj (.text:_ZNKSt3__27codecvtIwciE11do_encodingEv)
                  00018e54    0000002e                                   : locale.cpp.obj (.text:_ZNKSt3__28time_getIcNS_19istreambuf_iteratorIcNS_11char_traitsIcEEEEE10__get_hourERiRS4_S4_RjRKNS_5ctypeIcEE)
                  00018e82    0000002e                                   : locale.cpp.obj (.text:_ZNKSt3__28time_getIcNS_19istreambuf_iteratorIcNS_11char_traitsIcEEEEE12__get_minuteERiRS4_S4_RjRKNS_5ctypeIcEE)
                  00018eb0    0000002e                                   : locale.cpp.obj (.text:_ZNKSt3__28time_getIcNS_19istreambuf_iteratorIcNS_11char_traitsIcEEEEE12__get_secondERiRS4_S4_RjRKNS_5ctypeIcEE)
                  00018ede    0000002e                                   : locale.cpp.obj (.text:_ZNKSt3__28time_getIcNS_19istreambuf_iteratorIcNS_11char_traitsIcEEEEE13__get_weekdayERiRS4_S4_RjRKNS_5ctypeIcEE)
                  00018f0c    0000002e                                   : locale.cpp.obj (.text:_ZNKSt3__28time_getIwNS_19istreambuf_iteratorIwNS_11char_traitsIwEEEEE10__get_hourERiRS4_S4_RjRKNS_5ctypeIwEE)
                  00018f3a    0000002e                                   : locale.cpp.obj (.text:_ZNKSt3__28time_getIwNS_19istreambuf_iteratorIwNS_11char_traitsIwEEEEE12__get_minuteERiRS4_S4_RjRKNS_5ctypeIwEE)
                  00018f68    0000002e                                   : locale.cpp.obj (.text:_ZNKSt3__28time_getIwNS_19istreambuf_iteratorIwNS_11char_traitsIwEEEEE12__get_secondERiRS4_S4_RjRKNS_5ctypeIwEE)
                  00018f96    0000002e                                   : locale.cpp.obj (.text:_ZNKSt3__28time_getIwNS_19istreambuf_iteratorIwNS_11char_traitsIwEEEEE13__get_weekdayERiRS4_S4_RjRKNS_5ctypeIwEE)
                  00018fc4    0000002e                                   : string.cpp.obj (.text:_ZNSt3__212basic_stringIcNS_11char_traitsIcEENS_9allocatorIcEEEaSERKS5_)
                  00018ff2    0000002e                                   : locale.cpp.obj (.text:_ZNSt3__214__split_bufferIPNS_6locale5facetERNS_15__sso_allocatorIS3_Lj28EEEED1Ev)
                  00019020    0000002e                                   : none_mb.c.obj (.text:mbtowc)
                  0001904e    0000002e                                   : i_tofd_t2.asm.obj (.text)
                  0001907c    0000002c                                   : iostream.cpp.obj (.text:_ZNSt3__211__stdoutbufIcE5imbueERKNS_6localeE)
                  000190a8    0000002c                                   : iostream.cpp.obj (.text:_ZNSt3__211__stdoutbufIwE5imbueERKNS_6localeE)
                  000190d4    0000002c                                   : locale.cpp.obj (.text:_ZNSt3__26locale7classicEv)
                  00019100    0000002c                                   : unlink.c.obj (.text:unlink)
                  0001912c    0000002a                                   : locale.cpp.obj (.text:_ZNKSt3__25ctypeIwE10do_scan_isEhPKwS3_)
                  00019156    0000002a                                   : locale.cpp.obj (.text:_ZNKSt3__25ctypeIwE11do_scan_notEhPKwS3_)
                  00019180    0000002a                                   : ios.cpp.obj (.text:_ZNSt3__215basic_streambufIcNS_11char_traitsIcEEE7seekposENS_4fposIiEEj)
                  000191aa    0000002a                                   : ios.cpp.obj (.text:_ZNSt3__215basic_streambufIwNS_11char_traitsIwEEE7seekposENS_4fposIiEEj)
                  000191d4    00000028                                   : lseek.c.obj (.text:lseek)
                  000191fc    00000028                                   : memory.c.obj (.text:mremove)
                  00019224    00000028                                   : read.c.obj (.text:read)
                  0001924c    00000028                                   : write.c.obj (.text:write)
                  00019274    00000026                                   : locale.cpp.obj (.text:_ZNKSt3__28numpunctIcE12do_falsenameEv)
                  0001929a    00000026                                   : locale.cpp.obj (.text:_ZNKSt3__28time_getIcNS_19istreambuf_iteratorIcNS_11char_traitsIcEEEEE11__get_year4ERiRS4_S4_RjRKNS_5ctypeIcEE)
                  000192c0    00000026                                   : locale.cpp.obj (.text:_ZNKSt3__28time_getIwNS_19istreambuf_iteratorIwNS_11char_traitsIwEEEEE11__get_year4ERiRS4_S4_RjRKNS_5ctypeIwEE)
                  000192e6    00000026                                   : ios.cpp.obj (.text:_ZNSt3__28ios_base16__call_callbacksENS0_5eventE)
                  0001930c    00000026                                   : none_mb.c.obj (.text:mbrtowc)
                  00019332    00000024     Monitor.obj (.text:_ZN10RingBufferIcE3GetEv)
                  00019356    00000002     --HOLE-- [fill = 0]
                  00019358    00000024     rtsv7M4_T_le_v4SPD16_eabi.lib : locale.cpp.obj (.text:_ZNKSt3__25ctypeIcE10do_tolowerEc)
                  0001937c    00000024                                   : locale.cpp.obj (.text:_ZNKSt3__25ctypeIcE10do_toupperEc)
                  000193a0    00000024                                   : locale.cpp.obj (.text:_ZNKSt3__25ctypeIwE10do_tolowerEw)
                  000193c4    00000024                                   : locale.cpp.obj (.text:_ZNKSt3__25ctypeIwE9do_narrowEPKwS3_cPc)
                  000193e8    00000024                                   : ios.cpp.obj (.text:_ZNSt3__215basic_streambufIcNS_11char_traitsIcEEE5uflowEv)
                  0001940c    00000024                                   : ios.cpp.obj (.text:_ZNSt3__215basic_streambufIcNS_11char_traitsIcEEEC1Ev)
                  00019430    00000024                                   : ios.cpp.obj (.text:_ZNSt3__215basic_streambufIwNS_11char_traitsIwEEE5uflowEv)
                  00019454    00000024                                   : ios.cpp.obj (.text:_ZNSt3__215basic_streambufIwNS_11char_traitsIwEEEC1Ev)
                  00019478    00000024                                   : locale.cpp.obj (.text:_ZNSt3__25ctypeIcEC1EPKhbj)
                  0001949c    00000024                                   : locale.cpp.obj (.text:_ZNSt3__26vectorIPNS_6locale5facetENS_15__sso_allocatorIS3_Lj28EEEEC1Ej)
                  000194c0    00000024                                   : locale.cpp.obj (.text:_ZNSt3__27codecvtIwciED1Ev)
                  000194e4    00000024                                   : vec_newdel.c.obj (.text:__cxa_vec_ctor)
                  00019508    00000024                                   : memcmp.c.obj (.text:memcmp)
                  0001952c    00000024                                   : memmov.c.obj (.text:memmove)
                  00019550    00000022                                   : locale.cpp.obj (.text:_ZNKSt3__25ctypeIcE9do_narrowEPKcS3_cPc)
                  00019572    00000022                                   : locale.cpp.obj (.text:_ZNKSt3__25ctypeIwE10do_toupperEw)
                  00019594    00000022                                   : locale.cpp.obj (.text:_ZNSt3__214__num_get_base10__get_baseERNS_8ios_baseE)
                  000195b6    00000022                                   : new.cpp.obj (.text:_Znwj)
                  000195d8    00000021                                   : locale.cpp.obj (.text:_ZNKSt3__28numpunctIcE11do_truenameEv)
                  000195f9    00000001     --HOLE-- [fill = 0]
                  000195fa    00000020                                   : iostream.cpp.obj (.text:_ZNKSt3__27codecvtIcciE3outERiPKcS4_RS4_PcS6_RS6_)
                  0001961a    00000020                                   : iostream.cpp.obj (.text:_ZNKSt3__27codecvtIwciE3outERiPKwS4_RS4_PcS6_RS6_)
                  0001963a    00000020                                   : string.cpp.obj (.text:_ZNSt3__212basic_stringIcNS_11char_traitsIcEENS_9allocatorIcEEED1Ev)
                  0001965a    00000020                                   : string.cpp.obj (.text:_ZNSt3__212basic_stringIwNS_11char_traitsIwEENS_9allocatorIwEEED1Ev)
                  0001967a    00000020                                   : locale.cpp.obj (.text:_ZNSt3__217__call_once_proxyINS_5tupleIJONS_34_GLOBAL__N__10_locale_cpp_a718320311__fake_bindEEEEEEvPv)
                  0001969a    00000020                                   : locale.cpp.obj (.text:_ZNSt3__219istreambuf_iteratorIcNS_11char_traitsIcEEEppEv)
                  000196ba    00000020                                   : locale.cpp.obj (.text:_ZNSt3__219istreambuf_iteratorIwNS_11char_traitsIwEEEppEv)
                  000196da    00000002     --HOLE-- [fill = 0]
                  000196dc    00000020                                   : string.cpp.obj (.text:_ZNSt3__234_GLOBAL__N__10_string_cpp_11932bae29throw_from_string_invalid_argERKNS_12basic_stringIcNS_11char_traitsIcEENS_9allocatorIcEEEE)
                  000196fc    00000020                                   : string.cpp.obj (.text:_ZNSt3__234_GLOBAL__N__10_string_cpp_11932bae30throw_from_string_out_of_rangeERKNS_12basic_stringIcNS_11char_traitsIcEENS_9allocatorIcEEEE)
                  0001971c    00000020                                   : iostream.cpp.obj (.text:__sti___12_iostream_cpp_d173592a__prio101)
                  0001973c    00000020                                   : wctype.c.obj (.text:iswlower)
                  0001975c    00000020                                   : memchr.c.obj (.text:memchr)
                  0001977c    00000020                                   : sscanf.c.obj (.text:vsscanf)
                  0001979c    00000020                                   : none_mb.c.obj (.text:wcrtomb)
                  000197bc    0000001e                                   : locale.cpp.obj (.text:_ZNKSt3__210moneypunctIcLb0EE13do_neg_formatEv)
                  000197da    0000001e                                   : locale.cpp.obj (.text:_ZNKSt3__210moneypunctIcLb0EE13do_pos_formatEv)
                  000197f8    0000001e                                   : locale.cpp.obj (.text:_ZNKSt3__210moneypunctIcLb0EE16do_negative_signEv)
                  00019816    0000001e                                   : locale.cpp.obj (.text:_ZNKSt3__210moneypunctIcLb1EE13do_neg_formatEv)
                  00019834    0000001e                                   : locale.cpp.obj (.text:_ZNKSt3__210moneypunctIcLb1EE13do_pos_formatEv)
                  00019852    0000001e                                   : locale.cpp.obj (.text:_ZNKSt3__210moneypunctIcLb1EE16do_negative_signEv)
                  00019870    0000001e                                   : locale.cpp.obj (.text:_ZNKSt3__210moneypunctIwLb0EE13do_neg_formatEv)
                  0001988e    0000001e                                   : locale.cpp.obj (.text:_ZNKSt3__210moneypunctIwLb0EE13do_pos_formatEv)
                  000198ac    0000001e                                   : locale.cpp.obj (.text:_ZNKSt3__210moneypunctIwLb0EE16do_negative_signEv)
                  000198ca    0000001e                                   : locale.cpp.obj (.text:_ZNKSt3__210moneypunctIwLb1EE13do_neg_formatEv)
                  000198e8    0000001e                                   : locale.cpp.obj (.text:_ZNKSt3__210moneypunctIwLb1EE13do_pos_formatEv)
                  00019906    0000001e                                   : locale.cpp.obj (.text:_ZNKSt3__210moneypunctIwLb1EE16do_negative_signEv)
                  00019924    0000001e                                   : string.cpp.obj (.text:_ZNSt3__211char_traitsIcE6assignEPcjc)
                  00019942    0000001e                                   : string.cpp.obj (.text:_ZNSt3__212basic_stringIcNS_11char_traitsIcEENS_9allocatorIcEEEC1Ev)
                  00019960    0000001e                                   : string.cpp.obj (.text:_ZNSt3__212basic_stringIwNS_11char_traitsIwEENS_9allocatorIwEEEC1Ev)
                  0001997e    0000001e                                   : ios.cpp.obj (.text:_ZNSt3__215basic_streambufIcNS_11char_traitsIcEEE7seekoffExNS_8ios_base7seekdirEj)
                  0001999c    0000001e                                   : ios.cpp.obj (.text:_ZNSt3__215basic_streambufIwNS_11char_traitsIwEEE7seekoffExNS_8ios_base7seekdirEj)
                  000199ba    0000001c                                   : locale.cpp.obj (.text:_ZNKSt3__210moneypunctIcLb0EE11do_groupingEv)
                  000199d6    0000001c                                   : locale.cpp.obj (.text:_ZNKSt3__210moneypunctIcLb0EE14do_curr_symbolEv)
                  000199f2    0000001c                                   : locale.cpp.obj (.text:_ZNKSt3__210moneypunctIcLb0EE16do_positive_signEv)
                  00019a0e    0000001c                                   : locale.cpp.obj (.text:_ZNKSt3__210moneypunctIcLb1EE11do_groupingEv)
                  00019a2a    0000001c                                   : locale.cpp.obj (.text:_ZNKSt3__210moneypunctIcLb1EE14do_curr_symbolEv)
                  00019a46    0000001c                                   : locale.cpp.obj (.text:_ZNKSt3__210moneypunctIcLb1EE16do_positive_signEv)
                  00019a62    0000001c                                   : locale.cpp.obj (.text:_ZNKSt3__210moneypunctIwLb0EE11do_groupingEv)
                  00019a7e    0000001c                                   : locale.cpp.obj (.text:_ZNKSt3__210moneypunctIwLb0EE14do_curr_symbolEv)
                  00019a9a    0000001c                                   : locale.cpp.obj (.text:_ZNKSt3__210moneypunctIwLb0EE16do_positive_signEv)
                  00019ab6    0000001c                                   : locale.cpp.obj (.text:_ZNKSt3__210moneypunctIwLb1EE11do_groupingEv)
                  00019ad2    0000001c                                   : locale.cpp.obj (.text:_ZNKSt3__210moneypunctIwLb1EE14do_curr_symbolEv)
                  00019aee    0000001c                                   : locale.cpp.obj (.text:_ZNKSt3__210moneypunctIwLb1EE16do_positive_signEv)
                  00019b0a    0000001c                                   : locale.cpp.obj (.text:_ZNKSt3__25ctypeIwE5do_isEhw)
                  00019b26    0000001c                                   : string.cpp.obj (.text:_ZNSt3__212basic_stringIcNS_11char_traitsIcEENS_9allocatorIcEEE6insertEjPKc)
                  00019b42    00000002     --HOLE-- [fill = 0]
                  00019b44    0000001c                                   : ios.cpp.obj (.text:_ZNSt3__213basic_istreamIcNS_11char_traitsIcEEED1Ev)
                  00019b60    0000001c                                   : ios.cpp.obj (.text:_ZNSt3__213basic_istreamIwNS_11char_traitsIwEEED1Ev)
                  00019b7c    0000001c                                   : ios.cpp.obj (.text:_ZNSt3__213basic_ostreamIcNS_11char_traitsIcEEED1Ev)
                  00019b98    0000001c                                   : ios.cpp.obj (.text:_ZNSt3__213basic_ostreamIwNS_11char_traitsIwEEED1Ev)
                  00019bb4    0000001c                                   : locale.cpp.obj (.text:_ZNSt3__26locale5__imp12make_classicEv)
                  00019bd0    0000001c                                   : locale.cpp.obj (.text:_ZNSt3__27codecvtIwciEC1Ej)
                  00019bec    0000001c                                   : vec_newdel.c.obj (.text:__cxa_vec_dtor)
                  00019c08    0000001c                                   : memccpy.c.obj (.text:memccpy)
                  00019c24    0000001c                                   : locale_stdio.c.obj (.text:snprintf_l)
                  00019c40    0000001a                                   : locale.cpp.obj (.text:_ZNSt3__214__shared_count16__release_sharedEv)
                  00019c5a    0000001a                                   : locale.cpp.obj (.text:_ZNSt3__28numpunctIcED1Ev)
                  00019c74    0000001a                                   : locale.cpp.obj (.text:_ZNSt3__28numpunctIwED1Ev)
                  00019c8e    0000001a                                   : locale.cpp.obj (.text:_ZNSt3__28time_putIcNS_19ostreambuf_iteratorIcNS_11char_traitsIcEEEEED0Ev)
                  00019ca8    0000001a                                   : locale.cpp.obj (.text:_ZNSt3__28time_putIwNS_19ostreambuf_iteratorIwNS_11char_traitsIwEEEEED0Ev)
                  00019cc2    0000001a                                   : asprintf.c.obj (.text:asprintf_l)
                  00019cdc    0000001a                                   : locale_stdio.c.obj (.text:sscanf_l)
                  00019cf6    00000002     --HOLE-- [fill = 0]
                  00019cf8    00000018                                   : locale.cpp.obj (.text:$P$F1)
                  00019d10    00000018     Glue.obj (.text)
                  00019d28    00000018     rtsv7M4_T_le_v4SPD16_eabi.lib : locale.cpp.obj (.text:_ZNKSt3__25ctypeIcE8do_widenEPKcS3_Pc)
                  00019d40    00000018                                   : locale.cpp.obj (.text:_ZNKSt3__25ctypeIwE8do_widenEPKcS3_Pw)
                  00019d58    00000018                                   : locale.cpp.obj (.text:_ZNKSt3__27codecvtIDiciE9do_lengthERiPKcS4_j)
                  00019d70    00000018                                   : locale.cpp.obj (.text:_ZNKSt3__27codecvtIDsciE9do_lengthERiPKcS4_j)
                  00019d88    00000018                                   : locale.cpp.obj (.text:_ZNSt3__210__time_putD1Ev)
                  00019da0    00000018                                   : mutex.cpp.obj (.text:_ZNSt3__211__call_onceERVmPvPFvS2_E)
                  00019db8    00000018                                   : string.cpp.obj (.text:_ZNSt3__212basic_stringIcNS_11char_traitsIcEENS_9allocatorIcEEE6appendEPKc)
                  00019dd0    00000018                                   : string.cpp.obj (.text:_ZNSt3__212basic_stringIcNS_11char_traitsIcEENS_9allocatorIcEEE6assignEPKc)
                  00019de8    00000018                                   : string.cpp.obj (.text:_ZNSt3__212basic_stringIwNS_11char_traitsIwEENS_9allocatorIwEEE6assignEPKw)
                  00019e00    00000018                                   : locale.cpp.obj (.text:_ZNSt3__25ctypeIcED1Ev)
                  00019e18    00000018                                   : locale.cpp.obj (.text:_ZNSt3__26locale5__imp11make_globalEv)
                  00019e30    00000018                                   : locale.cpp.obj (.text:_ZNSt3__26localeD1Ev)
                  00019e48    00000018                                   : locale.cpp.obj (.text:_ZNSt3__26vectorIPNS_6locale5facetENS_15__sso_allocatorIS3_Lj28EEEE18__construct_at_endEj)
                  00019e60    00000018                                   : snprintf.c.obj (.text:_outc)
                  00019e78    00000018                                   : vsnprintf.c.obj (.text:_outc)
                  00019e90    00000018                                   : ll_mul_t2.asm.obj (.text)
                  00019ea8    00000018                                   : strcmp.c.obj (.text:strcmp)
                  00019ec0    00000018                                   : strrchr.c.obj (.text:strrchr)
                  00019ed8    00000016                                   : locale.cpp.obj (.text:_ZNKSt3__26locale9use_facetERNS0_2idE)
                  00019eee    00000016                                   : ios.cpp.obj (.text:_ZNSt3__215basic_streambufIcNS_11char_traitsIcEEE5sgetcEv)
[...]
20021184  __TI_cleanup_ptr                                                                                                                                                                         
20021188  __TI_dtors_ptr                                                                                                                                                                           
2002118c  __TI_enable_exit_profile_output                                                                                                                                                          
2002119c  _lock                                                                                                                                                                                    
200211a0  _unlock                                                                                                                                                                                  
200211a4  _ZNSt3__210moneypunctIcLb0EE2idE                                                                                                                                                         
200211ac  _ZNSt3__210moneypunctIcLb1EE2idE                                                                                                                                                         
200211b4  _ZNSt3__210moneypunctIwLb0EE2idE                                                                                                                                                         
200211bc  _ZNSt3__210moneypunctIwLb1EE2idE                                                                                                                                                         
200211c4  _ZNSt3__27collateIcE2idE                                                                                                                                                                 
200211cc  _ZNSt3__27collateIwE2idE                                                                                                                                                                 
200211d4  _ZNSt3__27num_getIcNS_19istreambuf_iteratorIcNS_11char_traitsIcEEEEE2idE                                                                                                                 
200211dc  _ZNSt3__27num_getIwNS_19istreambuf_iteratorIwNS_11char_traitsIwEEEEE2idE                                                                                                                 
200211e4  _ZNSt3__27num_putIcNS_19ostreambuf_iteratorIcNS_11char_traitsIcEEEEE2idE                                                                                                                 
200211ec  _ZNSt3__27num_putIwNS_19ostreambuf_iteratorIwNS_11char_traitsIwEEEEE2idE                                                                                                                 
200211f4  _ZNSt3__28messagesIcE2idE                                                                                                                                                                
200211fc  _ZNSt3__28messagesIwE2idE                                                                                                                                                                
20021204  _ZNSt3__28time_getIcNS_19istreambuf_iteratorIcNS_11char_traitsIcEEEEE2idE                                                                                                                
2002120c  _ZNSt3__28time_getIwNS_19istreambuf_iteratorIwNS_11char_traitsIwEEEEE2idE                                                                                                                
20021214  _ZNSt3__28time_putIcNS_19ostreambuf_iteratorIcNS_11char_traitsIcEEEEE2idE                                                                                                                
2002121c  _ZNSt3__28time_putIwNS_19ostreambuf_iteratorIwNS_11char_traitsIwEEEEE2idE                                                                                                                
20021224  _ZNSt3__29money_getIcNS_19istreambuf_iteratorIcNS_11char_traitsIcEEEEE2idE                                                                                                               
2002122c  _ZNSt3__29money_getIwNS_19istreambuf_iteratorIwNS_11char_traitsIwEEEEE2idE                                                                                                               
20021234  _ZNSt3__29money_putIcNS_19ostreambuf_iteratorIcNS_11char_traitsIcEEEEE2idE                                                                                                               
2002123c  _ZNSt3__29money_putIwNS_19ostreambuf_iteratorIwNS_11char_traitsIwEEEEE2idE                                                                                                               
20021244  _ZN13CommandCenter22CommandCenterInstance_E                                                                                                                                              
20021248  _ZN13ISRMsgHandler22ISRMsgHandlerInstance_E                                                                                                                                              
2002124c  _ZN13SysTickDriver22SysTickDriverInstance_E                                                                                                                                              
20021250  _ZN11TimeHandler20TimeHandlerInstance_E                                                                                                                                                  
20021254  _ZN11UART0Driver20UART0DriverInstance_E                                                                                                                                                  
2002125c  errno                                                                                                                                                                                    
200213a8  _ZNSt3__24coutE                                                                                                                                                                          
200213fc  _ZNSt3__25wcoutE                                                                                                                                                                         
20021450  _ZNSt3__24cerrE                                                                                                                                                                          
200214a4  _ZNSt3__25wcerrE                                                                                                                                                                         
200214f8  _ZNSt3__24clogE                                                                                                                                                                          
2002154c  _ZNSt3__25wclogE                                                                                                                                                                         
200215a0  _ZNSt3__23cinE                                                                                                                                                                           
200215f8  _ZNSt3__24wcinE                                                                                                                                                                          
20021650  aardvark                                                                                                                                                                                 
2002165c  beaver                                                                                                                                                                                   
20021668  cow                                                                                                                                                                                      
20021674  dog                                                                                                                                                                                      
20021680  elephant                                                                                                                                                                                 
2002168c  frog                                                                                                                                                                                     
20021698  gorilla                                                                                                                                                                                  
200216a4  horse                                                                                                                                                                                    
200216b0  kangaroo                                                                                                                                                                                 
200216bc  lizard                                                                                                                                                                                   
200216c8  moose                                                                                                                                                                                    
200216d4  octopus                                                                                                                                                                                  
200216e0  parrot                                                                                                                                                                                   
200216ec  rabbit                                                                                                                                                                                   
200216f8  scorpion                                                                                                                                                                                 
20021704  turtle                                                                                                                                                                                   
20021710  unicorn                                                                                                                                                                                  
2002171c  vulture                                                                                                                                                                                  
20021728  wolf                                                                                                                                                                                     
20021734  zebra                                                                                                                                                                                    
20021830  __CIOBUF_                                                                                                                                                                                
20021950  _ZZNSt3__234_GLOBAL__N__10_locale_cpp_a71832034makeINS_6locale5__impEjEERT_T0_E3buf                                                                                                      
200219f0  __TI_tmpnams                                                                                                                                                                             
20021ab0  _ZZNSt3__234_GLOBAL__N__10_locale_cpp_a71832034makeINS_8numpunctIcEEjEERT_T0_E3buf                                                                                                       
20021ac8  _ZZNSt3__234_GLOBAL__N__10_locale_cpp_a71832034makeINS_8numpunctIwEEjEERT_T0_E3buf                                                                                                       
20021ae0  _ZZNSt3__234_GLOBAL__N__10_locale_cpp_a71832034makeINS_5ctypeIcEEDnbjEERT_T0_T1_T2_E3buf                                                                                                 
20021af0  _ZZNSt3__234_GLOBAL__N__10_locale_cpp_a71832034makeINS_7codecvtIwciEEjEERT_T0_E3buf                                                                                                      
20021b00  _ZZNSt3__234_GLOBAL__N__10_locale_cpp_a71832034makeINS_8time_getIcNS_19istreambuf_iteratorIcNS_11char_traitsIcEEEEEEjEERT_T0_E3buf                                                       
20021b10  _ZZNSt3__234_GLOBAL__N__10_locale_cpp_a71832034makeINS_8time_getIwNS_19istreambuf_iteratorIwNS_11char_traitsIwEEEEEEjEERT_T0_E3buf                                                       
20021b20  _ZZNSt3__234_GLOBAL__N__10_locale_cpp_a71832034makeINS_8time_putIcNS_19ostreambuf_iteratorIcNS_11char_traitsIcEEEEEEjEERT_T0_E3buf                                                       
20021b30  _ZZNSt3__234_GLOBAL__N__10_locale_cpp_a71832034makeINS_8time_putIwNS_19ostreambuf_iteratorIwNS_11char_traitsIwEEEEEEjEERT_T0_E3buf                                                       
20021b40  _ZZNSt3__234_GLOBAL__N__10_locale_cpp_a71832034makeINS_10moneypunctIcLb0EEEjEERT_T0_E3buf                                                                                                
20021b48  _ZZNSt3__234_GLOBAL__N__10_locale_cpp_a71832034makeINS_10moneypunctIcLb1EEEjEERT_T0_E3buf                                                                                                
20021b50  _ZZNSt3__234_GLOBAL__N__10_locale_cpp_a71832034makeINS_10moneypunctIwLb0EEEjEERT_T0_E3buf                                                                                                
20021b58  _ZZNSt3__234_GLOBAL__N__10_locale_cpp_a71832034makeINS_10moneypunctIwLb1EEEjEERT_T0_E3buf                                                                                                
20021b60  _ZZNSt3__234_GLOBAL__N__10_locale_cpp_a71832034makeINS_5ctypeIwEEjEERT_T0_E3buf                                                                                                          
20021b68  _ZZNSt3__234_GLOBAL__N__10_locale_cpp_a71832034makeINS_7codecvtIDiciEEjEERT_T0_E3buf                                                                                                     
20021b70  _ZZNSt3__234_GLOBAL__N__10_locale_cpp_a71832034makeINS_7codecvtIDsciEEjEERT_T0_E3buf                                                                                                     
20021b78  _ZZNSt3__234_GLOBAL__N__10_locale_cpp_a71832034makeINS_7codecvtIcciEEjEERT_T0_E3buf                                                                                                      
20021b80  _ZZNSt3__234_GLOBAL__N__10_locale_cpp_a71832034makeINS_7collateIcEEjEERT_T0_E3buf                                                                                                        
20021b88  _ZZNSt3__234_GLOBAL__N__10_locale_cpp_a71832034makeINS_7collateIwEEjEERT_T0_E3buf                                                                                                        
20021b90  _ZZNSt3__234_GLOBAL__N__10_locale_cpp_a71832034makeINS_7num_getIcNS_19istreambuf_iteratorIcNS_11char_traitsIcEEEEEEjEERT_T0_E3buf                                                        
20021b98  _ZZNSt3__234_GLOBAL__N__10_locale_cpp_a71832034makeINS_7num_getIwNS_19istreambuf_iteratorIwNS_11char_traitsIwEEEEEEjEERT_T0_E3buf                                                        
20021ba0  _ZZNSt3__234_GLOBAL__N__10_locale_cpp_a71832034makeINS_7num_putIcNS_19ostreambuf_iteratorIcNS_11char_traitsIcEEEEEEjEERT_T0_E3buf                                                        
20021ba8  _ZZNSt3__234_GLOBAL__N__10_locale_cpp_a71832034makeINS_7num_putIwNS_19ostreambuf_iteratorIwNS_11char_traitsIwEEEEEEjEERT_T0_E3buf                                                        
20021bb0  _ZZNSt3__234_GLOBAL__N__10_locale_cpp_a71832034makeINS_8messagesIcEEjEERT_T0_E3buf                                                                                                       
20021bb8  _ZZNSt3__234_GLOBAL__N__10_locale_cpp_a71832034makeINS_8messagesIwEEjEERT_T0_E3buf                                                                                                       
20021bc0  _ZZNSt3__234_GLOBAL__N__10_locale_cpp_a71832034makeINS_9money_getIcNS_19istreambuf_iteratorIcNS_11char_traitsIcEEEEEEjEERT_T0_E3buf                                                      
20021bc8  _ZZNSt3__234_GLOBAL__N__10_locale_cpp_a71832034makeINS_9money_getIwNS_19istreambuf_iteratorIwNS_11char_traitsIwEEEEEEjEERT_T0_E3buf                                                      
20021bd0  _ZZNSt3__234_GLOBAL__N__10_locale_cpp_a71832034makeINS_9money_putIcNS_19ostreambuf_iteratorIcNS_11char_traitsIcEEEEEEjEERT_T0_E3buf                                                      
20021bd8  _ZZNSt3__234_GLOBAL__N__10_locale_cpp_a71832034makeINS_9money_putIwNS_19ostreambuf_iteratorIwNS_11char_traitsIwEEEEEEjEERT_T0_E3buf                                                      
20021be0  parmbuf                                                                                                                                                                                  
20021be8  __dso_handle                                                                                                                                                                             
20021bec  _ZNSt3__219__start_std_streamsE                                                                                                                                                          
ffffffff  __TI_pprof_out_hndl                                                                                                                                                                      
ffffffff  __TI_prof_data_size                                                                                                                                                                      
ffffffff  __TI_prof_data_start                                                                                                                                                                     
ffffffff  __binit__                                                                                                                                                                                
ffffffff  __c_args__                                                                                                                                                                               
ffffffff  binit                                                                                                                                                                                    
UNDEFED   __mpu_init                                                                                                                                                                               
UNDEFED   _system_post_cinit                                                                                                                                                                       

[1224 symbols]
