******************************************************************************
                  TI ARM Linker PC v18.1.2                     
******************************************************************************
>> Linked Mon Sep 24 00:40:29 2018

OUTPUT FILE NAME:   <WhiteTower.out>
ENTRY POINT SYMBOL: "_c_int00_noargs"  address: 00018751


MEMORY CONFIGURATION

         name            origin    length      used     unused   attr    fill
----------------------  --------  ---------  --------  --------  ----  --------
  FLASH                 00000000   00100000  0001cdcf  000e3231  R  X
  SRAM                  20000000   00040000  00021bd5  0001e42b  RW X


SEGMENT ALLOCATION MAP

run origin  load origin   length   init length attrs members
----------  ----------- ---------- ----------- ----- -------
00000000    00000000    0001cdd8   0001cdd8    r-x
  00000000    00000000    00000208   00000208    r-- .intvecs
  00000208    00000208    0001a6e4   0001a6e4    r-x .text
  0001a8f0    0001a8f0    0000240f   0000240f    r-- .const
  0001cd00    0001cd00    0000001c   0000001c    r-- .init_array
  0001cd20    0001cd20    000000b8   000000b8    r-- .cinit
20000000    20000000    00021bd8   00000000    rw-
  20000000    20000000    00010000   00000000    rw- .stack
  20010000    20010000    00010000   00000000    rw- .sysmem
  20020000    20020000    00000e9d   00000000    rw- .bss
  20020ea0    20020ea0    00000d38   00000000    rw- .data


SECTION ALLOCATION MAP

 output                                  attributes/
section   page    origin      length       input sections
--------  ----  ----------  ----------   ----------------
.intvecs   0    00000000    00000208     
                  00000000    00000208     tm4c1294ncpdt_startup_ccs.obj (.intvecs)

.text      0    00000208    0001a6e4     
                  00000208    00002a70     ZooKeeper.obj (.text)
                  00002c78    00000dac     ComandCenter.obj (.text)
                  00003a24    00000bd8     TimeHandler.obj (.text)
                  000045fc    00000af0     rtsv7M4_T_le_v4SPD16_eabi.lib : _scanfi.c.obj (.text:__TI_scanfi)
                  000050ec    00000a5e                                   : _printfi.c.obj (.text:__TI_printfi)
                  00005b4a    00000002                                   : string.cpp.obj (.text:_ZNKSt3__222__compressed_pair_elemINS_12basic_stringIcNS_11char_traitsIcEENS_9allocatorIcEEE5__repELi0ELb0EE5__getEv)
                  00005b4c    00000956                                   : locale.cpp.obj (.text:_ZNSt3__29money_getIcNS_19istreambuf_iteratorIcNS_11char_traitsIcEEEEE8__do_getERS4_S4_bRKNS_6localeEjRjRbRKNS_5ctypeIcEERNS_10unique_ptrIcPFvPvEEERPcSM_)
                  000064a2    00000002                                   : string.cpp.obj (.text:_ZNKSt3__222__compressed_pair_elemINS_12basic_stringIwNS_11char_traitsIwEENS_9allocatorIwEEE5__repELi0ELb0EE5__getEv)
                  000064a4    00000870                                   : locale.cpp.obj (.text:_ZNSt3__29money_getIwNS_19istreambuf_iteratorIwNS_11char_traitsIwEEEEE8__do_getERS4_S4_bRKNS_6localeEjRjRbRKNS_5ctypeIwEERNS_10unique_ptrIwPFvPvEEERPwSM_)
                  00006d14    000007ac     Monitor.obj (.text)
                  000074c0    00000464     rtsv7M4_T_le_v4SPD16_eabi.lib : strftime.c.obj (.text:strftime)
                  00007924    00000460                                   : locale.cpp.obj (.text:_ZNSt3__26locale5__impC1Ej)
                  00007d84    00000460                                   : strtod.c.obj (.text:strtod)
                  000081e4    000003c8                                   : strtof.c.obj (.text:strtof)
                  000085ac    000003b0                                   : locale.cpp.obj (.text:_ZNSt3__211__money_getIcE13__gather_infoEbRKNS_6localeERNS_10money_base7patternERcS8_RNS_12basic_stringIcNS_11char_traitsIcEENS_9allocatorIcEEEESF_SF_SF_Ri)
                  0000895c    000003b0                                   : locale.cpp.obj (.text:_ZNSt3__211__money_getIwE13__gather_infoEbRKNS_6localeERNS_10money_base7patternERwS8_RNS_12basic_stringIcNS_11char_traitsIcEENS_9allocatorIcEEEERNS9_IwNSA_IwEENSC_IwEEEESJ_SJ_Ri)
                  00008d0c    00000398     GlobalConfig.obj (.text)
                  000090a4    00000364     main.obj (.text)
                  00009408    00000348     rtsv7M4_T_le_v4SPD16_eabi.lib : locale.cpp.obj (.text:_ZNSt3__211__money_putIcE13__gather_infoEbbRKNS_6localeERNS_10money_base7patternERcS8_RNS_12basic_stringIcNS_11char_traitsIcEENS_9allocatorIcEEEESF_SF_Ri)
                  00009750    00000348                                   : locale.cpp.obj (.text:_ZNSt3__211__money_putIwE13__gather_infoEbbRKNS_6localeERNS_10money_base7patternERwS8_RNS_12basic_stringIcNS_11char_traitsIcEENS_9allocatorIcEEEERNS9_IwNSA_IwEENSC_IwEEEESJ_Ri)
                  00009a98    000002fc                                   : locale.cpp.obj (.text:_ZNKSt3__28time_getIcNS_19istreambuf_iteratorIcNS_11char_traitsIcEEEEE6do_getES4_S4_RNS_8ios_baseERjP2tmcc)
                  00009d94    000002f8                                   : locale.cpp.obj (.text:_ZNKSt3__28time_getIwNS_19istreambuf_iteratorIwNS_11char_traitsIwEEEEE6do_getES4_S4_RNS_8ios_baseERjP2tmcc)
                  0000a08c    000002a4                                   : locale.cpp.obj (.text:_ZNSt3__211__money_putIwE8__formatEPwRS2_S3_jPKwS5_RKNS_5ctypeIwEEbRKNS_10money_base7patternEwwRKNS_12basic_stringIcNS_11char_traitsIcEENS_9allocatorIcEEEERKNSE_IwNSF_IwEENSH_IwEEEESQ_i)
                  0000a330    0000029a                                   : locale.cpp.obj (.text:_ZNSt3__211__money_putIcE8__formatEPcRS2_S3_jPKcS5_RKNS_5ctypeIcEEbRKNS_10money_base7patternEccRKNS_12basic_stringIcNS_11char_traitsIcEENS_9allocatorIcEEEESL_SL_i)
                  0000a5ca    00000002                                   : locale.cpp.obj (.text:_ZNKSt3__28messagesIcE8do_closeEi)
                  0000a5cc    00000294                                   : iostream.cpp.obj (.text:_ZNSt3__28ios_base4InitC1Ev)
                  0000a860    00000278                                   : locale.cpp.obj (.text:_ZNKSt3__220__time_get_c_storageIwE8__monthsEv)
                  0000aad8    00000274                                   : locale.cpp.obj (.text:_ZNKSt3__29money_getIcNS_19istreambuf_iteratorIcNS_11char_traitsIcEEEEE6do_getES4_S4_bRNS_8ios_baseERjRNS_12basic_stringIcS3_NS_9allocatorIcEEEE)
                  0000ad4c    00000274                                   : locale.cpp.obj (.text:_ZNSt3__29__num_putIwE23__widen_and_group_floatEPcS2_S2_PwRS3_S4_RKNS_6localeE)
                  0000afc0    00000270                                   : _printfi.c.obj (.text:_pconv_a)
                  0000b230    00000268                                   : locale.cpp.obj (.text:_ZNSt3__29__num_putIcE23__widen_and_group_floatEPcS2_S2_S2_RS2_S3_RKNS_6localeE)
                  0000b498    00000250                                   : locale.cpp.obj (.text:_ZNKSt3__29money_putIwNS_19ostreambuf_iteratorIwNS_11char_traitsIwEEEEE6do_putES4_bRNS_8ios_baseEwe)
                  0000b6e8    00000248                                   : locale.cpp.obj (.text:_ZNKSt3__29money_getIwNS_19istreambuf_iteratorIwNS_11char_traitsIwEEEEE6do_getES4_S4_bRNS_8ios_baseERjRNS_12basic_stringIwS3_NS_9allocatorIwEEEE)
                  0000b930    0000023c                                   : locale.cpp.obj (.text:_ZNKSt3__29money_putIcNS_19ostreambuf_iteratorIcNS_11char_traitsIcEEEEE6do_putES4_bRNS_8ios_baseEce)
                  0000bb6c    00000210     ISRMsgHandler.obj (.text)
                  0000bd7c    000001fc     rtsv7M4_T_le_v4SPD16_eabi.lib : locale.cpp.obj (.text:_ZNKSt3__220__time_get_c_storageIcE8__monthsEv)
                  0000bf78    000001f8                                   : locale.cpp.obj (.text:_ZNKSt3__29money_putIwNS_19ostreambuf_iteratorIwNS_11char_traitsIwEEEEE6do_putES4_bRNS_8ios_baseEwRKNS_12basic_stringIwS3_NS_9allocatorIwEEEE)
                  0000c170    000001f4                                   : locale.cpp.obj (.text:_ZNKSt3__29money_putIcNS_19ostreambuf_iteratorIcNS_11char_traitsIcEEEEE6do_putES4_bRNS_8ios_baseEcRKNS_12basic_stringIcS3_NS_9allocatorIcEEEE)
                  0000c364    000001f0                                   : locale.cpp.obj (.text:_ZNSt3__214__scan_keywordINS_19istreambuf_iteratorIcNS_11char_traitsIcEEEEPKNS_12basic_stringIcS3_NS_9allocatorIcEEEENS_5ctypeIcEEEET0_RT_SE_SD_SD_RKT1_Rjb)
                  0000c554    000001ec                                   : locale.cpp.obj (.text:_ZNSt3__214__scan_keywordINS_19istreambuf_iteratorIwNS_11char_traitsIwEEEEPKNS_12basic_stringIwS3_NS_9allocatorIwEEEENS_5ctypeIwEEEET0_RT_SE_SD_SD_RKT1_Rjb)
                  0000c740    000001dc                                   : strtoll.c.obj (.text:strtoll)
                  0000c91c    000001d8                                   : locale.cpp.obj (.text:_ZNKSt3__27num_getIwNS_19istreambuf_iteratorIwNS_11char_traitsIwEEEEE15__do_get_signedIlEES4_S4_S4_RNS_8ios_baseERjRT_)
                  0000caf4    000001d8                                   : locale.cpp.obj (.text:_ZNKSt3__27num_getIwNS_19istreambuf_iteratorIwNS_11char_traitsIwEEEEE15__do_get_signedIxEES4_S4_S4_RNS_8ios_baseERjRT_)
                  0000cccc    000001d8                                   : locale.cpp.obj (.text:_ZNKSt3__27num_getIwNS_19istreambuf_iteratorIwNS_11char_traitsIwEEEEE17__do_get_unsignedIjEES4_S4_S4_RNS_8ios_baseERjRT_)
                  0000cea4    000001d8                                   : locale.cpp.obj (.text:_ZNKSt3__27num_getIwNS_19istreambuf_iteratorIwNS_11char_traitsIwEEEEE17__do_get_unsignedImEES4_S4_S4_RNS_8ios_baseERjRT_)
                  0000d07c    000001d8                                   : locale.cpp.obj (.text:_ZNKSt3__27num_getIwNS_19istreambuf_iteratorIwNS_11char_traitsIwEEEEE17__do_get_unsignedItEES4_S4_S4_RNS_8ios_baseERjRT_)
                  0000d254    000001d8                                   : locale.cpp.obj (.text:_ZNKSt3__27num_getIwNS_19istreambuf_iteratorIwNS_11char_traitsIwEEEEE17__do_get_unsignedIyEES4_S4_S4_RNS_8ios_baseERjRT_)
                  0000d42c    000001d0                                   : locale.cpp.obj (.text:_ZN32_INTERNAL_10_locale_cpp_a7183203St3__213utf8_to_utf16EPKhS1_RS1_PtS3_RS3_mNS_12codecvt_modeE)
                  0000d5fc    000001d0                                   : _printfi.c.obj (.text:_pconv_g)
                  0000d7cc    000001cc                                   : locale.cpp.obj (.text:_ZNSt3__29__num_putIwE21__widen_and_group_intEPcS2_S2_PwRS3_S4_RKNS_6localeE)
                  0000d998    000001c8                                   : locale.cpp.obj (.text:_ZNSt3__29__num_putIcE21__widen_and_group_intEPcS2_S2_S2_RS2_S3_RKNS_6localeE)
                  0000db60    000001c4                                   : locale.cpp.obj (.text:_ZNKSt3__27num_getIwNS_19istreambuf_iteratorIwNS_11char_traitsIwEEEEE6do_getES4_S4_RNS_8ios_baseERjRPv)
                  0000dd24    000001c4     Monitor.obj (.text:_ZNSt3__2lsINS_11char_traitsIcEEEERNS_13basic_ostreamIcT_EES6_PKc)
                  0000dee8    000001b6     rtsv7M4_T_le_v4SPD16_eabi.lib : fd_add_t2.asm.obj (.text)
                  0000e09e    00000002                                   : locale.cpp.obj (.text:_ZNKSt3__28messagesIwE8do_closeEi)
                  0000e0a0    000001b0                                   : locale.cpp.obj (.text:_ZNKSt3__220__time_get_c_storageIwE7__weeksEv)
                  0000e250    000001b0                                   : locale.cpp.obj (.text:_ZNKSt3__27num_getIcNS_19istreambuf_iteratorIcNS_11char_traitsIcEEEEE15__do_get_signedIxEES4_S4_S4_RNS_8ios_baseERjRT_)
                  0000e400    000001b0                                   : locale.cpp.obj (.text:_ZNKSt3__27num_getIcNS_19istreambuf_iteratorIcNS_11char_traitsIcEEEEE17__do_get_unsignedIyEES4_S4_S4_RNS_8ios_baseERjRT_)
                  0000e5b0    000001b0                                   : locale.cpp.obj (.text:_ZNKSt3__27num_getIcNS_19istreambuf_iteratorIcNS_11char_traitsIcEEEEE6do_getES4_S4_RNS_8ios_baseERjRPv)
                  0000e760    000001ac                                   : locale.cpp.obj (.text:_ZNKSt3__27num_getIcNS_19istreambuf_iteratorIcNS_11char_traitsIcEEEEE15__do_get_signedIlEES4_S4_S4_RNS_8ios_baseERjRT_)
                  0000e90c    000001ac                                   : locale.cpp.obj (.text:_ZNKSt3__27num_getIcNS_19istreambuf_iteratorIcNS_11char_traitsIcEEEEE17__do_get_unsignedIjEES4_S4_S4_RNS_8ios_baseERjRT_)
                  0000eab8    000001ac                                   : locale.cpp.obj (.text:_ZNKSt3__27num_getIcNS_19istreambuf_iteratorIcNS_11char_traitsIcEEEEE17__do_get_unsignedImEES4_S4_S4_RNS_8ios_baseERjRT_)
                  0000ec64    000001ac                                   : locale.cpp.obj (.text:_ZNKSt3__27num_getIcNS_19istreambuf_iteratorIcNS_11char_traitsIcEEEEE17__do_get_unsignedItEES4_S4_S4_RNS_8ios_baseERjRT_)
                  0000ee10    000001ac                                   : locale.cpp.obj (.text:_ZNKSt3__27num_getIcNS_19istreambuf_iteratorIcNS_11char_traitsIcEEEEE23__do_get_floating_pointIdEES4_S4_S4_RNS_8ios_baseERjRT_)
                  0000efbc    000001ac                                   : locale.cpp.obj (.text:_ZNKSt3__27num_getIcNS_19istreambuf_iteratorIcNS_11char_traitsIcEEEEE23__do_get_floating_pointIeEES4_S4_S4_RNS_8ios_baseERjRT_)
                  0000f168    000001aa                                   : locale.cpp.obj (.text:_ZNKSt3__27num_getIwNS_19istreambuf_iteratorIwNS_11char_traitsIwEEEEE23__do_get_floating_pointIdEES4_S4_S4_RNS_8ios_baseERjRT_)
                  0000f312    000001aa                                   : locale.cpp.obj (.text:_ZNKSt3__27num_getIwNS_19istreambuf_iteratorIwNS_11char_traitsIwEEEEE23__do_get_floating_pointIeEES4_S4_S4_RNS_8ios_baseERjRT_)
                  0000f4bc    000001a8                                   : locale.cpp.obj (.text:_ZNKSt3__27num_getIcNS_19istreambuf_iteratorIcNS_11char_traitsIcEEEEE23__do_get_floating_pointIfEES4_S4_S4_RNS_8ios_baseERjRT_)
                  0000f664    000001a6                                   : locale.cpp.obj (.text:_ZNKSt3__27num_getIwNS_19istreambuf_iteratorIwNS_11char_traitsIwEEEEE23__do_get_floating_pointIfEES4_S4_S4_RNS_8ios_baseERjRT_)
                  0000f80a    00000002                                   : string.cpp.obj (.text:_ZNSt3__211char_traitsIcE11to_int_typeEc)
                  0000f80c    00000190                                   : locale.cpp.obj (.text:_ZNKSt3__28time_getIwNS_19istreambuf_iteratorIwNS_11char_traitsIwEEEEE3getES4_S4_RNS_8ios_baseERjP2tmPKwSC_)
                  0000f99c    00000184                                   : locale.cpp.obj (.text:_ZNKSt3__28time_getIcNS_19istreambuf_iteratorIcNS_11char_traitsIcEEEEE3getES4_S4_RNS_8ios_baseERjP2tmPKcSC_)
                  0000fb20    00000182                                   : locale.cpp.obj (.text:_ZN32_INTERNAL_10_locale_cpp_a7183203St3__212utf8_to_ucs4EPKhS1_RS1_PjS3_RS3_mNS_12codecvt_modeE)
                  0000fca2    00000002                                   : locale.cpp.obj (.text:_ZNSt3__212__do_nothingEPv)
                  0000fca4    00000180                                   : locale.cpp.obj (.text:_ZNKSt3__29money_getIcNS_19istreambuf_iteratorIcNS_11char_traitsIcEEEEE6do_getES4_S4_bRNS_8ios_baseERjRe)
                  0000fe24    00000180                                   : fwrite.c.obj (.text:fwrite)
                  0000ffa4    00000174                                   : locale.cpp.obj (.text:_ZN32_INTERNAL_10_locale_cpp_a7183203St3__213utf16_to_utf8EPKtS1_RS1_PhS3_RS3_mNS_12codecvt_modeE)
                  00010118    0000016c     TimeHandler.obj (.text:_ZNSt3__224__put_character_sequenceIcNS_11char_traitsIcEEEERNS_13basic_ostreamIT_T0_EES7_PKS4_j)
                  00010284    0000015c     rtsv7M4_T_le_v4SPD16_eabi.lib : locale.cpp.obj (.text:_ZNKSt3__220__time_get_c_storageIcE7__weeksEv)
                  000103e0    0000015c                                   : strtoull.c.obj (.text:strtoull)
                  0001053c    0000014c                                   : locale.cpp.obj (.text:_ZNSt3__29__num_getIwE19__stage2_float_loopEwRbRcPcRS4_wwRKNS_12basic_stringIcNS_11char_traitsIcEENS_9allocatorIcEEEEPjRSE_RjPw)
                  00010688    00000148                                   : locale.cpp.obj (.text:_ZN32_INTERNAL_10_locale_cpp_a7183203St3__220utf8_to_utf16_lengthEPKhS1_jmNS_12codecvt_modeE)
                  000107d0    00000148                                   : locale.cpp.obj (.text:_ZNSt3__29__num_getIcE19__stage2_float_loopEcRbRcPcRS4_ccRKNS_12basic_stringIcNS_11char_traitsIcEENS_9allocatorIcEEEEPjRSE_RjS4_)
                  00010918    00000140                                   : locale.cpp.obj (.text:_ZNKSt3__27num_putIcNS_19ostreambuf_iteratorIcNS_11char_traitsIcEEEEE6do_putES4_RNS_8ios_baseEcd)
                  00010a58    00000140                                   : locale.cpp.obj (.text:_ZNKSt3__27num_putIwNS_19ostreambuf_iteratorIwNS_11char_traitsIwEEEEE6do_putES4_RNS_8ios_baseEwe)
                  00010b98    0000013e                                   : locale.cpp.obj (.text:_ZN32_INTERNAL_10_locale_cpp_a7183203St3__219utf8_to_ucs4_lengthEPKhS1_jmNS_12codecvt_modeE)
                  00010cd6    00000002                                   : memory.cpp.obj (.text:_ZNSt3__214__shared_countD1Ev)
                  00010cd8    0000013c                                   : locale.cpp.obj (.text:_ZNKSt3__27num_putIcNS_19ostreambuf_iteratorIcNS_11char_traitsIcEEEEE6do_putES4_RNS_8ios_baseEce)
                  00010e14    0000013c                                   : locale.cpp.obj (.text:_ZNKSt3__27num_putIwNS_19ostreambuf_iteratorIwNS_11char_traitsIwEEEEE6do_putES4_RNS_8ios_baseEwd)
                  00010f50    0000013c                                   : locale.cpp.obj (.text:_ZNKSt3__29money_getIwNS_19istreambuf_iteratorIwNS_11char_traitsIwEEEEE6do_getES4_S4_bRNS_8ios_baseERjRe)
                  0001108c    0000013c                                   : _printfi.c.obj (.text:_pconv_e)
                  000111c8    00000136                                   : fd_div_t2.asm.obj (.text)
                  000112fe    00000002                                   : ios.cpp.obj (.text:_ZNSt3__215basic_streambufIcNS_11char_traitsIcEEE5imbueERKNS_6localeE)
                  00011300    00000134                                   : vla_alloc.c.obj (.text:__vla_alloc)
                  00011434    00000130                                   : strtol.c.obj (.text:strtol)
                  00011564    0000012c                                   : locale.cpp.obj (.text:_ZNKSt3__27codecvtIwciE5do_inERiPKcS4_RS4_PwS6_RS6_)
                  00011690    00000120                                   : _printfi.c.obj (.text:fcvt)
                  000117b0    0000011c                                   : locale.cpp.obj (.text:_ZNSt3__216__pad_and_outputIwNS_11char_traitsIwEEEENS_19ostreambuf_iteratorIT_T0_EES6_PKS4_S8_S8_RNS_8ios_baseES4_)
                  000118cc    00000118                                   : locale.cpp.obj (.text:_ZNKSt3__27codecvtIwciE6do_outERiPKwS4_RS4_PcS6_RS6_)
                  000119e4    00000114                                   : iostream.cpp.obj (.text:_ZNSt3__210__stdinbufIwE9__getcharEb)
                  00011af8    00000114                                   : string.cpp.obj (.text:_ZNSt3__212basic_stringIwNS_11char_traitsIwEENS_9allocatorIwEEE7reserveEj)
                  00011c0c    00000114                                   : fputs.c.obj (.text:fputs)
                  00011d20    00000114                                   : memory.c.obj (.text:realloc)
                  00011e34    00000110                                   : iostream.cpp.obj (.text:_ZNSt3__210__stdinbufIcE9__getcharEb)
                  00011f44    00000110                                   : s_scalbn.c.obj (.text:scalbn)
                  00012054    00000110                                   : strtoul.c.obj (.text:strtoul)
                  00012164    0000010c                                   : string.cpp.obj (.text:_ZNSt3__212basic_stringIwNS_11char_traitsIwEENS_9allocatorIwEEE21__grow_by_and_replaceEjjjjjjPKw)
                  00012270    00000108     UART0Driver.obj (.text)
                  00012378    000000fe     rtsv7M4_T_le_v4SPD16_eabi.lib : locale.cpp.obj (.text:_ZN32_INTERNAL_10_locale_cpp_a7183203St3__212ucs4_to_utf8EPKjS1_RS1_PhS3_RS3_mNS_12codecvt_modeE)
                  00012476    000000fc                                   : fd_mul_t2.asm.obj (.text)
                  00012572    000000f2                                   : string.cpp.obj (.text:_ZNSt3__212basic_stringIcNS_11char_traitsIcEENS_9allocatorIcEEE7reserveEj)
                  00012664    000000f0                                   : string.cpp.obj (.text:_ZNSt3__212basic_stringIcNS_11char_traitsIcEENS_9allocatorIcEEE21__grow_by_and_replaceEjjjjjjPKc)
                  00012754    000000f0                                   : locale.cpp.obj (.text:_ZNSt3__216__pad_and_outputIcNS_11char_traitsIcEEEENS_19ostreambuf_iteratorIT_T0_EES6_PKS4_S8_S8_RNS_8ios_baseES4_)
                  00012844    000000ee                                   : locale.cpp.obj (.text:_ZNSt3__220__get_up_to_n_digitsIwNS_19istreambuf_iteratorIwNS_11char_traitsIwEEEEEEiRT0_S5_RjRKNS_5ctypeIT_EEi)
                  00012932    00000002                                   : ios.cpp.obj (.text:_ZNSt3__215basic_streambufIcNS_11char_traitsIcEEE6setbufEPci)
                  00012934    000000ec                                   : locale.cpp.obj (.text:_ZNSt3__29__num_getIcE17__stage2_int_loopEciPcRS2_RjcRKNS_12basic_stringIcNS_11char_traitsIcEENS_9allocatorIcEEEEPjRSD_PKc)
                  00012a20    000000ec                                   : locale.cpp.obj (.text:_ZNSt3__29__num_getIwE17__stage2_int_loopEwiPcRS2_RjwRKNS_12basic_stringIcNS_11char_traitsIcEENS_9allocatorIcEEEEPjRSD_PKw)
                  00012b0c    000000e8                                   : locale.cpp.obj (.text:_ZNKSt3__220__time_get_c_storageIwE3__cEv)
                  00012bf4    000000e4                                   : locale.cpp.obj (.text:_ZNSt3__220__get_up_to_n_digitsIcNS_19istreambuf_iteratorIcNS_11char_traitsIcEEEEEEiRT0_S5_RjRKNS_5ctypeIT_EEi)
                  00012cd8    000000e0                                   : locale.cpp.obj (.text:_ZNSt3__26vectorIPNS_6locale5facetENS_15__sso_allocatorIS3_Lj28EEEE8__appendEj)
                  00012db8    000000dc                                   : locale.cpp.obj (.text:_ZNKSt3__27num_getIcNS_19istreambuf_iteratorIcNS_11char_traitsIcEEEEE6do_getES4_S4_RNS_8ios_baseERjRb)
                  00012e94    000000dc                                   : locale.cpp.obj (.text:_ZNKSt3__27num_getIwNS_19istreambuf_iteratorIwNS_11char_traitsIwEEEEE6do_getES4_S4_RNS_8ios_baseERjRb)
                  00012f70    000000dc                                   : setvbuf.c.obj (.text:setvbuf)
                  0001304c    000000da                                   : string.cpp.obj (.text:_ZNSt3__212basic_stringIcNS_11char_traitsIcEENS_9allocatorIcEEE6insertEjPKcj)
                  00013126    00000002                                   : ios.cpp.obj (.text:_ZNSt3__215basic_streambufIwNS_11char_traitsIwEEE5imbueERKNS_6localeE)
                  00013128    000000d8                                   : string.cpp.obj (.text:_ZNSt3__212basic_stringIwNS_11char_traitsIwEENS_9allocatorIwEEE9__grow_byEjjjjjj)
                  00013200    000000d8                                   : memory.c.obj (.text:free)
                  000132d8    000000d4                                   : locale.cpp.obj (.text:_ZNKSt3__220__time_get_c_storageIwE3__rEv)
                  000133ac    000000d0                                   : locale.cpp.obj (.text:_ZNKSt3__220__time_get_c_storageIwE3__XEv)
                  0001347c    000000d0                                   : locale.cpp.obj (.text:_ZNKSt3__220__time_get_c_storageIwE3__xEv)
                  0001354c    000000d0                                   : s_scalbnf.c.obj (.text:scalbnf)
                  0001361c    000000cc                                   : locale.cpp.obj (.text:_ZNKSt3__27num_putIcNS_19ostreambuf_iteratorIcNS_11char_traitsIcEEEEE6do_putES4_RNS_8ios_baseEcx)
                  000136e8    000000cc                                   : locale.cpp.obj (.text:_ZNKSt3__27num_putIwNS_19ostreambuf_iteratorIwNS_11char_traitsIwEEEEE6do_putES4_RNS_8ios_baseEwx)
                  000137b4    000000c8                                   : ios.cpp.obj (.text:_ZNSt3__213basic_ostreamIcNS_11char_traitsIcEEElsEi)
                  0001387c    000000c8                                   : ios.cpp.obj (.text:_ZNSt3__213basic_ostreamIcNS_11char_traitsIcEEElsEt)
                  00013944    000000c4                                   : locale.cpp.obj (.text:_ZNKSt3__27num_putIcNS_19ostreambuf_iteratorIcNS_11char_traitsIcEEEEE6do_putES4_RNS_8ios_baseEcy)
                  00013a08    000000c4                                   : locale.cpp.obj (.text:_ZNKSt3__27num_putIwNS_19ostreambuf_iteratorIwNS_11char_traitsIwEEEEE6do_putES4_RNS_8ios_baseEwy)
                  00013acc    000000c0                                   : locale.cpp.obj (.text:_ZNKSt3__27num_putIcNS_19ostreambuf_iteratorIcNS_11char_traitsIcEEEEE6do_putES4_RNS_8ios_baseEcl)
                  00013b8c    000000c0                                   : locale.cpp.obj (.text:_ZNKSt3__27num_putIcNS_19ostreambuf_iteratorIcNS_11char_traitsIcEEEEE6do_putES4_RNS_8ios_baseEcm)
                  00013c4c    000000c0                                   : locale.cpp.obj (.text:_ZNKSt3__27num_putIwNS_19ostreambuf_iteratorIwNS_11char_traitsIwEEEEE6do_putES4_RNS_8ios_baseEwl)
                  00013d0c    000000c0                                   : locale.cpp.obj (.text:_ZNKSt3__27num_putIwNS_19ostreambuf_iteratorIwNS_11char_traitsIwEEEEE6do_putES4_RNS_8ios_baseEwm)
                  00013dcc    000000c0                                   : string.cpp.obj (.text:_ZNSt3__212basic_stringIcNS_11char_traitsIcEENS_9allocatorIcEEE9__grow_byEjjjjjj)
                  00013e8c    000000bc                                   : iostream.cpp.obj (.text:_ZNSt3__211__stdoutbufIwE8overflowEi)
                  00013f48    000000b2                                   : iostream.cpp.obj (.text:_ZNSt3__211__stdoutbufIcE8overflowEi)
                  00013ffa    00000002                                   : ios.cpp.obj (.text:_ZNSt3__215basic_streambufIwNS_11char_traitsIwEEE6setbufEPwi)
                  00013ffc    000000b1                                   : _printfi.c.obj (.text:_ltostr)
                  000140ad    00000001     --HOLE-- [fill = 0]
                  000140ae    000000b0                                   : iostream.cpp.obj (.text:_ZNSt3__210__stdinbufIwE9pbackfailEi)
                  0001415e    000000a8                                   : iostream.cpp.obj (.text:_ZNSt3__210__stdinbufIcE9pbackfailEi)
                  00014206    00000002                                   : string.cpp.obj (.text:_ZNSt3__222__compressed_pair_elemINS_12basic_stringIcNS_11char_traitsIcEENS_9allocatorIcEEE5__repELi0ELb0EE5__getEv)
                  00014208    000000a8                                   : locale.cpp.obj (.text:_ZNSt3__219__double_or_nothingIwEEvRNS_10unique_ptrIT_PFvPvEEERPS2_S9_)
                  000142b0    000000a4                                   : string.cpp.obj (.text:_ZNSt3__212basic_stringIcNS_11char_traitsIcEENS_9allocatorIcEEE6appendEPKcj)
                  00014354    000000a4                                   : string.cpp.obj (.text:_ZNSt3__212basic_stringIwNS_11char_traitsIwEENS_9allocatorIwEEE6appendEPKwj)
                  000143f8    000000a0                                   : string.cpp.obj (.text:_ZNSt3__212basic_stringIcNS_11char_traitsIcEENS_9allocatorIcEEE9push_backEc)
                  00014498    0000009e                                   : string.cpp.obj (.text:_ZNSt3__212basic_stringIwNS_11char_traitsIwEENS_9allocatorIwEEE9push_backEw)
                  00014536    00000002                                   : string.cpp.obj (.text:_ZNSt3__222__compressed_pair_elemINS_12basic_stringIwNS_11char_traitsIwEENS_9allocatorIwEEE5__repELi0ELb0EE5__getEv)
                  00014538    0000009c                                   : locale.cpp.obj (.text:_ZNKSt3__27num_putIwNS_19ostreambuf_iteratorIwNS_11char_traitsIwEEEEE6do_putES4_RNS_8ios_baseEwPKv)
                  000145d4    0000009c                                   : locale.cpp.obj (.text:_ZNKSt3__27num_putIwNS_19ostreambuf_iteratorIwNS_11char_traitsIwEEEEE6do_putES4_RNS_8ios_baseEwb)
                  00014670    0000009c                                   : string.cpp.obj (.text:_ZNSt3__212basic_stringIcNS_11char_traitsIcEENS_9allocatorIcEEE6appendEjc)
                  0001470c    0000009c                                   : _bufread.c.obj (.text:__TI_buff_read)
                  000147a8    0000009c                                   : memcpy_t2.asm.obj (.text)
                  00014844    00000098                                   : locale.cpp.obj (.text:_ZNKSt3__210__time_put8__do_putEPwRS1_PK2tmcc)
                  000148dc    00000098                                   : locale.cpp.obj (.text:_ZNKSt3__27num_putIcNS_19ostreambuf_iteratorIcNS_11char_traitsIcEEEEE6do_putES4_RNS_8ios_baseEcPKv)
                  00014974    00000098                                   : locale.cpp.obj (.text:_ZNKSt3__27num_putIcNS_19ostreambuf_iteratorIcNS_11char_traitsIcEEEEE6do_putES4_RNS_8ios_baseEcb)
                  00014a0c    00000098                                   : string.cpp.obj (.text:_ZNSt3__212basic_stringIwNS_11char_traitsIwEENS_9allocatorIwEEE6assignEPKwj)
                  00014aa4    00000096                                   : string.cpp.obj (.text:_ZNSt3__212basic_stringIcNS_11char_traitsIcEENS_9allocatorIcEEE6assignEPKcj)
                  00014b3a    00000096                                   : locale.cpp.obj (.text:_ZNSt3__225__num_get_signed_integralIlEET_PKcS3_Rji)
                  00014bd0    00000096                                   : ull_div_t2.asm.obj (.text)
                  00014c66    00000002                                   : string.cpp.obj (.text:_ZNSt3__222__compressed_pair_elemINS_9allocatorIcEELi1ELb1EEC1IRKS2_vEEOT_)
                  00014c68    00000094                                   : locale.cpp.obj (.text:_ZNKSt3__220__time_get_c_storageIwE7__am_pmEv)
                  00014cfc    00000094                                   : string.cpp.obj (.text:_ZNSt3__212basic_stringIwNS_11char_traitsIwEENS_9allocatorIwEEE6__initEPKwj)
                  00014d90    00000094                                   : locale.cpp.obj (.text:_ZNSt3__219__double_or_nothingIcEEvRNS_10unique_ptrIT_PFvPvEEERPS2_S9_)
                  00014e24    00000094                                   : locale.cpp.obj (.text:_ZNSt3__219__double_or_nothingIjEEvRNS_10unique_ptrIT_PFvPvEEERPS2_S9_)
                  00014eb8    00000090                                   : locale.cpp.obj (.text:_ZNSt3__225__num_get_signed_integralIxEET_PKcS3_Rji)
                  00014f48    00000090                                   : string.cpp.obj (.text:_ZNSt3__2plIcNS_11char_traitsIcEENS_9allocatorIcEEEENS_12basic_stringIT_T0_T1_EEPKS6_RKS9_)
                  00014fd8    0000008c                                   : locale.cpp.obj (.text:_ZNKSt3__220__time_get_c_storageIcE7__am_pmEv)
                  00015064    0000008c                                   : locale.cpp.obj (.text:_ZNKSt3__28numpunctIwE11do_truenameEv)
                  000150f0    0000008c                                   : locale.cpp.obj (.text:_ZNKSt3__28numpunctIwE12do_falsenameEv)
                  0001517c    0000008c                                   : fputc.c.obj (.text:fputc)
                  00015208    00000088     SysTickDriver.obj (.text)
                  00015290    00000086     rtsv7M4_T_le_v4SPD16_eabi.lib : fd_cmp_t2.asm.obj (.text:__aeabi_cdcmple)
                  00015316    00000086                                   : fd_cmp_t2.asm.obj (.text:__aeabi_cdrcmple)
                  0001539c    00000084                                   : locale.cpp.obj (.text:_ZNKSt3__220__time_get_c_storageIcE3__cEv)
                  00015420    00000084                                   : locale.cpp.obj (.text:_ZNKSt3__27collateIwE12do_transformEPKwS3_)
                  000154a4    00000084                                   : fgetc.c.obj (.text:fgetc)
                  00015528    00000080                                   : locale.cpp.obj (.text:_ZNSt3__214__num_put_base14__format_floatEPcPKcj)
                  000155a8    00000080                                   : locale.cpp.obj (.text:_ZNSt3__26locale5__impD1Ev)
                  00015628    00000080                                   : ungetc.c.obj (.text:ungetc)
                  000156a8    0000007e                                   : string.cpp.obj (.text:_ZNKSt3__212basic_stringIcNS_11char_traitsIcEENS_9allocatorIcEEE7compareEjjPKcj)
                  00015726    0000007c                                   : locale.cpp.obj (.text:_ZNKSt3__28time_getIcNS_19istreambuf_iteratorIcNS_11char_traitsIcEEEEE11__get_am_pmERiRS4_S4_RjRKNS_5ctypeIcEE)
                  000157a2    0000007c                                   : locale.cpp.obj (.text:_ZNKSt3__28time_getIwNS_19istreambuf_iteratorIwNS_11char_traitsIwEEEEE11__get_am_pmERiRS4_S4_RjRKNS_5ctypeIwEE)
                  0001581e    0000007c                                   : ios.cpp.obj (.text:_ZNSt3__213basic_ostreamIcNS_11char_traitsIcEEE6sentryD1Ev)
                  0001589a    0000007c                                   : ios.cpp.obj (.text:_ZNSt3__213basic_ostreamIwNS_11char_traitsIwEEE6sentryD1Ev)
                  00015916    0000007c                                   : string.cpp.obj (.text:_ZNSt3__234_GLOBAL__N__10_string_cpp_11932bae9as_stringINS_12basic_stringIcNS_11char_traitsIcEENS_9allocatorIcEEEEPFYiPcjPKczEiEET_T0_SD_PKNSD_10value_typeET1_)
                  00015992    00000002                                   : string.cpp.obj (.text:_ZNSt3__222__compressed_pair_elemINS_9allocatorIcEELi1ELb1EEC1IS2_vEEOT_)
                  00015994    0000007c     ComandCenter.obj (.text:_ZNSt3__2plIcNS_11char_traitsIcEENS_9allocatorIcEEEENS_12basic_stringIT_T0_T1_EERKS9_PKS6_)
                  00015a10    0000007c     rtsv7M4_T_le_v4SPD16_eabi.lib : fflush.c.obj (.text:fflush)
                  00015a8c    0000007a                                   : locale.cpp.obj (.text:_ZNSt3__227__num_get_unsigned_integralIjEET_PKcS3_Rji)
                  00015b06    0000007a                                   : locale.cpp.obj (.text:_ZNSt3__227__num_get_unsigned_integralImEET_PKcS3_Rji)
                  00015b80    0000007a                                   : memset_t2.asm.obj (.text)
                  00015bfa    00000002                                   : string.cpp.obj (.text:_ZNSt3__222__compressed_pair_elemINS_9allocatorIwEELi1ELb1EEC1IS2_vEEOT_)
                  00015bfc    00000078                                   : vla_alloc.c.obj (.text:_ZN33_INTERNAL_11_vla_alloc_c_be8bd49b21free_dead_allocationsEPv)
                  00015c74    00000078                                   : locale.cpp.obj (.text:_ZNKSt3__220__time_get_c_storageIcE3__rEv)
                  00015cec    00000078                                   : locale.cpp.obj (.text:_ZNSt3__215__num_get_floatIfEET_PKcS3_Rj)
                  00015d64    00000078                                   : ios.cpp.obj (.text:_ZNSt3__215basic_streambufIwNS_11char_traitsIwEEE6xsgetnEPwi)
                  00015ddc    00000078                                   : locale.cpp.obj (.text:_ZNSt3__227__num_get_unsigned_integralItEET_PKcS3_Rji)
                  00015e54    00000078                                   : vla_alloc.c.obj (.text:__vla_dealloc)
                  00015ecc    00000078                                   : memory.c.obj (.text:malloc)
                  00015f44    00000076                                   : vec_newdel.c.obj (.text:_ZN34_INTERNAL_12_vec_newdel_c_8a08d4a517array_new_generalEPvijjS0_PFYS0_S0_ES2_PFYS0_jEPFYvS0_Eii)
                  00015fba    00000076                                   : string.cpp.obj (.text:_ZNSt3__212basic_stringIcNS_11char_traitsIcEENS_9allocatorIcEEE6resizeEjc)
                  00016030    00000076                                   : none_mb.c.obj (.text:wcsnrtombs)
                  000160a6    00000074                                   : string.cpp.obj (.text:_ZNSt3__212basic_stringIcNS_11char_traitsIcEENS_9allocatorIcEEE6__initEPKcj)
                  0001611a    00000074                                   : string.cpp.obj (.text:_ZNSt3__212basic_stringIcNS_11char_traitsIcEENS_9allocatorIcEEE6__initEPKcjj)
                  0001618e    00000074                                   : string.cpp.obj (.text:_ZNSt3__212basic_stringIcNS_11char_traitsIcEENS_9allocatorIcEEE6__initEjc)
                  00016202    00000002                                   : stdlib_typeinfo.cpp.obj (.text:_ZNSt9type_infoD1Ev)
                  00016204    00000074                                   : locale.cpp.obj (.text:_ZNSt3__215__num_get_floatIdEET_PKcS3_Rj)
                  00016278    00000074                                   : locale.cpp.obj (.text:_ZNSt3__215__num_get_floatIeEET_PKcS3_Rj)
                  000162ec    00000074                                   : ios.cpp.obj (.text:_ZNSt3__215basic_streambufIcNS_11char_traitsIcEEE6xsgetnEPci)
                  00016360    00000074                                   : locale.cpp.obj (.text:_ZNSt3__216__check_groupingERKNS_12basic_stringIcNS_11char_traitsIcEENS_9allocatorIcEEEEPjS8_Rj)
                  000163d4    00000074     ComandCenter.obj (.text:_ZNSt3__219__str_find_first_ofIcjNS_11char_traitsIcEELj4294967295EEET0_PKT_S3_S6_S3_S3_)
                  00016448    00000074     rtsv7M4_T_le_v4SPD16_eabi.lib : locale.cpp.obj (.text:_ZNSt3__227__num_get_unsigned_integralIyEET_PKcS3_Rji)
                  000164bc    00000074                                   : fclose.c.obj (.text:__TI_closefile)
                  00016530    00000072                                   : vec_newdel.c.obj (.text:_ZN34_INTERNAL_12_vec_newdel_c_8a08d4a520array_delete_generalEPvijjPFYS0_S0_EiPFYvS0_Eii)
                  000165a2    0000006e                                   : _printfi.c.obj (.text:_mcpy)
                  00016610    0000006e                                   : fd_tos_t2.asm.obj (.text)
                  0001667e    0000006c                                   : locale.cpp.obj (.text:_ZNSt3__26locale5__imp7installEPNS0_5facetEl)
                  000166ea    0000006a                                   : string.cpp.obj (.text:_ZNSt3__234_GLOBAL__N__10_string_cpp_11932bae17as_integer_helperIlNS_12basic_stringIcNS_11char_traitsIcEENS_9allocatorIcEEEEPFYlPKcPPciEEET_RKS7_RKT0_PjiT1_)
                  00016754    00000068                                   : hostlseek.c.obj (.text:HOSTlseek)
                  000167bc    00000068                                   : hostrename.c.obj (.text:HOSTrename)
                  00016824    00000068                                   : locale.cpp.obj (.text:_ZNKSt3__220__time_get_c_storageIcE3__XEv)
                  0001688c    00000068                                   : locale.cpp.obj (.text:_ZNKSt3__220__time_get_c_storageIcE3__xEv)
                  000168f4    00000068                                   : locale.cpp.obj (.text:_ZNKSt3__28time_getIcNS_19istreambuf_iteratorIcNS_11char_traitsIcEEEEE13__get_percentERS4_S4_RjRKNS_5ctypeIcEE)
                  0001695c    00000068                                   : locale.cpp.obj (.text:_ZNKSt3__28time_getIwNS_19istreambuf_iteratorIwNS_11char_traitsIwEEEEE13__get_percentERS4_S4_RjRKNS_5ctypeIwEE)
                  000169c4    00000068                                   : locale.cpp.obj (.text:_ZNKSt3__28time_putIwNS_19ostreambuf_iteratorIwNS_11char_traitsIwEEEEE6do_putES4_RNS_8ios_baseEwPK2tmcc)
                  00016a2c    00000068                                   : string.cpp.obj (.text:_ZNSt3__212basic_stringIcNS_11char_traitsIcEENS_9allocatorIcEEEC1ERKS5_jjRKS4_)
                  00016a94    00000068                                   : ios.cpp.obj (.text:_ZNSt3__215basic_streambufIwNS_11char_traitsIwEEE6xsputnEPKwi)
                  00016afc    00000068                                   : locale.cpp.obj (.text:_ZNSt3__29__num_getIcE19__stage2_float_prepERNS_8ios_baseEPcRcS5_)
                  00016b64    00000068                                   : locale.cpp.obj (.text:_ZNSt3__29__num_getIwE19__stage2_float_prepERNS_8ios_baseEPwRwS5_)
                  00016bcc    00000068                                   : sscanf.c.obj (.text:_chkmbc)
                  00016c34    00000068                                   : copy_decompress_lzss.c.obj (.text:decompress:lzss:__TI_decompress_lzss)
                  00016c9c    00000066                                   : locale.cpp.obj (.text:_ZNKSt3__28time_putIcNS_19ostreambuf_iteratorIcNS_11char_traitsIcEEEEE6do_putES4_RNS_8ios_baseEcPK2tmcc)
                  00016d02    00000064                                   : ios.cpp.obj (.text:_ZNSt3__215basic_streambufIcNS_11char_traitsIcEEE6xsputnEPKci)
                  00016d66    00000002                                   : _lock.c.obj (.text:_nop)
                  00016d68    00000064                                   : fprintf.c.obj (.text:fprintf)
                  00016dcc    00000064                                   : s_frexp.c.obj (.text:frexp)
                  00016e30    00000064                                   : fseek.c.obj (.text:fseek)
                  00016e94    00000062                                   : _io_perm.c.obj (.text:__TI_wrt_ok)
                  00016ef6    00000002                                   : xlocale.c.obj (.text:freelocale)
                  00016ef8    00000060                                   : hostopen.c.obj (.text:HOSTopen)
                  00016f58    00000060                                   : autoinit.c.obj (.text:__TI_auto_init_nobinit:__TI_auto_init_nobinit)
                  00016fb8    0000005e                                   : locale.cpp.obj (.text:_ZNKSt3__219istreambuf_iteratorIcNS_11char_traitsIcEEE5equalERKS3_)
                  00017016    0000005e                                   : locale.cpp.obj (.text:_ZNKSt3__219istreambuf_iteratorIwNS_11char_traitsIwEEE5equalERKS3_)
                  00017074    0000005e                                   : locale.cpp.obj (.text:_ZNSt3__2eqIcNS_11char_traitsIcEEEEbRKNS_19istreambuf_iteratorIT_T0_EES8_)
                  000170d2    0000005e                                   : locale.cpp.obj (.text:_ZNSt3__2neIwNS_11char_traitsIwEEEEbRKNS_19istreambuf_iteratorIT_T0_EES8_)
                  00017130    0000005c                                   : locale.cpp.obj (.text:_ZNKSt3__27collateIcE12do_transformEPKcS3_)
                  0001718c    0000005c                                   : close.c.obj (.text:close)
                  000171e8    0000005a                                   : string.cpp.obj (.text:_ZNKSt3__234_GLOBAL__N__10_string_cpp_11932bae14initial_stringINS_12basic_stringIcNS_11char_traitsIcEENS_9allocatorIcEEEEiLb0EEclEv)
                  00017242    0000005a                                   : locale.cpp.obj (.text:_ZNKSt3__28time_getIwNS_19istreambuf_iteratorIwNS_11char_traitsIwEEEEE11do_get_dateES4_S4_RNS_8ios_baseERjP2tm)
                  0001729c    0000005a                                   : locale.cpp.obj (.text:_ZNKSt3__28time_getIwNS_19istreambuf_iteratorIwNS_11char_traitsIwEEEEE17__get_white_spaceERS4_S4_RjRKNS_5ctypeIwEE)
                  000172f6    00000002                                   : div0.asm.obj (.text)
                  000172f8    00000058                                   : hostread.c.obj (.text:HOSTread)
                  00017350    00000058                                   : hostwrite.c.obj (.text:HOSTwrite)
                  000173a8    00000058                                   : locale.cpp.obj (.text:_ZNKSt3__28time_getIcNS_19istreambuf_iteratorIcNS_11char_traitsIcEEEEE17__get_white_spaceERS4_S4_RjRKNS_5ctypeIcEE)
                  00017400    00000056                                   : locale.cpp.obj (.text:_ZNKSt3__28time_getIcNS_19istreambuf_iteratorIcNS_11char_traitsIcEEEEE11do_get_dateES4_S4_RNS_8ios_baseERjP2tm)
                  00017456    00000056                                   : _printfi.c.obj (.text:_pconv_f)
                  000174ac    00000054                                   : ltoa.c.obj (.text:ltoa)
                  00017500    00000052                                   : _printfi.c.obj (.text:_ecpy)
                  00017552    00000050                                   : ios.cpp.obj (.text:_ZNSt3__213basic_ostreamIcNS_11char_traitsIcEEE5flushEv)
                  000175a2    00000050                                   : ios.cpp.obj (.text:_ZNSt3__213basic_ostreamIwNS_11char_traitsIwEEE5flushEv)
                  000175f2    00000050                                   : none_mb.c.obj (.text:mbsnrtowcs)
                  00017642    0000004c                                   : iostream.cpp.obj (.text:_ZNSt3__211__stdoutbufIcE4syncEv)
                  0001768e    0000004c                                   : iostream.cpp.obj (.text:_ZNSt3__211__stdoutbufIwE4syncEv)
                  000176da    00000002     --HOLE-- [fill = 0]
                  000176dc    0000004c                                   : string.cpp.obj (.text:_ZNSt3__212basic_stringIcNS_11char_traitsIcEENS_9allocatorIcEEEC1ERKS5_)
                  00017728    0000004c                                   : string.cpp.obj (.text:_ZNSt3__212basic_stringIwNS_11char_traitsIwEENS_9allocatorIwEEEC1ERKS5_)
                  00017774    0000004c                                   : ios.cpp.obj (.text:_ZNSt3__213basic_ostreamIcNS_11char_traitsIcEEE6sentryC1ERS3_)
                  000177c0    0000004c                                   : ios.cpp.obj (.text:_ZNSt3__213basic_ostreamIwNS_11char_traitsIwEEE6sentryC1ERS3_)
                  0001780c    0000004c                                   : fflush.c.obj (.text:__TI_doflush)
                  00017858    0000004c                                   : atoi.c.obj (.text:atoi)
                  000178a4    0000004c                                   : snprintf.c.obj (.text:snprintf)
                  000178f0    0000004a                                   : locale.cpp.obj (.text:_ZNSt3__214__num_put_base12__format_intEPcPKcbj)
                  0001793a    0000004a                                   : _io_perm.c.obj (.text:__TI_rd_ok)
                  00017984    00000048                                   : locale.cpp.obj (.text:_ZNKSt3__27codecvtIDiciE6do_outERiPKDiS4_RS4_PcS6_RS6_)
                  000179cc    00000048                                   : locale.cpp.obj (.text:_ZNKSt3__27codecvtIDsciE6do_outERiPKDsS4_RS4_PcS6_RS6_)
                  00017a14    00000048                                   : locale.cpp.obj (.text:_ZNKSt3__27codecvtIwciE10do_unshiftERiPcS3_RS3_)
                  00017a5c    00000048                                   : locale.cpp.obj (.text:_ZNKSt3__27codecvtIwciE9do_lengthERiPKcS4_j)
                  00017aa4    00000048                                   : iostream.cpp.obj (.text:_ZNSt3__211__stdoutbufIcEC1EP7__sFILEPi)
                  00017aec    00000048                                   : iostream.cpp.obj (.text:_ZNSt3__211__stdoutbufIwEC1EP7__sFILEPi)
                  00017b34    00000048                                   : exit.c.obj (.text:exit)
                  00017b7c    00000048                                   : fd_toi_t2.asm.obj (.text)
                  00017bc4    00000046                                   : locale.cpp.obj (.text:_ZNKSt3__28time_getIcNS_19istreambuf_iteratorIcNS_11char_traitsIcEEEEE15__get_monthnameERiRS4_S4_RjRKNS_5ctypeIcEE)
                  00017c0a    00000046                                   : locale.cpp.obj (.text:_ZNKSt3__28time_getIcNS_19istreambuf_iteratorIcNS_11char_traitsIcEEEEE17__get_weekdaynameERiRS4_S4_RjRKNS_5ctypeIcEE)
                  00017c50    00000046                                   : locale.cpp.obj (.text:_ZNKSt3__28time_getIwNS_19istreambuf_iteratorIwNS_11char_traitsIwEEEEE15__get_monthnameERiRS4_S4_RjRKNS_5ctypeIwEE)
                  00017c96    00000046                                   : locale.cpp.obj (.text:_ZNKSt3__28time_getIwNS_19istreambuf_iteratorIwNS_11char_traitsIwEEEEE17__get_weekdaynameERiRS4_S4_RjRKNS_5ctypeIwEE)
                  00017cdc    00000046                                   : iostream.cpp.obj (.text:_ZNSt3__211__stdoutbufIcE6xsputnEPKci)
                  00017d22    00000046                                   : iostream.cpp.obj (.text:_ZNSt3__211__stdoutbufIwE6xsputnEPKwi)
                  00017d68    00000044                                   : hostclose.c.obj (.text:HOSTclose)
                  00017dac    00000044                                   : hostunlink.c.obj (.text:HOSTunlink)
                  00017df0    00000044                                   : dtor_list.c.obj (.text:_Z25__add_destruction_to_listPP20a_needed_destructionPFYvPvES2_S2_)
                  00017e34    00000044                                   : locale.cpp.obj (.text:_ZNKSt3__210__time_put8__do_putEPcRS1_PK2tmcc)
                  00017e78    00000044                                   : locale.cpp.obj (.text:_ZNKSt3__27codecvtIDiciE5do_inERiPKcS4_RS4_PDiS6_RS6_)
                  00017ebc    00000044                                   : locale.cpp.obj (.text:_ZNKSt3__27codecvtIDsciE5do_inERiPKcS4_RS4_PDsS6_RS6_)
                  00017f00    00000044                                   : iostream.cpp.obj (.text:_ZNSt3__210__stdinbufIcEC1EP7__sFILEPi)
                  00017f44    00000044                                   : iostream.cpp.obj (.text:_ZNSt3__210__stdinbufIwEC1EP7__sFILEPi)
                  00017f88    00000044                                   : getdevice.c.obj (.text:getdevice)
                  00017fcc    00000042                                   : dtor_list.c.obj (.text:_Z23__finalize_destructionsPP20a_needed_destructionPv)
                  0001800e    00000042                                   : locale.cpp.obj (.text:_ZNSt3__214__split_bufferIPNS_6locale5facetERNS_15__sso_allocatorIS3_Lj28EEEEC1EjjS6_)
                  00018050    00000040                                   : locale.cpp.obj (.text:_ZNKSt3__28time_getIcNS_19istreambuf_iteratorIcNS_11char_traitsIcEEEEE11do_get_yearES4_S4_RNS_8ios_baseERjP2tm)
                  00018090    00000040                                   : locale.cpp.obj (.text:_ZNKSt3__28time_getIcNS_19istreambuf_iteratorIcNS_11char_traitsIcEEEEE14do_get_weekdayES4_S4_RNS_8ios_baseERjP2tm)
                  000180d0    00000040                                   : locale.cpp.obj (.text:_ZNKSt3__28time_getIcNS_19istreambuf_iteratorIcNS_11char_traitsIcEEEEE16do_get_monthnameES4_S4_RNS_8ios_baseERjP2tm)
                  00018110    00000040                                   : locale.cpp.obj (.text:_ZNKSt3__28time_getIwNS_19istreambuf_iteratorIwNS_11char_traitsIwEEEEE11do_get_timeES4_S4_RNS_8ios_baseERjP2tm)
                  00018150    00000040                                   : locale.cpp.obj (.text:_ZNKSt3__28time_getIwNS_19istreambuf_iteratorIwNS_11char_traitsIwEEEEE11do_get_yearES4_S4_RNS_8ios_baseERjP2tm)
                  00018190    00000040                                   : locale.cpp.obj (.text:_ZNKSt3__28time_getIwNS_19istreambuf_iteratorIwNS_11char_traitsIwEEEEE14do_get_weekdayES4_S4_RNS_8ios_baseERjP2tm)
                  000181d0    00000040                                   : locale.cpp.obj (.text:_ZNKSt3__28time_getIwNS_19istreambuf_iteratorIwNS_11char_traitsIwEEEEE16do_get_monthnameES4_S4_RNS_8ios_baseERjP2tm)
                  00018210    00000040                                   : locale.cpp.obj (.text:_ZNSt3__26locale2id5__getEv)
                  00018250    00000040                                   : ios.cpp.obj (.text:_ZNSt3__28ios_base4initEPv)
                  00018290    00000040                                   : vsnprintf.c.obj (.text:vsnprintf)
                  000182d0    0000003e                                   : locale.cpp.obj (.text:_ZNSt3__26vectorIPNS_6locale5facetENS_15__sso_allocatorIS3_Lj28EEEE8allocateEj)
                  0001830e    0000003e                                   : _printfi.c.obj (.text:_fcpy)
                  0001834c    0000003d                                   : string.cpp.obj (.text:_ZNSt3__24stoiERKNS_12basic_stringIcNS_11char_traitsIcEENS_9allocatorIcEEEEPji)
                  00018389    00000003     --HOLE-- [fill = 0]
                  0001838c    0000003c                                   : iostream.cpp.obj (.text:_ZNSt3__210__stdinbufIcE5imbueERKNS_6localeE)
                  000183c8    0000003c                                   : memory.c.obj (.text:minsert)
                  00018404    0000003a                                   : locale.cpp.obj (.text:_ZNKSt3__27collateIwE10do_compareEPKwS3_S3_S3_)
                  0001843e    0000003a                                   : locale.cpp.obj (.text:_ZNSt3__214__num_put_base18__identify_paddingEPcS1_RKNS_8ios_baseE)
                  00018478    00000038                                   : locale.cpp.obj (.text:_ZNKSt3__25ctypeIcE10do_tolowerEPcPKc)
                  000184b0    00000038                                   : locale.cpp.obj (.text:_ZNKSt3__25ctypeIcE10do_toupperEPcPKc)
                  000184e8    00000038                                   : locale.cpp.obj (.text:_ZNKSt3__25ctypeIwE10do_tolowerEPwPKw)
                  00018520    00000038                                   : locale.cpp.obj (.text:_ZNKSt3__25ctypeIwE10do_toupperEPwPKw)
                  00018558    00000038                                   : locale.cpp.obj (.text:_ZNKSt3__27collateIcE10do_compareEPKcS3_S3_S3_)
                  00018590    00000038                                   : locale.cpp.obj (.text:_ZNKSt3__28time_getIcNS_19istreambuf_iteratorIcNS_11char_traitsIcEEEEE10__get_yearERiRS4_S4_RjRKNS_5ctypeIcEE)
                  000185c8    00000038                                   : locale.cpp.obj (.text:_ZNKSt3__28time_getIwNS_19istreambuf_iteratorIwNS_11char_traitsIwEEEEE10__get_yearERiRS4_S4_RjRKNS_5ctypeIwEE)
                  00018600    00000038                                   : iostream.cpp.obj (.text:_ZNSt3__210__stdinbufIwE5imbueERKNS_6localeE)
                  00018638    00000038                                   : locale.cpp.obj (.text:_ZNSt3__26__clocEv)
                  00018670    00000038                                   : ios.cpp.obj (.text:_ZNSt3__28ios_baseD1Ev)
                  000186a8    00000038                                   : locale.cpp.obj (.text:_ZNSt3__28numpunctIcEC1Ej)
                  000186e0    00000038                                   : locale.cpp.obj (.text:_ZNSt3__28numpunctIwEC1Ej)
                  00018718    00000038                                   : trgmsg.c.obj (.text:__TI_writemsg)
                  00018750    00000038                                   : boot_cortex_m.c.obj (.text:_c_int00_noargs:_c_int00_noargs)
                  00018788    00000038                                   : memory.c.obj (.text:minit)
                  000187c0    00000038                                   : sscanf.c.obj (.text:sscanf)
                  000187f8    00000036                                   : strncpy.c.obj (.text:strncpy)
                  0001882e    00000036                                   : vasprintf.c.obj (.text:vasprintf)
                  00018864    00000034                                   : locale.cpp.obj (.text:_ZNKSt3__28time_getIcNS_19istreambuf_iteratorIcNS_11char_traitsIcEEEEE11do_get_timeES4_S4_RNS_8ios_baseERjP2tm)
                  00018898    00000034                                   : string.cpp.obj (.text:_ZNSt3__29to_stringEi)
                  000188cc    00000034                                   : fopen.c.obj (.text:__TI_cleanup)
                  00018900    00000034                                   : trgmsg.c.obj (.text:__TI_readmsg)
                  00018934    00000034                                   : dtor_list.c.obj (.text:__aeabi_atexit)
                  00018968    00000032                                   : locale.cpp.obj (.text:_ZNKSt3__27collateIwE7do_hashEPKwS3_)
                  0001899a    00000032                                   : locale.cpp.obj (.text:_ZNKSt3__28time_getIcNS_19istreambuf_iteratorIcNS_11char_traitsIcEEEEE13__get_12_hourERiRS4_S4_RjRKNS_5ctypeIcEE)
                  000189cc    00000032                                   : locale.cpp.obj (.text:_ZNKSt3__28time_getIcNS_19istreambuf_iteratorIcNS_11char_traitsIcEEEEE9__get_dayERiRS4_S4_RjRKNS_5ctypeIcEE)
                  000189fe    00000032                                   : locale.cpp.obj (.text:_ZNKSt3__28time_getIwNS_19istreambuf_iteratorIwNS_11char_traitsIwEEEEE13__get_12_hourERiRS4_S4_RjRKNS_5ctypeIwEE)
                  00018a30    00000032                                   : locale.cpp.obj (.text:_ZNKSt3__28time_getIwNS_19istreambuf_iteratorIwNS_11char_traitsIwEEEEE9__get_dayERiRS4_S4_RjRKNS_5ctypeIwEE)
                  00018a62    00000030                                   : locale.cpp.obj (.text:_ZNKSt3__27collateIcE7do_hashEPKcS3_)
                  00018a92    00000030                                   : locale.cpp.obj (.text:_ZNKSt3__28time_getIcNS_19istreambuf_iteratorIcNS_11char_traitsIcEEEEE11__get_monthERiRS4_S4_RjRKNS_5ctypeIcEE)
                  00018ac2    00000030                                   : locale.cpp.obj (.text:_ZNKSt3__28time_getIcNS_19istreambuf_iteratorIcNS_11char_traitsIcEEEEE18__get_day_year_numERiRS4_S4_RjRKNS_5ctypeIcEE)
                  00018af2    00000030                                   : locale.cpp.obj (.text:_ZNKSt3__28time_getIwNS_19istreambuf_iteratorIwNS_11char_traitsIwEEEEE11__get_monthERiRS4_S4_RjRKNS_5ctypeIwEE)
                  00018b22    00000030                                   : locale.cpp.obj (.text:_ZNKSt3__28time_getIwNS_19istreambuf_iteratorIwNS_11char_traitsIwEEEEE18__get_day_year_numERiRS4_S4_RjRKNS_5ctypeIwEE)
                  00018b52    00000030                                   : locale.cpp.obj (.text:_ZNSt3__219ostreambuf_iteratorIcNS_11char_traitsIcEEEaSEc)
                  00018b82    00000030                                   : locale.cpp.obj (.text:_ZNSt3__219ostreambuf_iteratorIwNS_11char_traitsIwEEEaSEw)
                  00018bb2    00000002     --HOLE-- [fill = 0]
                  00018bb4    00000030                                   : string.cpp.obj (.text:_ZNSt3__234_GLOBAL__N__10_string_cpp_11932bae12throw_helperISt12out_of_rangeEEvRKNS_12basic_stringIcNS_11char_traitsIcEENS_9allocatorIcEEEE)
                  00018be4    00000030                                   : string.cpp.obj (.text:_ZNSt3__234_GLOBAL__N__10_string_cpp_11932bae12throw_helperISt16invalid_argumentEEvRKNS_12basic_stringIcNS_11char_traitsIcEENS_9allocatorIcEEEE)
                  00018c14    00000030                                   : locale.cpp.obj (.text:_ZNSt3__26locale8__globalEv)
                  00018c44    00000030                                   : iostream.cpp.obj (.text:_ZNSt3__28ios_base4InitD1Ev)
                  00018c74    00000030                                   : snprintf.c.obj (.text:_outs)
                  00018ca4    00000030                                   : vsnprintf.c.obj (.text:_outs)
                  00018cd4    00000030                                   : getdevice.c.obj (.text:finddevice)
                  00018d04    0000002e                                   : locale.cpp.obj (.text:_ZNKSt3__25ctypeIwE5do_isEPKwS3_Ph)
                  00018d32    0000002e                                   : locale.cpp.obj (.text:_ZNKSt3__27codecvtIwciE11do_encodingEv)
                  00018d60    0000002e                                   : locale.cpp.obj (.text:_ZNKSt3__28time_getIcNS_19istreambuf_iteratorIcNS_11char_traitsIcEEEEE10__get_hourERiRS4_S4_RjRKNS_5ctypeIcEE)
                  00018d8e    0000002e                                   : locale.cpp.obj (.text:_ZNKSt3__28time_getIcNS_19istreambuf_iteratorIcNS_11char_traitsIcEEEEE12__get_minuteERiRS4_S4_RjRKNS_5ctypeIcEE)
                  00018dbc    0000002e                                   : locale.cpp.obj (.text:_ZNKSt3__28time_getIcNS_19istreambuf_iteratorIcNS_11char_traitsIcEEEEE12__get_secondERiRS4_S4_RjRKNS_5ctypeIcEE)
                  00018dea    0000002e                                   : locale.cpp.obj (.text:_ZNKSt3__28time_getIcNS_19istreambuf_iteratorIcNS_11char_traitsIcEEEEE13__get_weekdayERiRS4_S4_RjRKNS_5ctypeIcEE)
                  00018e18    0000002e                                   : locale.cpp.obj (.text:_ZNKSt3__28time_getIwNS_19istreambuf_iteratorIwNS_11char_traitsIwEEEEE10__get_hourERiRS4_S4_RjRKNS_5ctypeIwEE)
                  00018e46    0000002e                                   : locale.cpp.obj (.text:_ZNKSt3__28time_getIwNS_19istreambuf_iteratorIwNS_11char_traitsIwEEEEE12__get_minuteERiRS4_S4_RjRKNS_5ctypeIwEE)
                  00018e74    0000002e                                   : locale.cpp.obj (.text:_ZNKSt3__28time_getIwNS_19istreambuf_iteratorIwNS_11char_traitsIwEEEEE12__get_secondERiRS4_S4_RjRKNS_5ctypeIwEE)
                  00018ea2    0000002e                                   : locale.cpp.obj (.text:_ZNKSt3__28time_getIwNS_19istreambuf_iteratorIwNS_11char_traitsIwEEEEE13__get_weekdayERiRS4_S4_RjRKNS_5ctypeIwEE)
                  00018ed0    0000002e                                   : string.cpp.obj (.text:_ZNSt3__212basic_stringIcNS_11char_traitsIcEENS_9allocatorIcEEEaSERKS5_)
                  00018efe    0000002e                                   : locale.cpp.obj (.text:_ZNSt3__214__split_bufferIPNS_6locale5facetERNS_15__sso_allocatorIS3_Lj28EEEED1Ev)
                  00018f2c    0000002e                                   : none_mb.c.obj (.text:mbtowc)
                  00018f5a    0000002e                                   : i_tofd_t2.asm.obj (.text)
                  00018f88    0000002c                                   : iostream.cpp.obj (.text:_ZNSt3__211__stdoutbufIcE5imbueERKNS_6localeE)
                  00018fb4    0000002c                                   : iostream.cpp.obj (.text:_ZNSt3__211__stdoutbufIwE5imbueERKNS_6localeE)
                  00018fe0    0000002c                                   : locale.cpp.obj (.text:_ZNSt3__26locale7classicEv)
                  0001900c    0000002c                                   : unlink.c.obj (.text:unlink)
                  00019038    0000002a                                   : locale.cpp.obj (.text:_ZNKSt3__25ctypeIwE10do_scan_isEhPKwS3_)
                  00019062    0000002a                                   : locale.cpp.obj (.text:_ZNKSt3__25ctypeIwE11do_scan_notEhPKwS3_)
                  0001908c    0000002a                                   : ios.cpp.obj (.text:_ZNSt3__215basic_streambufIcNS_11char_traitsIcEEE7seekposENS_4fposIiEEj)
                  000190b6    0000002a                                   : ios.cpp.obj (.text:_ZNSt3__215basic_streambufIwNS_11char_traitsIwEEE7seekposENS_4fposIiEEj)
                  000190e0    00000028                                   : lseek.c.obj (.text:lseek)
                  00019108    00000028                                   : memory.c.obj (.text:mremove)
                  00019130    00000028                                   : read.c.obj (.text:read)
                  00019158    00000028                                   : write.c.obj (.text:write)
                  00019180    00000026                                   : locale.cpp.obj (.text:_ZNKSt3__28numpunctIcE12do_falsenameEv)
                  000191a6    00000026                                   : locale.cpp.obj (.text:_ZNKSt3__28time_getIcNS_19istreambuf_iteratorIcNS_11char_traitsIcEEEEE11__get_year4ERiRS4_S4_RjRKNS_5ctypeIcEE)
                  000191cc    00000026                                   : locale.cpp.obj (.text:_ZNKSt3__28time_getIwNS_19istreambuf_iteratorIwNS_11char_traitsIwEEEEE11__get_year4ERiRS4_S4_RjRKNS_5ctypeIwEE)
                  000191f2    00000026                                   : ios.cpp.obj (.text:_ZNSt3__28ios_base16__call_callbacksENS0_5eventE)
                  00019218    00000026                                   : none_mb.c.obj (.text:mbrtowc)
                  0001923e    00000002     --HOLE-- [fill = 0]
                  00019240    00000024                                   : locale.cpp.obj (.text:_ZNKSt3__25ctypeIcE10do_tolowerEc)
                  00019264    00000024                                   : locale.cpp.obj (.text:_ZNKSt3__25ctypeIcE10do_toupperEc)
                  00019288    00000024                                   : locale.cpp.obj (.text:_ZNKSt3__25ctypeIwE10do_tolowerEw)
                  000192ac    00000024                                   : locale.cpp.obj (.text:_ZNKSt3__25ctypeIwE9do_narrowEPKwS3_cPc)
                  000192d0    00000024                                   : ios.cpp.obj (.text:_ZNSt3__215basic_streambufIcNS_11char_traitsIcEEE5uflowEv)
                  000192f4    00000024                                   : ios.cpp.obj (.text:_ZNSt3__215basic_streambufIcNS_11char_traitsIcEEEC1Ev)
                  00019318    00000024                                   : ios.cpp.obj (.text:_ZNSt3__215basic_streambufIwNS_11char_traitsIwEEE5uflowEv)
                  0001933c    00000024                                   : ios.cpp.obj (.text:_ZNSt3__215basic_streambufIwNS_11char_traitsIwEEEC1Ev)
                  00019360    00000024                                   : locale.cpp.obj (.text:_ZNSt3__25ctypeIcEC1EPKhbj)
                  00019384    00000024                                   : locale.cpp.obj (.text:_ZNSt3__26vectorIPNS_6locale5facetENS_15__sso_allocatorIS3_Lj28EEEEC1Ej)
                  000193a8    00000024                                   : locale.cpp.obj (.text:_ZNSt3__27codecvtIwciED1Ev)
                  000193cc    00000024                                   : vec_newdel.c.obj (.text:__cxa_vec_ctor)
                  000193f0    00000024                                   : memcmp.c.obj (.text:memcmp)
                  00019414    00000024                                   : memmov.c.obj (.text:memmove)
                  00019438    00000022                                   : locale.cpp.obj (.text:_ZNKSt3__25ctypeIcE9do_narrowEPKcS3_cPc)
                  0001945a    00000022                                   : locale.cpp.obj (.text:_ZNKSt3__25ctypeIwE10do_toupperEw)
                  0001947c    00000022                                   : locale.cpp.obj (.text:_ZNSt3__214__num_get_base10__get_baseERNS_8ios_baseE)
                  0001949e    00000022                                   : new.cpp.obj (.text:_Znwj)
                  000194c0    00000021                                   : locale.cpp.obj (.text:_ZNKSt3__28numpunctIcE11do_truenameEv)
                  000194e1    00000001     --HOLE-- [fill = 0]
                  000194e2    00000020                                   : iostream.cpp.obj (.text:_ZNKSt3__27codecvtIcciE3outERiPKcS4_RS4_PcS6_RS6_)
                  00019502    00000020                                   : iostream.cpp.obj (.text:_ZNKSt3__27codecvtIwciE3outERiPKwS4_RS4_PcS6_RS6_)
                  00019522    00000020                                   : string.cpp.obj (.text:_ZNSt3__212basic_stringIcNS_11char_traitsIcEENS_9allocatorIcEEED1Ev)
                  00019542    00000020                                   : string.cpp.obj (.text:_ZNSt3__212basic_stringIwNS_11char_traitsIwEENS_9allocatorIwEEED1Ev)
                  00019562    00000020                                   : locale.cpp.obj (.text:_ZNSt3__217__call_once_proxyINS_5tupleIJONS_34_GLOBAL__N__10_locale_cpp_a718320311__fake_bindEEEEEEvPv)
                  00019582    00000020                                   : locale.cpp.obj (.text:_ZNSt3__219istreambuf_iteratorIcNS_11char_traitsIcEEEppEv)
                  000195a2    00000020                                   : locale.cpp.obj (.text:_ZNSt3__219istreambuf_iteratorIwNS_11char_traitsIwEEEppEv)
                  000195c2    00000002     --HOLE-- [fill = 0]
                  000195c4    00000020                                   : string.cpp.obj (.text:_ZNSt3__234_GLOBAL__N__10_string_cpp_11932bae29throw_from_string_invalid_argERKNS_12basic_stringIcNS_11char_traitsIcEENS_9allocatorIcEEEE)
                  000195e4    00000020                                   : string.cpp.obj (.text:_ZNSt3__234_GLOBAL__N__10_string_cpp_11932bae30throw_from_string_out_of_rangeERKNS_12basic_stringIcNS_11char_traitsIcEENS_9allocatorIcEEEE)
                  00019604    00000020                                   : iostream.cpp.obj (.text:__sti___12_iostream_cpp_d173592a__prio101)
                  00019624    00000020                                   : wctype.c.obj (.text:iswlower)
                  00019644    00000020                                   : memchr.c.obj (.text:memchr)
                  00019664    00000020                                   : sscanf.c.obj (.text:vsscanf)
                  00019684    00000020                                   : none_mb.c.obj (.text:wcrtomb)
                  000196a4    0000001e                                   : locale.cpp.obj (.text:_ZNKSt3__210moneypunctIcLb0EE13do_neg_formatEv)
                  000196c2    0000001e                                   : locale.cpp.obj (.text:_ZNKSt3__210moneypunctIcLb0EE13do_pos_formatEv)
                  000196e0    0000001e                                   : locale.cpp.obj (.text:_ZNKSt3__210moneypunctIcLb0EE16do_negative_signEv)
                  000196fe    0000001e                                   : locale.cpp.obj (.text:_ZNKSt3__210moneypunctIcLb1EE13do_neg_formatEv)
                  0001971c    0000001e                                   : locale.cpp.obj (.text:_ZNKSt3__210moneypunctIcLb1EE13do_pos_formatEv)
                  0001973a    0000001e                                   : locale.cpp.obj (.text:_ZNKSt3__210moneypunctIcLb1EE16do_negative_signEv)
                  00019758    0000001e                                   : locale.cpp.obj (.text:_ZNKSt3__210moneypunctIwLb0EE13do_neg_formatEv)
                  00019776    0000001e                                   : locale.cpp.obj (.text:_ZNKSt3__210moneypunctIwLb0EE13do_pos_formatEv)
                  00019794    0000001e                                   : locale.cpp.obj (.text:_ZNKSt3__210moneypunctIwLb0EE16do_negative_signEv)
                  000197b2    0000001e                                   : locale.cpp.obj (.text:_ZNKSt3__210moneypunctIwLb1EE13do_neg_formatEv)
                  000197d0    0000001e                                   : locale.cpp.obj (.text:_ZNKSt3__210moneypunctIwLb1EE13do_pos_formatEv)
                  000197ee    0000001e                                   : locale.cpp.obj (.text:_ZNKSt3__210moneypunctIwLb1EE16do_negative_signEv)
                  0001980c    0000001e                                   : string.cpp.obj (.text:_ZNSt3__211char_traitsIcE6assignEPcjc)
                  0001982a    0000001e                                   : string.cpp.obj (.text:_ZNSt3__212basic_stringIcNS_11char_traitsIcEENS_9allocatorIcEEEC1Ev)
                  00019848    0000001e                                   : string.cpp.obj (.text:_ZNSt3__212basic_stringIwNS_11char_traitsIwEENS_9allocatorIwEEEC1Ev)
                  00019866    0000001e                                   : ios.cpp.obj (.text:_ZNSt3__215basic_streambufIcNS_11char_traitsIcEEE7seekoffExNS_8ios_base7seekdirEj)
                  00019884    0000001e                                   : ios.cpp.obj (.text:_ZNSt3__215basic_streambufIwNS_11char_traitsIwEEE7seekoffExNS_8ios_base7seekdirEj)
                  000198a2    0000001c                                   : locale.cpp.obj (.text:_ZNKSt3__210moneypunctIcLb0EE11do_groupingEv)
                  000198be    0000001c                                   : locale.cpp.obj (.text:_ZNKSt3__210moneypunctIcLb0EE14do_curr_symbolEv)
                  000198da    0000001c                                   : locale.cpp.obj (.text:_ZNKSt3__210moneypunctIcLb0EE16do_positive_signEv)
                  000198f6    0000001c                                   : locale.cpp.obj (.text:_ZNKSt3__210moneypunctIcLb1EE11do_groupingEv)
                  00019912    0000001c                                   : locale.cpp.obj (.text:_ZNKSt3__210moneypunctIcLb1EE14do_curr_symbolEv)
                  0001992e    0000001c                                   : locale.cpp.obj (.text:_ZNKSt3__210moneypunctIcLb1EE16do_positive_signEv)
                  0001994a    0000001c                                   : locale.cpp.obj (.text:_ZNKSt3__210moneypunctIwLb0EE11do_groupingEv)
                  00019966    0000001c                                   : locale.cpp.obj (.text:_ZNKSt3__210moneypunctIwLb0EE14do_curr_symbolEv)
                  00019982    0000001c                                   : locale.cpp.obj (.text:_ZNKSt3__210moneypunctIwLb0EE16do_positive_signEv)
                  0001999e    0000001c                                   : locale.cpp.obj (.text:_ZNKSt3__210moneypunctIwLb1EE11do_groupingEv)
                  000199ba    0000001c                                   : locale.cpp.obj (.text:_ZNKSt3__210moneypunctIwLb1EE14do_curr_symbolEv)
                  000199d6    0000001c                                   : locale.cpp.obj (.text:_ZNKSt3__210moneypunctIwLb1EE16do_positive_signEv)
                  000199f2    0000001c                                   : locale.cpp.obj (.text:_ZNKSt3__25ctypeIwE5do_isEhw)
                  00019a0e    0000001c                                   : string.cpp.obj (.text:_ZNSt3__212basic_stringIcNS_11char_traitsIcEENS_9allocatorIcEEE6insertEjPKc)
                  00019a2a    00000002     --HOLE-- [fill = 0]
                  00019a2c    0000001c                                   : ios.cpp.obj (.text:_ZNSt3__213basic_istreamIcNS_11char_traitsIcEEED1Ev)
                  00019a48    0000001c                                   : ios.cpp.obj (.text:_ZNSt3__213basic_istreamIwNS_11char_traitsIwEEED1Ev)
                  00019a64    0000001c                                   : ios.cpp.obj (.text:_ZNSt3__213basic_ostreamIcNS_11char_traitsIcEEED1Ev)
                  00019a80    0000001c                                   : ios.cpp.obj (.text:_ZNSt3__213basic_ostreamIwNS_11char_traitsIwEEED1Ev)
                  00019a9c    0000001c                                   : locale.cpp.obj (.text:_ZNSt3__26locale5__imp12make_classicEv)
                  00019ab8    0000001c                                   : locale.cpp.obj (.text:_ZNSt3__27codecvtIwciEC1Ej)
                  00019ad4    0000001c                                   : vec_newdel.c.obj (.text:__cxa_vec_dtor)
                  00019af0    0000001c                                   : memccpy.c.obj (.text:memccpy)
                  00019b0c    0000001c                                   : locale_stdio.c.obj (.text:snprintf_l)
                  00019b28    0000001a                                   : locale.cpp.obj (.text:_ZNSt3__214__shared_count16__release_sharedEv)
                  00019b42    0000001a                                   : locale.cpp.obj (.text:_ZNSt3__28numpunctIcED1Ev)
                  00019b5c    0000001a                                   : locale.cpp.obj (.text:_ZNSt3__28numpunctIwED1Ev)
                  00019b76    0000001a                                   : locale.cpp.obj (.text:_ZNSt3__28time_putIcNS_19ostreambuf_iteratorIcNS_11char_traitsIcEEEEED0Ev)
                  00019b90    0000001a                                   : locale.cpp.obj (.text:_ZNSt3__28time_putIwNS_19ostreambuf_iteratorIwNS_11char_traitsIwEEEEED0Ev)
                  00019baa    0000001a                                   : asprintf.c.obj (.text:asprintf_l)
                  00019bc4    0000001a                                   : locale_stdio.c.obj (.text:sscanf_l)
                  00019bde    00000002     --HOLE-- [fill = 0]
                  00019be0    00000018                                   : locale.cpp.obj (.text:$P$F1)
                  00019bf8    00000018     Glue.obj (.text)
                  00019c10    00000018     rtsv7M4_T_le_v4SPD16_eabi.lib : locale.cpp.obj (.text:_ZNKSt3__25ctypeIcE8do_widenEPKcS3_Pc)
                  00019c28    00000018                                   : locale.cpp.obj (.text:_ZNKSt3__25ctypeIwE8do_widenEPKcS3_Pw)
                  00019c40    00000018                                   : locale.cpp.obj (.text:_ZNKSt3__27codecvtIDiciE9do_lengthERiPKcS4_j)
                  00019c58    00000018                                   : locale.cpp.obj (.text:_ZNKSt3__27codecvtIDsciE9do_lengthERiPKcS4_j)
                  00019c70    00000018                                   : locale.cpp.obj (.text:_ZNSt3__210__time_putD1Ev)
                  00019c88    00000018                                   : mutex.cpp.obj (.text:_ZNSt3__211__call_onceERVmPvPFvS2_E)
                  00019ca0    00000018                                   : string.cpp.obj (.text:_ZNSt3__212basic_stringIcNS_11char_traitsIcEENS_9allocatorIcEEE6appendEPKc)
                  00019cb8    00000018                                   : string.cpp.obj (.text:_ZNSt3__212basic_stringIcNS_11char_traitsIcEENS_9allocatorIcEEE6assignEPKc)
                  00019cd0    00000018                                   : string.cpp.obj (.text:_ZNSt3__212basic_stringIwNS_11char_traitsIwEENS_9allocatorIwEEE6assignEPKw)
                  00019ce8    00000018                                   : locale.cpp.obj (.text:_ZNSt3__25ctypeIcED1Ev)
                  00019d00    00000018                                   : locale.cpp.obj (.text:_ZNSt3__26locale5__imp11make_globalEv)
                  00019d18    00000018                                   : locale.cpp.obj (.text:_ZNSt3__26localeD1Ev)
                  00019d30    00000018                                   : locale.cpp.obj (.text:_ZNSt3__26vectorIPNS_6locale5facetENS_15__sso_allocatorIS3_Lj28EEEE18__construct_at_endEj)
                  00019d48    00000018                                   : snprintf.c.obj (.text:_outc)
                  00019d60    00000018                                   : vsnprintf.c.obj (.text:_outc)
                  00019d78    00000018                                   : ll_mul_t2.asm.obj (.text)
                  00019d90    00000018                                   : strcmp.c.obj (.text:strcmp)
                  00019da8    00000018                                   : strrchr.c.obj (.text:strrchr)
                  00019dc0    00000016                                   : locale.cpp.obj (.text:_ZNKSt3__26locale9use_facetERNS0_2idE)
                  00019dd6    00000016                                   : ios.cpp.obj (.text:_ZNSt3__215basic_streambufIcNS_11char_traitsIcEEE5sgetcEv)
                  00019dec    00000016                                   : ios.cpp.obj (.text:_ZNSt3__215basic_streambufIwNS_11char_traitsIwEEE5sgetcEv)
[...]
20020468  moose                                                                                                                                                                                    
20020474  octopus                                                                                                                                                                                  
20020480  parrot                                                                                                                                                                                   
2002048c  rabbit                                                                                                                                                                                   
20020498  scorpion                                                                                                                                                                                 
200204a4  turtle                                                                                                                                                                                   
200204b0  unicorn                                                                                                                                                                                  
200204bc  vulture                                                                                                                                                                                  
200204c8  wolf                                                                                                                                                                                     
200204d4  zebra                                                                                                                                                                                    
20020ae0  __CIOBUF_                                                                                                                                                                                
20020c00  _ZZNSt3__234_GLOBAL__N__10_locale_cpp_a71832034makeINS_6locale5__impEjEERT_T0_E3buf                                                                                                      
20020ca0  __TI_tmpnams                                                                                                                                                                             
20020d60  _ZZNSt3__234_GLOBAL__N__10_locale_cpp_a71832034makeINS_8numpunctIcEEjEERT_T0_E3buf                                                                                                       
20020d78  _ZZNSt3__234_GLOBAL__N__10_locale_cpp_a71832034makeINS_8numpunctIwEEjEERT_T0_E3buf                                                                                                       
20020d90  _ZZNSt3__234_GLOBAL__N__10_locale_cpp_a71832034makeINS_5ctypeIcEEDnbjEERT_T0_T1_T2_E3buf                                                                                                 
20020da0  _ZZNSt3__234_GLOBAL__N__10_locale_cpp_a71832034makeINS_7codecvtIwciEEjEERT_T0_E3buf                                                                                                      
20020db0  _ZZNSt3__234_GLOBAL__N__10_locale_cpp_a71832034makeINS_8time_getIcNS_19istreambuf_iteratorIcNS_11char_traitsIcEEEEEEjEERT_T0_E3buf                                                       
20020dc0  _ZZNSt3__234_GLOBAL__N__10_locale_cpp_a71832034makeINS_8time_getIwNS_19istreambuf_iteratorIwNS_11char_traitsIwEEEEEEjEERT_T0_E3buf                                                       
20020dd0  _ZZNSt3__234_GLOBAL__N__10_locale_cpp_a71832034makeINS_8time_putIcNS_19ostreambuf_iteratorIcNS_11char_traitsIcEEEEEEjEERT_T0_E3buf                                                       
20020de0  _ZZNSt3__234_GLOBAL__N__10_locale_cpp_a71832034makeINS_8time_putIwNS_19ostreambuf_iteratorIwNS_11char_traitsIwEEEEEEjEERT_T0_E3buf                                                       
20020df0  _ZZNSt3__234_GLOBAL__N__10_locale_cpp_a71832034makeINS_10moneypunctIcLb0EEEjEERT_T0_E3buf                                                                                                
20020df8  _ZZNSt3__234_GLOBAL__N__10_locale_cpp_a71832034makeINS_10moneypunctIcLb1EEEjEERT_T0_E3buf                                                                                                
20020e00  _ZZNSt3__234_GLOBAL__N__10_locale_cpp_a71832034makeINS_10moneypunctIwLb0EEEjEERT_T0_E3buf                                                                                                
20020e08  _ZZNSt3__234_GLOBAL__N__10_locale_cpp_a71832034makeINS_10moneypunctIwLb1EEEjEERT_T0_E3buf                                                                                                
20020e10  _ZZNSt3__234_GLOBAL__N__10_locale_cpp_a71832034makeINS_5ctypeIwEEjEERT_T0_E3buf                                                                                                          
20020e18  _ZZNSt3__234_GLOBAL__N__10_locale_cpp_a71832034makeINS_7codecvtIDiciEEjEERT_T0_E3buf                                                                                                     
20020e20  _ZZNSt3__234_GLOBAL__N__10_locale_cpp_a71832034makeINS_7codecvtIDsciEEjEERT_T0_E3buf                                                                                                     
20020e28  _ZZNSt3__234_GLOBAL__N__10_locale_cpp_a71832034makeINS_7codecvtIcciEEjEERT_T0_E3buf                                                                                                      
20020e30  _ZZNSt3__234_GLOBAL__N__10_locale_cpp_a71832034makeINS_7collateIcEEjEERT_T0_E3buf                                                                                                        
20020e38  _ZZNSt3__234_GLOBAL__N__10_locale_cpp_a71832034makeINS_7collateIwEEjEERT_T0_E3buf                                                                                                        
20020e40  _ZZNSt3__234_GLOBAL__N__10_locale_cpp_a71832034makeINS_7num_getIcNS_19istreambuf_iteratorIcNS_11char_traitsIcEEEEEEjEERT_T0_E3buf                                                        
20020e48  _ZZNSt3__234_GLOBAL__N__10_locale_cpp_a71832034makeINS_7num_getIwNS_19istreambuf_iteratorIwNS_11char_traitsIwEEEEEEjEERT_T0_E3buf                                                        
20020e50  _ZZNSt3__234_GLOBAL__N__10_locale_cpp_a71832034makeINS_7num_putIcNS_19ostreambuf_iteratorIcNS_11char_traitsIcEEEEEEjEERT_T0_E3buf                                                        
20020e58  _ZZNSt3__234_GLOBAL__N__10_locale_cpp_a71832034makeINS_7num_putIwNS_19ostreambuf_iteratorIwNS_11char_traitsIwEEEEEEjEERT_T0_E3buf                                                        
20020e60  _ZZNSt3__234_GLOBAL__N__10_locale_cpp_a71832034makeINS_8messagesIcEEjEERT_T0_E3buf                                                                                                       
20020e68  _ZZNSt3__234_GLOBAL__N__10_locale_cpp_a71832034makeINS_8messagesIwEEjEERT_T0_E3buf                                                                                                       
20020e70  _ZZNSt3__234_GLOBAL__N__10_locale_cpp_a71832034makeINS_9money_getIcNS_19istreambuf_iteratorIcNS_11char_traitsIcEEEEEEjEERT_T0_E3buf                                                      
20020e78  _ZZNSt3__234_GLOBAL__N__10_locale_cpp_a71832034makeINS_9money_getIwNS_19istreambuf_iteratorIwNS_11char_traitsIwEEEEEEjEERT_T0_E3buf                                                      
20020e80  _ZZNSt3__234_GLOBAL__N__10_locale_cpp_a71832034makeINS_9money_putIcNS_19ostreambuf_iteratorIcNS_11char_traitsIcEEEEEEjEERT_T0_E3buf                                                      
20020e88  _ZZNSt3__234_GLOBAL__N__10_locale_cpp_a71832034makeINS_9money_putIwNS_19ostreambuf_iteratorIwNS_11char_traitsIwEEEEEEjEERT_T0_E3buf                                                      
20020e90  parmbuf                                                                                                                                                                                  
20020e98  __dso_handle                                                                                                                                                                             
20020e9c  _ZNSt3__219__start_std_streamsE                                                                                                                                                          
20020ea0  _ZNSt3__26locale2id9__next_idE                                                                                                                                                           
20020f2c  _ZNSt3__25ctypeIwE2idE                                                                                                                                                                   
20020f34  _ZNSt3__25ctypeIcE2idE                                                                                                                                                                   
20020f3c  _ZNSt3__27codecvtIcciE2idE                                                                                                                                                               
20020f44  _ZNSt3__27codecvtIwciE2idE                                                                                                                                                               
20020f4c  _ZNSt3__27codecvtIDsciE2idE                                                                                                                                                              
20020f54  _ZNSt3__27codecvtIDiciE2idE                                                                                                                                                              
20020f5c  _ZNSt3__28numpunctIcE2idE                                                                                                                                                                
20020f64  _ZNSt3__28numpunctIwE2idE                                                                                                                                                                
20021918  _ftable                                                                                                                                                                                  
20021a08  _device                                                                                                                                                                                  
20021a80  _stream                                                                                                                                                                                  
20021ad0  _tz                                                                                                                                                                                      
20021ae0  __TI_ft_end                                                                                                                                                                              
20021ae4  __aeabi_stdin                                                                                                                                                                            
20021ae8  __aeabi_stdout                                                                                                                                                                           
20021aec  __aeabi_stderr                                                                                                                                                                           
20021af0  __TI_cleanup_ptr                                                                                                                                                                         
20021af4  __TI_dtors_ptr                                                                                                                                                                           
20021af8  __TI_enable_exit_profile_output                                                                                                                                                          
20021b08  _ZN13CommandCenter22CommandCenterInstance_E                                                                                                                                              
20021b14  _ZN7Monitor16MonitorInstance_E                                                                                                                                                           
20021b18  _lock                                                                                                                                                                                    
20021b1c  _unlock                                                                                                                                                                                  
20021b20  _ZNSt3__210moneypunctIcLb0EE2idE                                                                                                                                                         
20021b28  _ZNSt3__210moneypunctIcLb1EE2idE                                                                                                                                                         
20021b30  _ZNSt3__210moneypunctIwLb0EE2idE                                                                                                                                                         
20021b38  _ZNSt3__210moneypunctIwLb1EE2idE                                                                                                                                                         
20021b40  _ZNSt3__27collateIcE2idE                                                                                                                                                                 
20021b48  _ZNSt3__27collateIwE2idE                                                                                                                                                                 
20021b50  _ZNSt3__27num_getIcNS_19istreambuf_iteratorIcNS_11char_traitsIcEEEEE2idE                                                                                                                 
20021b58  _ZNSt3__27num_getIwNS_19istreambuf_iteratorIwNS_11char_traitsIwEEEEE2idE                                                                                                                 
20021b60  _ZNSt3__27num_putIcNS_19ostreambuf_iteratorIcNS_11char_traitsIcEEEEE2idE                                                                                                                 
20021b68  _ZNSt3__27num_putIwNS_19ostreambuf_iteratorIwNS_11char_traitsIwEEEEE2idE                                                                                                                 
20021b70  _ZNSt3__28messagesIcE2idE                                                                                                                                                                
20021b78  _ZNSt3__28messagesIwE2idE                                                                                                                                                                
20021b80  _ZNSt3__28time_getIcNS_19istreambuf_iteratorIcNS_11char_traitsIcEEEEE2idE                                                                                                                
20021b88  _ZNSt3__28time_getIwNS_19istreambuf_iteratorIwNS_11char_traitsIwEEEEE2idE                                                                                                                
20021b90  _ZNSt3__28time_putIcNS_19ostreambuf_iteratorIcNS_11char_traitsIcEEEEE2idE                                                                                                                
20021b98  _ZNSt3__28time_putIwNS_19ostreambuf_iteratorIwNS_11char_traitsIwEEEEE2idE                                                                                                                
20021ba0  _ZNSt3__29money_getIcNS_19istreambuf_iteratorIcNS_11char_traitsIcEEEEE2idE                                                                                                               
20021ba8  _ZNSt3__29money_getIwNS_19istreambuf_iteratorIwNS_11char_traitsIwEEEEE2idE                                                                                                               
20021bb0  _ZNSt3__29money_putIcNS_19ostreambuf_iteratorIcNS_11char_traitsIcEEEEE2idE                                                                                                               
20021bb8  _ZNSt3__29money_putIwNS_19ostreambuf_iteratorIwNS_11char_traitsIwEEEEE2idE                                                                                                               
20021bc0  _ZN13ISRMsgHandler22ISRMsgHandlerInstance_E                                                                                                                                              
20021bc4  _ZN13SysTickDriver22SysTickDriverInstance_E                                                                                                                                              
20021bc8  _ZN11TimeHandler20TimeHandlerInstance_E                                                                                                                                                  
20021bcc  _ZN11UART0Driver20UART0DriverInstance_E                                                                                                                                                  
20021bd4  errno                                                                                                                                                                                    
ffffffff  __TI_pprof_out_hndl                                                                                                                                                                      
ffffffff  __TI_prof_data_size                                                                                                                                                                      
ffffffff  __TI_prof_data_start                                                                                                                                                                     
ffffffff  __binit__                                                                                                                                                                                
ffffffff  __c_args__                                                                                                                                                                               
ffffffff  binit                                                                                                                                                                                    
UNDEFED   __mpu_init                                                                                                                                                                               
UNDEFED   _system_post_cinit                                                                                                                                                                       

[1219 symbols]
