******************************************************************************
                  TI ARM Linker PC v18.1.2                     
******************************************************************************
>> Linked Thu Sep 20 00:39:44 2018

OUTPUT FILE NAME:   <WhiteTower.out>
ENTRY POINT SYMBOL: "_c_int00_noargs"  address: 0001424d


MEMORY CONFIGURATION

         name            origin    length      used     unused   attr    fill
----------------------  --------  ---------  --------  --------  ----  --------
  FLASH                 00000000   00100000  0001879e  000e7862  R  X
  SRAM                  20000000   00040000  00021491  0001eb6f  RW X


SEGMENT ALLOCATION MAP

run origin  load origin   length   init length attrs members
----------  ----------- ---------- ----------- ----- -------
00000000    00000000    000187a8   000187a8    r-x
  00000000    00000000    00000208   00000208    r-- .intvecs
  00000208    00000208    000167fa   000167fa    r-x .text
  00016a08    00016a08    00001cd4   00001cd4    r-- .const
  000186dc    000186dc    00000020   00000020    r-- .init_array
  00018700    00018700    000000a8   000000a8    r-- .cinit
20000000    20000000    00021494   00000000    rw-
  20000000    20000000    00010000   00000000    rw- .stack
  20010000    20010000    00010000   00000000    rw- .sysmem
  20020000    20020000    00000af5   00000000    rw- .bss
  20020af8    20020af8    0000099c   00000000    rw- .data


SECTION ALLOCATION MAP

 output                                  attributes/
section   page    origin      length       input sections
--------  ----  ----------  ----------   ----------------
.intvecs   0    00000000    00000208     
                  00000000    00000208     tm4c1294ncpdt_startup_ccs.obj (.intvecs)

.text      0    00000208    000167fa     
                  00000208    00000af0     rtsv7M4_T_le_v4SPD16_eabi.lib : _scanfi.c.obj (.text:__TI_scanfi)
                  00000cf8    00000a5e                                   : _printfi.c.obj (.text:__TI_printfi)
                  00001756    00000002                                   : string.cpp.obj (.text:_ZNKSt3__222__compressed_pair_elemINS_12basic_stringIwNS_11char_traitsIwEENS_9allocatorIwEEE5__repELi0ELb0EE5__getEv)
                  00001758    00000956                                   : locale.cpp.obj (.text:_ZNSt3__29money_getIcNS_19istreambuf_iteratorIcNS_11char_traitsIcEEEEE8__do_getERS4_S4_bRKNS_6localeEjRjRbRKNS_5ctypeIcEERNS_10unique_ptrIcPFvPvEEERPcSM_)
                  000020ae    00000002                                   : locale.cpp.obj (.text:_ZNKSt3__28messagesIcE8do_closeEi)
                  000020b0    00000870                                   : locale.cpp.obj (.text:_ZNSt3__29money_getIwNS_19istreambuf_iteratorIwNS_11char_traitsIwEEEEE8__do_getERS4_S4_bRKNS_6localeEjRjRbRKNS_5ctypeIwEERNS_10unique_ptrIwPFvPvEEERPwSM_)
                  00002920    000005fc     TimeHandler.obj (.text)
                  00002f1c    000004cc     ComandCenter.obj (.text)
                  000033e8    00000464     rtsv7M4_T_le_v4SPD16_eabi.lib : strftime.c.obj (.text:strftime)
                  0000384c    00000460                                   : locale.cpp.obj (.text:_ZNSt3__26locale5__impC1Ej)
                  00003cac    00000460                                   : strtod.c.obj (.text:strtod)
                  0000410c    00000440     Monitor.obj (.text)
                  0000454c    000003c8     rtsv7M4_T_le_v4SPD16_eabi.lib : strtof.c.obj (.text:strtof)
                  00004914    000003b0                                   : locale.cpp.obj (.text:_ZNSt3__211__money_getIcE13__gather_infoEbRKNS_6localeERNS_10money_base7patternERcS8_RNS_12basic_stringIcNS_11char_traitsIcEENS_9allocatorIcEEEESF_SF_SF_Ri)
                  00004cc4    000003b0                                   : locale.cpp.obj (.text:_ZNSt3__211__money_getIwE13__gather_infoEbRKNS_6localeERNS_10money_base7patternERwS8_RNS_12basic_stringIcNS_11char_traitsIcEENS_9allocatorIcEEEERNS9_IwNSA_IwEENSC_IwEEEESJ_SJ_Ri)
                  00005074    00000348                                   : locale.cpp.obj (.text:_ZNSt3__211__money_putIcE13__gather_infoEbbRKNS_6localeERNS_10money_base7patternERcS8_RNS_12basic_stringIcNS_11char_traitsIcEENS_9allocatorIcEEEESF_SF_Ri)
                  000053bc    00000348                                   : locale.cpp.obj (.text:_ZNSt3__211__money_putIwE13__gather_infoEbbRKNS_6localeERNS_10money_base7patternERwS8_RNS_12basic_stringIcNS_11char_traitsIcEENS_9allocatorIcEEEERNS9_IwNSA_IwEENSC_IwEEEESJ_Ri)
                  00005704    000002fc                                   : locale.cpp.obj (.text:_ZNKSt3__28time_getIcNS_19istreambuf_iteratorIcNS_11char_traitsIcEEEEE6do_getES4_S4_RNS_8ios_baseERjP2tmcc)
                  00005a00    000002f8                                   : locale.cpp.obj (.text:_ZNKSt3__28time_getIwNS_19istreambuf_iteratorIwNS_11char_traitsIwEEEEE6do_getES4_S4_RNS_8ios_baseERjP2tmcc)
                  00005cf8    000002a4                                   : locale.cpp.obj (.text:_ZNSt3__211__money_putIwE8__formatEPwRS2_S3_jPKwS5_RKNS_5ctypeIwEEbRKNS_10money_base7patternEwwRKNS_12basic_stringIcNS_11char_traitsIcEENS_9allocatorIcEEEERKNSE_IwNSF_IwEENSH_IwEEEESQ_i)
                  00005f9c    0000029a                                   : locale.cpp.obj (.text:_ZNSt3__211__money_putIcE8__formatEPcRS2_S3_jPKcS5_RKNS_5ctypeIcEEbRKNS_10money_base7patternEccRKNS_12basic_stringIcNS_11char_traitsIcEENS_9allocatorIcEEEESL_SL_i)
                  00006236    00000002                                   : locale.cpp.obj (.text:_ZNKSt3__28messagesIwE8do_closeEi)
                  00006238    00000294                                   : iostream.cpp.obj (.text:_ZNSt3__28ios_base4InitC1Ev)
                  000064cc    00000278                                   : locale.cpp.obj (.text:_ZNKSt3__220__time_get_c_storageIwE8__monthsEv)
                  00006744    00000274                                   : locale.cpp.obj (.text:_ZNKSt3__29money_getIcNS_19istreambuf_iteratorIcNS_11char_traitsIcEEEEE6do_getES4_S4_bRNS_8ios_baseERjRNS_12basic_stringIcS3_NS_9allocatorIcEEEE)
                  000069b8    00000274                                   : locale.cpp.obj (.text:_ZNSt3__29__num_putIwE23__widen_and_group_floatEPcS2_S2_PwRS3_S4_RKNS_6localeE)
                  00006c2c    00000270                                   : _printfi.c.obj (.text:_pconv_a)
                  00006e9c    00000268                                   : locale.cpp.obj (.text:_ZNSt3__29__num_putIcE23__widen_and_group_floatEPcS2_S2_S2_RS2_S3_RKNS_6localeE)
                  00007104    00000250                                   : locale.cpp.obj (.text:_ZNKSt3__29money_putIwNS_19ostreambuf_iteratorIwNS_11char_traitsIwEEEEE6do_putES4_bRNS_8ios_baseEwe)
                  00007354    00000248                                   : locale.cpp.obj (.text:_ZNKSt3__29money_getIwNS_19istreambuf_iteratorIwNS_11char_traitsIwEEEEE6do_getES4_S4_bRNS_8ios_baseERjRNS_12basic_stringIwS3_NS_9allocatorIwEEEE)
                  0000759c    0000023c                                   : locale.cpp.obj (.text:_ZNKSt3__29money_putIcNS_19ostreambuf_iteratorIcNS_11char_traitsIcEEEEE6do_putES4_bRNS_8ios_baseEce)
                  000077d8    000001fc                                   : locale.cpp.obj (.text:_ZNKSt3__220__time_get_c_storageIcE8__monthsEv)
                  000079d4    000001f8                                   : locale.cpp.obj (.text:_ZNKSt3__29money_putIwNS_19ostreambuf_iteratorIwNS_11char_traitsIwEEEEE6do_putES4_bRNS_8ios_baseEwRKNS_12basic_stringIwS3_NS_9allocatorIwEEEE)
                  00007bcc    000001f4                                   : locale.cpp.obj (.text:_ZNKSt3__29money_putIcNS_19ostreambuf_iteratorIcNS_11char_traitsIcEEEEE6do_putES4_bRNS_8ios_baseEcRKNS_12basic_stringIcS3_NS_9allocatorIcEEEE)
                  00007dc0    000001f0                                   : locale.cpp.obj (.text:_ZNSt3__214__scan_keywordINS_19istreambuf_iteratorIcNS_11char_traitsIcEEEEPKNS_12basic_stringIcS3_NS_9allocatorIcEEEENS_5ctypeIcEEEET0_RT_SE_SD_SD_RKT1_Rjb)
                  00007fb0    000001ec                                   : locale.cpp.obj (.text:_ZNSt3__214__scan_keywordINS_19istreambuf_iteratorIwNS_11char_traitsIwEEEEPKNS_12basic_stringIwS3_NS_9allocatorIwEEEENS_5ctypeIwEEEET0_RT_SE_SD_SD_RKT1_Rjb)
                  0000819c    000001dc                                   : strtoll.c.obj (.text:strtoll)
                  00008378    000001d8                                   : locale.cpp.obj (.text:_ZNKSt3__27num_getIwNS_19istreambuf_iteratorIwNS_11char_traitsIwEEEEE15__do_get_signedIlEES4_S4_S4_RNS_8ios_baseERjRT_)
                  00008550    000001d8                                   : locale.cpp.obj (.text:_ZNKSt3__27num_getIwNS_19istreambuf_iteratorIwNS_11char_traitsIwEEEEE15__do_get_signedIxEES4_S4_S4_RNS_8ios_baseERjRT_)
                  00008728    000001d8                                   : locale.cpp.obj (.text:_ZNKSt3__27num_getIwNS_19istreambuf_iteratorIwNS_11char_traitsIwEEEEE17__do_get_unsignedIjEES4_S4_S4_RNS_8ios_baseERjRT_)
                  00008900    000001d8                                   : locale.cpp.obj (.text:_ZNKSt3__27num_getIwNS_19istreambuf_iteratorIwNS_11char_traitsIwEEEEE17__do_get_unsignedImEES4_S4_S4_RNS_8ios_baseERjRT_)
                  00008ad8    000001d8                                   : locale.cpp.obj (.text:_ZNKSt3__27num_getIwNS_19istreambuf_iteratorIwNS_11char_traitsIwEEEEE17__do_get_unsignedItEES4_S4_S4_RNS_8ios_baseERjRT_)
                  00008cb0    000001d8                                   : locale.cpp.obj (.text:_ZNKSt3__27num_getIwNS_19istreambuf_iteratorIwNS_11char_traitsIwEEEEE17__do_get_unsignedIyEES4_S4_S4_RNS_8ios_baseERjRT_)
                  00008e88    000001d0                                   : locale.cpp.obj (.text:_ZN32_INTERNAL_10_locale_cpp_a7183203St3__213utf8_to_utf16EPKhS1_RS1_PtS3_RS3_mNS_12codecvt_modeE)
                  00009058    000001d0                                   : _printfi.c.obj (.text:_pconv_g)
                  00009228    000001cc                                   : locale.cpp.obj (.text:_ZNSt3__29__num_putIwE21__widen_and_group_intEPcS2_S2_PwRS3_S4_RKNS_6localeE)
                  000093f4    000001c8                                   : locale.cpp.obj (.text:_ZNSt3__29__num_putIcE21__widen_and_group_intEPcS2_S2_S2_RS2_S3_RKNS_6localeE)
                  000095bc    000001c4                                   : locale.cpp.obj (.text:_ZNKSt3__27num_getIwNS_19istreambuf_iteratorIwNS_11char_traitsIwEEEEE6do_getES4_S4_RNS_8ios_baseERjRPv)
                  00009780    000001b6                                   : fd_add_t2.asm.obj (.text)
                  00009936    00000002                                   : locale.cpp.obj (.text:_ZNSt3__212__do_nothingEPv)
                  00009938    000001b4     main.obj (.text)
                  00009aec    000001b0     rtsv7M4_T_le_v4SPD16_eabi.lib : locale.cpp.obj (.text:_ZNKSt3__220__time_get_c_storageIwE7__weeksEv)
                  00009c9c    000001b0                                   : locale.cpp.obj (.text:_ZNKSt3__27num_getIcNS_19istreambuf_iteratorIcNS_11char_traitsIcEEEEE15__do_get_signedIxEES4_S4_S4_RNS_8ios_baseERjRT_)
                  00009e4c    000001b0                                   : locale.cpp.obj (.text:_ZNKSt3__27num_getIcNS_19istreambuf_iteratorIcNS_11char_traitsIcEEEEE17__do_get_unsignedIyEES4_S4_S4_RNS_8ios_baseERjRT_)
                  00009ffc    000001b0                                   : locale.cpp.obj (.text:_ZNKSt3__27num_getIcNS_19istreambuf_iteratorIcNS_11char_traitsIcEEEEE6do_getES4_S4_RNS_8ios_baseERjRPv)
                  0000a1ac    000001ac                                   : locale.cpp.obj (.text:_ZNKSt3__27num_getIcNS_19istreambuf_iteratorIcNS_11char_traitsIcEEEEE15__do_get_signedIlEES4_S4_S4_RNS_8ios_baseERjRT_)
                  0000a358    000001ac                                   : locale.cpp.obj (.text:_ZNKSt3__27num_getIcNS_19istreambuf_iteratorIcNS_11char_traitsIcEEEEE17__do_get_unsignedIjEES4_S4_S4_RNS_8ios_baseERjRT_)
                  0000a504    000001ac                                   : locale.cpp.obj (.text:_ZNKSt3__27num_getIcNS_19istreambuf_iteratorIcNS_11char_traitsIcEEEEE17__do_get_unsignedImEES4_S4_S4_RNS_8ios_baseERjRT_)
                  0000a6b0    000001ac                                   : locale.cpp.obj (.text:_ZNKSt3__27num_getIcNS_19istreambuf_iteratorIcNS_11char_traitsIcEEEEE17__do_get_unsignedItEES4_S4_S4_RNS_8ios_baseERjRT_)
                  0000a85c    000001ac                                   : locale.cpp.obj (.text:_ZNKSt3__27num_getIcNS_19istreambuf_iteratorIcNS_11char_traitsIcEEEEE23__do_get_floating_pointIdEES4_S4_S4_RNS_8ios_baseERjRT_)
                  0000aa08    000001ac                                   : locale.cpp.obj (.text:_ZNKSt3__27num_getIcNS_19istreambuf_iteratorIcNS_11char_traitsIcEEEEE23__do_get_floating_pointIeEES4_S4_S4_RNS_8ios_baseERjRT_)
                  0000abb4    000001aa                                   : locale.cpp.obj (.text:_ZNKSt3__27num_getIwNS_19istreambuf_iteratorIwNS_11char_traitsIwEEEEE23__do_get_floating_pointIdEES4_S4_S4_RNS_8ios_baseERjRT_)
                  0000ad5e    000001aa                                   : locale.cpp.obj (.text:_ZNKSt3__27num_getIwNS_19istreambuf_iteratorIwNS_11char_traitsIwEEEEE23__do_get_floating_pointIeEES4_S4_S4_RNS_8ios_baseERjRT_)
                  0000af08    000001a8                                   : locale.cpp.obj (.text:_ZNKSt3__27num_getIcNS_19istreambuf_iteratorIcNS_11char_traitsIcEEEEE23__do_get_floating_pointIfEES4_S4_S4_RNS_8ios_baseERjRT_)
                  0000b0b0    000001a6                                   : locale.cpp.obj (.text:_ZNKSt3__27num_getIwNS_19istreambuf_iteratorIwNS_11char_traitsIwEEEEE23__do_get_floating_pointIfEES4_S4_S4_RNS_8ios_baseERjRT_)
                  0000b256    00000002                                   : memory.cpp.obj (.text:_ZNSt3__214__shared_countD1Ev)
                  0000b258    00000190                                   : locale.cpp.obj (.text:_ZNKSt3__28time_getIwNS_19istreambuf_iteratorIwNS_11char_traitsIwEEEEE3getES4_S4_RNS_8ios_baseERjP2tmPKwSC_)
                  0000b3e8    00000188     ISRMsgMaker.obj (.text)
                  0000b570    00000184     rtsv7M4_T_le_v4SPD16_eabi.lib : locale.cpp.obj (.text:_ZNKSt3__28time_getIcNS_19istreambuf_iteratorIcNS_11char_traitsIcEEEEE3getES4_S4_RNS_8ios_baseERjP2tmPKcSC_)
                  0000b6f4    00000182                                   : locale.cpp.obj (.text:_ZN32_INTERNAL_10_locale_cpp_a7183203St3__212utf8_to_ucs4EPKhS1_RS1_PjS3_RS3_mNS_12codecvt_modeE)
                  0000b876    00000002                                   : ios.cpp.obj (.text:_ZNSt3__215basic_streambufIcNS_11char_traitsIcEEE5imbueERKNS_6localeE)
                  0000b878    00000180                                   : locale.cpp.obj (.text:_ZNKSt3__29money_getIcNS_19istreambuf_iteratorIcNS_11char_traitsIcEEEEE6do_getES4_S4_bRNS_8ios_baseERjRe)
                  0000b9f8    00000180                                   : fwrite.c.obj (.text:fwrite)
                  0000bb78    00000174                                   : locale.cpp.obj (.text:_ZN32_INTERNAL_10_locale_cpp_a7183203St3__213utf16_to_utf8EPKtS1_RS1_PhS3_RS3_mNS_12codecvt_modeE)
                  0000bcec    00000168     UART0Driver.obj (.text)
                  0000be54    0000015c     rtsv7M4_T_le_v4SPD16_eabi.lib : locale.cpp.obj (.text:_ZNKSt3__220__time_get_c_storageIcE7__weeksEv)
                  0000bfb0    0000015c                                   : strtoull.c.obj (.text:strtoull)
                  0000c10c    0000014c                                   : locale.cpp.obj (.text:_ZNSt3__29__num_getIwE19__stage2_float_loopEwRbRcPcRS4_wwRKNS_12basic_stringIcNS_11char_traitsIcEENS_9allocatorIcEEEEPjRSE_RjPw)
                  0000c258    00000148                                   : locale.cpp.obj (.text:_ZN32_INTERNAL_10_locale_cpp_a7183203St3__220utf8_to_utf16_lengthEPKhS1_jmNS_12codecvt_modeE)
                  0000c3a0    00000148                                   : locale.cpp.obj (.text:_ZNSt3__29__num_getIcE19__stage2_float_loopEcRbRcPcRS4_ccRKNS_12basic_stringIcNS_11char_traitsIcEENS_9allocatorIcEEEEPjRSE_RjS4_)
                  0000c4e8    00000140                                   : locale.cpp.obj (.text:_ZNKSt3__27num_putIcNS_19ostreambuf_iteratorIcNS_11char_traitsIcEEEEE6do_putES4_RNS_8ios_baseEcd)
                  0000c628    00000140                                   : locale.cpp.obj (.text:_ZNKSt3__27num_putIwNS_19ostreambuf_iteratorIwNS_11char_traitsIwEEEEE6do_putES4_RNS_8ios_baseEwe)
                  0000c768    0000013e                                   : locale.cpp.obj (.text:_ZN32_INTERNAL_10_locale_cpp_a7183203St3__219utf8_to_ucs4_lengthEPKhS1_jmNS_12codecvt_modeE)
                  0000c8a6    00000002                                   : ios.cpp.obj (.text:_ZNSt3__215basic_streambufIcNS_11char_traitsIcEEE6setbufEPci)
                  0000c8a8    0000013c                                   : locale.cpp.obj (.text:_ZNKSt3__27num_putIcNS_19ostreambuf_iteratorIcNS_11char_traitsIcEEEEE6do_putES4_RNS_8ios_baseEce)
                  0000c9e4    0000013c                                   : locale.cpp.obj (.text:_ZNKSt3__27num_putIwNS_19ostreambuf_iteratorIwNS_11char_traitsIwEEEEE6do_putES4_RNS_8ios_baseEwd)
                  0000cb20    0000013c                                   : locale.cpp.obj (.text:_ZNKSt3__29money_getIwNS_19istreambuf_iteratorIwNS_11char_traitsIwEEEEE6do_getES4_S4_bRNS_8ios_baseERjRe)
                  0000cc5c    0000013c                                   : _printfi.c.obj (.text:_pconv_e)
                  0000cd98    00000136                                   : fd_div_t2.asm.obj (.text)
                  0000cece    00000002                                   : ios.cpp.obj (.text:_ZNSt3__215basic_streambufIwNS_11char_traitsIwEEE5imbueERKNS_6localeE)
                  0000ced0    00000134                                   : vla_alloc.c.obj (.text:__vla_alloc)
                  0000d004    00000130                                   : strtol.c.obj (.text:strtol)
                  0000d134    0000012c                                   : locale.cpp.obj (.text:_ZNKSt3__27codecvtIwciE5do_inERiPKcS4_RS4_PwS6_RS6_)
                  0000d260    00000120                                   : _printfi.c.obj (.text:fcvt)
                  0000d380    0000011c                                   : locale.cpp.obj (.text:_ZNSt3__216__pad_and_outputIwNS_11char_traitsIwEEEENS_19ostreambuf_iteratorIT_T0_EES6_PKS4_S8_S8_RNS_8ios_baseES4_)
                  0000d49c    00000118                                   : locale.cpp.obj (.text:_ZNKSt3__27codecvtIwciE6do_outERiPKwS4_RS4_PcS6_RS6_)
                  0000d5b4    00000114                                   : iostream.cpp.obj (.text:_ZNSt3__210__stdinbufIwE9__getcharEb)
                  0000d6c8    00000114                                   : string.cpp.obj (.text:_ZNSt3__212basic_stringIwNS_11char_traitsIwEENS_9allocatorIwEEE7reserveEj)
                  0000d7dc    00000114                                   : memory.c.obj (.text:realloc)
                  0000d8f0    00000110                                   : iostream.cpp.obj (.text:_ZNSt3__210__stdinbufIcE9__getcharEb)
                  0000da00    00000110                                   : s_scalbn.c.obj (.text:scalbn)
                  0000db10    00000110                                   : strtoul.c.obj (.text:strtoul)
                  0000dc20    0000010c                                   : string.cpp.obj (.text:_ZNSt3__212basic_stringIwNS_11char_traitsIwEENS_9allocatorIwEEE21__grow_by_and_replaceEjjjjjjPKw)
                  0000dd2c    000000fe                                   : locale.cpp.obj (.text:_ZN32_INTERNAL_10_locale_cpp_a7183203St3__212ucs4_to_utf8EPKjS1_RS1_PhS3_RS3_mNS_12codecvt_modeE)
                  0000de2a    000000fc                                   : fd_mul_t2.asm.obj (.text)
                  0000df26    000000f2                                   : string.cpp.obj (.text:_ZNSt3__212basic_stringIcNS_11char_traitsIcEENS_9allocatorIcEEE7reserveEj)
                  0000e018    000000f0                                   : string.cpp.obj (.text:_ZNSt3__212basic_stringIcNS_11char_traitsIcEENS_9allocatorIcEEE21__grow_by_and_replaceEjjjjjjPKc)
                  0000e108    000000ee                                   : locale.cpp.obj (.text:_ZNSt3__220__get_up_to_n_digitsIwNS_19istreambuf_iteratorIwNS_11char_traitsIwEEEEEEiRT0_S5_RjRKNS_5ctypeIT_EEi)
                  0000e1f6    00000002                                   : ios.cpp.obj (.text:_ZNSt3__215basic_streambufIwNS_11char_traitsIwEEE6setbufEPwi)
                  0000e1f8    000000ec                                   : locale.cpp.obj (.text:_ZNSt3__29__num_getIcE17__stage2_int_loopEciPcRS2_RjcRKNS_12basic_stringIcNS_11char_traitsIcEENS_9allocatorIcEEEEPjRSD_PKc)
                  0000e2e4    000000ec                                   : locale.cpp.obj (.text:_ZNSt3__29__num_getIwE17__stage2_int_loopEwiPcRS2_RjwRKNS_12basic_stringIcNS_11char_traitsIcEENS_9allocatorIcEEEEPjRSD_PKw)
                  0000e3d0    000000e8                                   : locale.cpp.obj (.text:_ZNKSt3__220__time_get_c_storageIwE3__cEv)
                  0000e4b8    000000e4                                   : locale.cpp.obj (.text:_ZNSt3__220__get_up_to_n_digitsIcNS_19istreambuf_iteratorIcNS_11char_traitsIcEEEEEEiRT0_S5_RjRKNS_5ctypeIT_EEi)
                  0000e59c    000000e0                                   : locale.cpp.obj (.text:_ZNSt3__26vectorIPNS_6locale5facetENS_15__sso_allocatorIS3_Lj28EEEE8__appendEj)
                  0000e67c    000000dc                                   : locale.cpp.obj (.text:_ZNKSt3__27num_getIcNS_19istreambuf_iteratorIcNS_11char_traitsIcEEEEE6do_getES4_S4_RNS_8ios_baseERjRb)
                  0000e758    000000dc                                   : locale.cpp.obj (.text:_ZNKSt3__27num_getIwNS_19istreambuf_iteratorIwNS_11char_traitsIwEEEEE6do_getES4_S4_RNS_8ios_baseERjRb)
                  0000e834    000000dc                                   : setvbuf.c.obj (.text:setvbuf)
                  0000e910    000000da                                   : string.cpp.obj (.text:_ZNSt3__212basic_stringIcNS_11char_traitsIcEENS_9allocatorIcEEE6insertEjPKcj)
                  0000e9ea    00000002                                   : string.cpp.obj (.text:_ZNSt3__222__compressed_pair_elemINS_12basic_stringIwNS_11char_traitsIwEENS_9allocatorIwEEE5__repELi0ELb0EE5__getEv)
                  0000e9ec    000000d8                                   : string.cpp.obj (.text:_ZNSt3__212basic_stringIwNS_11char_traitsIwEENS_9allocatorIwEEE9__grow_byEjjjjjj)
                  0000eac4    000000d8                                   : memory.c.obj (.text:free)
                  0000eb9c    000000d6     ComandCenter.obj (.text:_ZNSt3__216__pad_and_outputIcNS_11char_traitsIcEEEENS_19ostreambuf_iteratorIT_T0_EES6_PKS4_S8_S8_RNS_8ios_baseES4_)
                  0000ec72    00000002     rtsv7M4_T_le_v4SPD16_eabi.lib : string.cpp.obj (.text:_ZNSt3__222__compressed_pair_elemINS_9allocatorIcEELi1ELb1EEC1IRKS2_vEEOT_)
                  0000ec74    000000d4                                   : locale.cpp.obj (.text:_ZNKSt3__220__time_get_c_storageIwE3__rEv)
                  0000ed48    000000d0                                   : locale.cpp.obj (.text:_ZNKSt3__220__time_get_c_storageIwE3__XEv)
                  0000ee18    000000d0                                   : locale.cpp.obj (.text:_ZNKSt3__220__time_get_c_storageIwE3__xEv)
                  0000eee8    000000d0                                   : s_scalbnf.c.obj (.text:scalbnf)
                  0000efb8    000000cc                                   : locale.cpp.obj (.text:_ZNKSt3__27num_putIcNS_19ostreambuf_iteratorIcNS_11char_traitsIcEEEEE6do_putES4_RNS_8ios_baseEcx)
                  0000f084    000000cc                                   : locale.cpp.obj (.text:_ZNKSt3__27num_putIwNS_19ostreambuf_iteratorIwNS_11char_traitsIwEEEEE6do_putES4_RNS_8ios_baseEwx)
                  0000f150    000000c8                                   : ios.cpp.obj (.text:_ZNSt3__213basic_ostreamIcNS_11char_traitsIcEEElsEi)
                  0000f218    000000c8                                   : ios.cpp.obj (.text:_ZNSt3__213basic_ostreamIcNS_11char_traitsIcEEElsEt)
                  0000f2e0    000000c4                                   : locale.cpp.obj (.text:_ZNKSt3__27num_putIcNS_19ostreambuf_iteratorIcNS_11char_traitsIcEEEEE6do_putES4_RNS_8ios_baseEcy)
                  0000f3a4    000000c4                                   : locale.cpp.obj (.text:_ZNKSt3__27num_putIwNS_19ostreambuf_iteratorIwNS_11char_traitsIwEEEEE6do_putES4_RNS_8ios_baseEwy)
                  0000f468    000000c4     ComandCenter.obj (.text:_ZNSt3__224__put_character_sequenceIcNS_11char_traitsIcEEEERNS_13basic_ostreamIT_T0_EES7_PKS4_j)
                  0000f52c    000000c0     rtsv7M4_T_le_v4SPD16_eabi.lib : locale.cpp.obj (.text:_ZNKSt3__27num_putIcNS_19ostreambuf_iteratorIcNS_11char_traitsIcEEEEE6do_putES4_RNS_8ios_baseEcl)
                  0000f5ec    000000c0                                   : locale.cpp.obj (.text:_ZNKSt3__27num_putIcNS_19ostreambuf_iteratorIcNS_11char_traitsIcEEEEE6do_putES4_RNS_8ios_baseEcm)
                  0000f6ac    000000c0                                   : locale.cpp.obj (.text:_ZNKSt3__27num_putIwNS_19ostreambuf_iteratorIwNS_11char_traitsIwEEEEE6do_putES4_RNS_8ios_baseEwl)
                  0000f76c    000000c0                                   : locale.cpp.obj (.text:_ZNKSt3__27num_putIwNS_19ostreambuf_iteratorIwNS_11char_traitsIwEEEEE6do_putES4_RNS_8ios_baseEwm)
                  0000f82c    000000c0                                   : string.cpp.obj (.text:_ZNSt3__212basic_stringIcNS_11char_traitsIcEENS_9allocatorIcEEE9__grow_byEjjjjjj)
                  0000f8ec    000000bc                                   : iostream.cpp.obj (.text:_ZNSt3__211__stdoutbufIwE8overflowEi)
                  0000f9a8    000000b2                                   : iostream.cpp.obj (.text:_ZNSt3__211__stdoutbufIcE8overflowEi)
                  0000fa5a    00000002                                   : string.cpp.obj (.text:_ZNSt3__222__compressed_pair_elemINS_9allocatorIcEELi1ELb1EEC1IS2_vEEOT_)
                  0000fa5c    000000b1                                   : _printfi.c.obj (.text:_ltostr)
                  0000fb0d    00000001     --HOLE-- [fill = 0]
                  0000fb0e    00000002                                   : string.cpp.obj (.text:_ZNSt3__222__compressed_pair_elemINS_9allocatorIwEELi1ELb1EEC1IS2_vEEOT_)
                  0000fb10    000000b0     SysTickDriver.obj (.text)
                  0000fbc0    000000b0     rtsv7M4_T_le_v4SPD16_eabi.lib : iostream.cpp.obj (.text:_ZNSt3__210__stdinbufIwE9pbackfailEi)
                  0000fc70    000000a8                                   : iostream.cpp.obj (.text:_ZNSt3__210__stdinbufIcE9pbackfailEi)
                  0000fd18    000000a8                                   : locale.cpp.obj (.text:_ZNSt3__219__double_or_nothingIwEEvRNS_10unique_ptrIT_PFvPvEEERPS2_S9_)
                  0000fdc0    000000a4                                   : string.cpp.obj (.text:_ZNSt3__212basic_stringIcNS_11char_traitsIcEENS_9allocatorIcEEE6appendEPKcj)
                  0000fe64    000000a4                                   : string.cpp.obj (.text:_ZNSt3__212basic_stringIwNS_11char_traitsIwEENS_9allocatorIwEEE6appendEPKwj)
                  0000ff08    000000a0                                   : string.cpp.obj (.text:_ZNSt3__212basic_stringIcNS_11char_traitsIcEENS_9allocatorIcEEE9push_backEc)
                  0000ffa8    0000009e                                   : string.cpp.obj (.text:_ZNSt3__212basic_stringIwNS_11char_traitsIwEENS_9allocatorIwEEE9push_backEw)
                  00010046    00000002                                   : stdlib_typeinfo.cpp.obj (.text:_ZNSt9type_infoD1Ev)
                  00010048    0000009c                                   : locale.cpp.obj (.text:_ZNKSt3__27num_putIwNS_19ostreambuf_iteratorIwNS_11char_traitsIwEEEEE6do_putES4_RNS_8ios_baseEwPKv)
                  000100e4    0000009c                                   : locale.cpp.obj (.text:_ZNKSt3__27num_putIwNS_19ostreambuf_iteratorIwNS_11char_traitsIwEEEEE6do_putES4_RNS_8ios_baseEwb)
                  00010180    0000009c                                   : string.cpp.obj (.text:_ZNSt3__212basic_stringIcNS_11char_traitsIcEENS_9allocatorIcEEE6appendEjc)
                  0001021c    0000009c                                   : _bufread.c.obj (.text:__TI_buff_read)
                  000102b8    0000009c                                   : memcpy_t2.asm.obj (.text)
                  00010354    00000098                                   : locale.cpp.obj (.text:_ZNKSt3__210__time_put8__do_putEPwRS1_PK2tmcc)
                  000103ec    00000098                                   : locale.cpp.obj (.text:_ZNKSt3__27num_putIcNS_19ostreambuf_iteratorIcNS_11char_traitsIcEEEEE6do_putES4_RNS_8ios_baseEcPKv)
                  00010484    00000098                                   : locale.cpp.obj (.text:_ZNKSt3__27num_putIcNS_19ostreambuf_iteratorIcNS_11char_traitsIcEEEEE6do_putES4_RNS_8ios_baseEcb)
                  0001051c    00000098                                   : string.cpp.obj (.text:_ZNSt3__212basic_stringIwNS_11char_traitsIwEENS_9allocatorIwEEE6assignEPKwj)
                  000105b4    00000096                                   : string.cpp.obj (.text:_ZNSt3__212basic_stringIcNS_11char_traitsIcEENS_9allocatorIcEEE6assignEPKcj)
                  0001064a    00000096                                   : locale.cpp.obj (.text:_ZNSt3__225__num_get_signed_integralIlEET_PKcS3_Rji)
                  000106e0    00000096                                   : ull_div_t2.asm.obj (.text)
                  00010776    00000002                                   : _lock.c.obj (.text:_nop)
                  00010778    00000094                                   : locale.cpp.obj (.text:_ZNKSt3__220__time_get_c_storageIwE7__am_pmEv)
                  0001080c    00000094                                   : string.cpp.obj (.text:_ZNSt3__212basic_stringIwNS_11char_traitsIwEENS_9allocatorIwEEE6__initEPKwj)
                  000108a0    00000094                                   : locale.cpp.obj (.text:_ZNSt3__219__double_or_nothingIcEEvRNS_10unique_ptrIT_PFvPvEEERPS2_S9_)
                  00010934    00000094                                   : locale.cpp.obj (.text:_ZNSt3__219__double_or_nothingIjEEvRNS_10unique_ptrIT_PFvPvEEERPS2_S9_)
                  000109c8    00000090                                   : locale.cpp.obj (.text:_ZNSt3__225__num_get_signed_integralIxEET_PKcS3_Rji)
                  00010a58    00000090                                   : string.cpp.obj (.text:_ZNSt3__2plIcNS_11char_traitsIcEENS_9allocatorIcEEEENS_12basic_stringIT_T0_T1_EEPKS6_RKS9_)
                  00010ae8    0000008c                                   : locale.cpp.obj (.text:_ZNKSt3__220__time_get_c_storageIcE7__am_pmEv)
                  00010b74    0000008c                                   : locale.cpp.obj (.text:_ZNKSt3__28numpunctIwE11do_truenameEv)
                  00010c00    0000008c                                   : locale.cpp.obj (.text:_ZNKSt3__28numpunctIwE12do_falsenameEv)
                  00010c8c    00000086                                   : fd_cmp_t2.asm.obj (.text:__aeabi_cdcmple)
                  00010d12    00000086                                   : fd_cmp_t2.asm.obj (.text:__aeabi_cdrcmple)
                  00010d98    00000084                                   : locale.cpp.obj (.text:_ZNKSt3__220__time_get_c_storageIcE3__cEv)
                  00010e1c    00000084                                   : locale.cpp.obj (.text:_ZNKSt3__27collateIwE12do_transformEPKwS3_)
                  00010ea0    00000084                                   : fgetc.c.obj (.text:fgetc)
                  00010f24    00000080                                   : locale.cpp.obj (.text:_ZNSt3__214__num_put_base14__format_floatEPcPKcj)
                  00010fa4    00000080                                   : locale.cpp.obj (.text:_ZNSt3__26locale5__impD1Ev)
                  00011024    00000080     ComandCenter.obj (.text:_ZNSt3__2eqINS_9allocatorIcEEEEbRKNS_12basic_stringIcNS_11char_traitsIcEET_EES9_)
                  000110a4    00000080     rtsv7M4_T_le_v4SPD16_eabi.lib : ungetc.c.obj (.text:ungetc)
                  00011124    0000007e                                   : string.cpp.obj (.text:_ZNKSt3__212basic_stringIcNS_11char_traitsIcEENS_9allocatorIcEEE7compareEjjPKcj)
                  000111a2    0000007c                                   : locale.cpp.obj (.text:_ZNKSt3__28time_getIcNS_19istreambuf_iteratorIcNS_11char_traitsIcEEEEE11__get_am_pmERiRS4_S4_RjRKNS_5ctypeIcEE)
                  0001121e    0000007c                                   : locale.cpp.obj (.text:_ZNKSt3__28time_getIwNS_19istreambuf_iteratorIwNS_11char_traitsIwEEEEE11__get_am_pmERiRS4_S4_RjRKNS_5ctypeIwEE)
                  0001129a    0000007c                                   : ios.cpp.obj (.text:_ZNSt3__213basic_ostreamIcNS_11char_traitsIcEEE6sentryD1Ev)
                  00011316    0000007c                                   : ios.cpp.obj (.text:_ZNSt3__213basic_ostreamIwNS_11char_traitsIwEEE6sentryD1Ev)
                  00011392    0000007c                                   : string.cpp.obj (.text:_ZNSt3__234_GLOBAL__N__10_string_cpp_11932bae9as_stringINS_12basic_stringIcNS_11char_traitsIcEENS_9allocatorIcEEEEPFYiPcjPKczEiEET_T0_SD_PKNSD_10value_typeET1_)
                  0001140e    00000002                                   : xlocale.c.obj (.text:freelocale)
                  00011410    0000007c                                   : fflush.c.obj (.text:fflush)
                  0001148c    0000007a                                   : string.cpp.obj (.text:_ZNSt3__212basic_stringIcNS_11char_traitsIcEENS_9allocatorIcEEEaSEOS5_)
                  00011506    0000007a                                   : locale.cpp.obj (.text:_ZNSt3__227__num_get_unsigned_integralIjEET_PKcS3_Rji)
                  00011580    0000007a                                   : locale.cpp.obj (.text:_ZNSt3__227__num_get_unsigned_integralImEET_PKcS3_Rji)
                  000115fa    0000007a                                   : memset_t2.asm.obj (.text)
                  00011674    00000078                                   : vla_alloc.c.obj (.text:_ZN33_INTERNAL_11_vla_alloc_c_be8bd49b21free_dead_allocationsEPv)
                  000116ec    00000078                                   : locale.cpp.obj (.text:_ZNKSt3__220__time_get_c_storageIcE3__rEv)
                  00011764    00000078                                   : locale.cpp.obj (.text:_ZNSt3__215__num_get_floatIfEET_PKcS3_Rj)
                  000117dc    00000078                                   : ios.cpp.obj (.text:_ZNSt3__215basic_streambufIwNS_11char_traitsIwEEE6xsgetnEPwi)
                  00011854    00000078                                   : locale.cpp.obj (.text:_ZNSt3__227__num_get_unsigned_integralItEET_PKcS3_Rji)
                  000118cc    00000078                                   : vla_alloc.c.obj (.text:__vla_dealloc)
                  00011944    00000078                                   : memory.c.obj (.text:malloc)
                  000119bc    00000076                                   : vec_newdel.c.obj (.text:_ZN34_INTERNAL_12_vec_newdel_c_8a08d4a517array_new_generalEPvijjS0_PFYS0_S0_ES2_PFYS0_jEPFYvS0_Eii)
                  00011a32    00000076                                   : string.cpp.obj (.text:_ZNSt3__212basic_stringIcNS_11char_traitsIcEENS_9allocatorIcEEE6resizeEjc)
                  00011aa8    00000076                                   : none_mb.c.obj (.text:wcsnrtombs)
                  00011b1e    00000074                                   : string.cpp.obj (.text:_ZNSt3__212basic_stringIcNS_11char_traitsIcEENS_9allocatorIcEEE6__initEPKcj)
                  00011b92    00000074                                   : string.cpp.obj (.text:_ZNSt3__212basic_stringIcNS_11char_traitsIcEENS_9allocatorIcEEE6__initEPKcjj)
                  00011c06    00000074                                   : string.cpp.obj (.text:_ZNSt3__212basic_stringIcNS_11char_traitsIcEENS_9allocatorIcEEE6__initEjc)
                  00011c7a    00000002                                   : div0.asm.obj (.text)
                  00011c7c    00000074                                   : locale.cpp.obj (.text:_ZNSt3__215__num_get_floatIdEET_PKcS3_Rj)
                  00011cf0    00000074                                   : locale.cpp.obj (.text:_ZNSt3__215__num_get_floatIeEET_PKcS3_Rj)
                  00011d64    00000074                                   : ios.cpp.obj (.text:_ZNSt3__215basic_streambufIcNS_11char_traitsIcEEE6xsgetnEPci)
                  00011dd8    00000074                                   : locale.cpp.obj (.text:_ZNSt3__216__check_groupingERKNS_12basic_stringIcNS_11char_traitsIcEENS_9allocatorIcEEEEPjS8_Rj)
                  00011e4c    00000074                                   : locale.cpp.obj (.text:_ZNSt3__227__num_get_unsigned_integralIyEET_PKcS3_Rji)
                  00011ec0    00000074                                   : fclose.c.obj (.text:__TI_closefile)
                  00011f34    00000072                                   : vec_newdel.c.obj (.text:_ZN34_INTERNAL_12_vec_newdel_c_8a08d4a520array_delete_generalEPvijjPFYS0_S0_EiPFYvS0_Eii)
                  00011fa6    0000006e                                   : _printfi.c.obj (.text:_mcpy)
                  00012014    0000006e                                   : fd_tos_t2.asm.obj (.text)
                  00012082    0000006c                                   : locale.cpp.obj (.text:_ZNSt3__26locale5__imp7installEPNS0_5facetEl)
                  000120ee    00000002     --HOLE-- [fill = 0]
                  000120f0    00000068                                   : hostlseek.c.obj (.text:HOSTlseek)
                  00012158    00000068                                   : hostrename.c.obj (.text:HOSTrename)
                  000121c0    00000068                                   : locale.cpp.obj (.text:_ZNKSt3__220__time_get_c_storageIcE3__XEv)
                  00012228    00000068                                   : locale.cpp.obj (.text:_ZNKSt3__220__time_get_c_storageIcE3__xEv)
                  00012290    00000068                                   : locale.cpp.obj (.text:_ZNKSt3__28time_getIcNS_19istreambuf_iteratorIcNS_11char_traitsIcEEEEE13__get_percentERS4_S4_RjRKNS_5ctypeIcEE)
                  000122f8    00000068                                   : locale.cpp.obj (.text:_ZNKSt3__28time_getIwNS_19istreambuf_iteratorIwNS_11char_traitsIwEEEEE13__get_percentERS4_S4_RjRKNS_5ctypeIwEE)
                  00012360    00000068                                   : locale.cpp.obj (.text:_ZNKSt3__28time_putIwNS_19ostreambuf_iteratorIwNS_11char_traitsIwEEEEE6do_putES4_RNS_8ios_baseEwPK2tmcc)
                  000123c8    00000068                                   : ios.cpp.obj (.text:_ZNSt3__215basic_streambufIwNS_11char_traitsIwEEE6xsputnEPKwi)
                  00012430    00000068                                   : locale.cpp.obj (.text:_ZNSt3__29__num_getIcE19__stage2_float_prepERNS_8ios_baseEPcRcS5_)
                  00012498    00000068                                   : locale.cpp.obj (.text:_ZNSt3__29__num_getIwE19__stage2_float_prepERNS_8ios_baseEPwRwS5_)
                  00012500    00000068                                   : sscanf.c.obj (.text:_chkmbc)
                  00012568    00000068                                   : copy_decompress_lzss.c.obj (.text:decompress:lzss:__TI_decompress_lzss)
                  000125d0    00000066                                   : locale.cpp.obj (.text:_ZNKSt3__28time_putIcNS_19ostreambuf_iteratorIcNS_11char_traitsIcEEEEE6do_putES4_RNS_8ios_baseEcPK2tmcc)
                  00012636    00000002     --HOLE-- [fill = 0]
                  00012638    00000064     ISRMsgMaker.obj (.text:_ZN10RingBufferI6ISRMsgE3AddES0_)
                  0001269c    00000064     ISRMsgMaker.obj (.text:_ZN10RingBufferIcE3AddEc)
                  00012700    00000064     rtsv7M4_T_le_v4SPD16_eabi.lib : ios.cpp.obj (.text:_ZNSt3__215basic_streambufIcNS_11char_traitsIcEEE6xsputnEPKci)
                  00012764    00000064                                   : s_frexp.c.obj (.text:frexp)
                  000127c8    00000064                                   : fseek.c.obj (.text:fseek)
                  0001282c    00000062     ISRMsgMaker.obj (.text:_ZN10RingBufferI6ISRMsgE3GetEv)
                  0001288e    00000062     rtsv7M4_T_le_v4SPD16_eabi.lib : _io_perm.c.obj (.text:__TI_wrt_ok)
                  000128f0    00000060                                   : hostopen.c.obj (.text:HOSTopen)
                  00012950    00000060                                   : autoinit.c.obj (.text:__TI_auto_init_nobinit:__TI_auto_init_nobinit)
                  000129b0    0000005e                                   : locale.cpp.obj (.text:_ZNKSt3__219istreambuf_iteratorIcNS_11char_traitsIcEEE5equalERKS3_)
                  00012a0e    0000005e                                   : locale.cpp.obj (.text:_ZNKSt3__219istreambuf_iteratorIwNS_11char_traitsIwEEE5equalERKS3_)
                  00012a6c    0000005e                                   : locale.cpp.obj (.text:_ZNSt3__2eqIcNS_11char_traitsIcEEEEbRKNS_19istreambuf_iteratorIT_T0_EES8_)
                  00012aca    0000005e                                   : locale.cpp.obj (.text:_ZNSt3__2neIwNS_11char_traitsIwEEEEbRKNS_19istreambuf_iteratorIT_T0_EES8_)
                  00012b28    0000005c                                   : locale.cpp.obj (.text:_ZNKSt3__27collateIcE12do_transformEPKcS3_)
                  00012b84    0000005c                                   : close.c.obj (.text:close)
                  00012be0    0000005a                                   : string.cpp.obj (.text:_ZNKSt3__234_GLOBAL__N__10_string_cpp_11932bae14initial_stringINS_12basic_stringIcNS_11char_traitsIcEENS_9allocatorIcEEEEiLb0EEclEv)
                  00012c3a    0000005a                                   : locale.cpp.obj (.text:_ZNKSt3__28time_getIwNS_19istreambuf_iteratorIwNS_11char_traitsIwEEEEE11do_get_dateES4_S4_RNS_8ios_baseERjP2tm)
                  00012c94    0000005a                                   : locale.cpp.obj (.text:_ZNKSt3__28time_getIwNS_19istreambuf_iteratorIwNS_11char_traitsIwEEEEE17__get_white_spaceERS4_S4_RjRKNS_5ctypeIwEE)
                  00012cee    00000002     --HOLE-- [fill = 0]
                  00012cf0    00000058                                   : hostread.c.obj (.text:HOSTread)
                  00012d48    00000058                                   : hostwrite.c.obj (.text:HOSTwrite)
                  00012da0    00000058                                   : locale.cpp.obj (.text:_ZNKSt3__28time_getIcNS_19istreambuf_iteratorIcNS_11char_traitsIcEEEEE17__get_white_spaceERS4_S4_RjRKNS_5ctypeIcEE)
                  00012df8    00000056     ISRMsgMaker.obj (.text:_ZN10RingBufferIcE3GetEv)
                  00012e4e    00000056     rtsv7M4_T_le_v4SPD16_eabi.lib : locale.cpp.obj (.text:_ZNKSt3__28time_getIcNS_19istreambuf_iteratorIcNS_11char_traitsIcEEEEE11do_get_dateES4_S4_RNS_8ios_baseERjP2tm)
                  00012ea4    00000056                                   : _printfi.c.obj (.text:_pconv_f)
                  00012efa    00000054                                   : ltoa.c.obj (.text:ltoa)
                  00012f4e    00000052                                   : _printfi.c.obj (.text:_ecpy)
                  00012fa0    00000050                                   : ios.cpp.obj (.text:_ZNSt3__213basic_ostreamIcNS_11char_traitsIcEEE5flushEv)
                  00012ff0    00000050                                   : ios.cpp.obj (.text:_ZNSt3__213basic_ostreamIwNS_11char_traitsIwEEE5flushEv)
                  00013040    00000050                                   : none_mb.c.obj (.text:mbsnrtowcs)
                  00013090    0000004c                                   : iostream.cpp.obj (.text:_ZNSt3__211__stdoutbufIcE4syncEv)
                  000130dc    0000004c                                   : iostream.cpp.obj (.text:_ZNSt3__211__stdoutbufIwE4syncEv)
                  00013128    0000004c                                   : string.cpp.obj (.text:_ZNSt3__212basic_stringIcNS_11char_traitsIcEENS_9allocatorIcEEEC1ERKS5_)
                  00013174    0000004c                                   : string.cpp.obj (.text:_ZNSt3__212basic_stringIwNS_11char_traitsIwEENS_9allocatorIwEEEC1ERKS5_)
                  000131c0    0000004c                                   : ios.cpp.obj (.text:_ZNSt3__213basic_ostreamIcNS_11char_traitsIcEEE6sentryC1ERS3_)
                  0001320c    0000004c                                   : ios.cpp.obj (.text:_ZNSt3__213basic_ostreamIwNS_11char_traitsIwEEE6sentryC1ERS3_)
                  00013258    0000004c                                   : fflush.c.obj (.text:__TI_doflush)
                  000132a4    0000004c                                   : atoi.c.obj (.text:atoi)
                  000132f0    0000004c                                   : snprintf.c.obj (.text:snprintf)
                  0001333c    0000004a                                   : locale.cpp.obj (.text:_ZNSt3__214__num_put_base12__format_intEPcPKcbj)
                  00013386    0000004a                                   : _io_perm.c.obj (.text:__TI_rd_ok)
                  000133d0    00000048                                   : locale.cpp.obj (.text:_ZNKSt3__27codecvtIDiciE6do_outERiPKDiS4_RS4_PcS6_RS6_)
                  00013418    00000048                                   : locale.cpp.obj (.text:_ZNKSt3__27codecvtIDsciE6do_outERiPKDsS4_RS4_PcS6_RS6_)
                  00013460    00000048                                   : locale.cpp.obj (.text:_ZNKSt3__27codecvtIwciE10do_unshiftERiPcS3_RS3_)
                  000134a8    00000048                                   : locale.cpp.obj (.text:_ZNKSt3__27codecvtIwciE9do_lengthERiPKcS4_j)
                  000134f0    00000048                                   : iostream.cpp.obj (.text:_ZNSt3__211__stdoutbufIcEC1EP7__sFILEPi)
                  00013538    00000048                                   : iostream.cpp.obj (.text:_ZNSt3__211__stdoutbufIwEC1EP7__sFILEPi)
                  00013580    00000048                                   : exit.c.obj (.text:exit)
                  000135c8    00000048                                   : fd_toi_t2.asm.obj (.text)
                  00013610    00000046                                   : locale.cpp.obj (.text:_ZNKSt3__28time_getIcNS_19istreambuf_iteratorIcNS_11char_traitsIcEEEEE15__get_monthnameERiRS4_S4_RjRKNS_5ctypeIcEE)
                  00013656    00000046                                   : locale.cpp.obj (.text:_ZNKSt3__28time_getIcNS_19istreambuf_iteratorIcNS_11char_traitsIcEEEEE17__get_weekdaynameERiRS4_S4_RjRKNS_5ctypeIcEE)
                  0001369c    00000046                                   : locale.cpp.obj (.text:_ZNKSt3__28time_getIwNS_19istreambuf_iteratorIwNS_11char_traitsIwEEEEE15__get_monthnameERiRS4_S4_RjRKNS_5ctypeIwEE)
                  000136e2    00000046                                   : locale.cpp.obj (.text:_ZNKSt3__28time_getIwNS_19istreambuf_iteratorIwNS_11char_traitsIwEEEEE17__get_weekdaynameERiRS4_S4_RjRKNS_5ctypeIwEE)
                  00013728    00000046                                   : iostream.cpp.obj (.text:_ZNSt3__211__stdoutbufIcE6xsputnEPKci)
                  0001376e    00000046                                   : iostream.cpp.obj (.text:_ZNSt3__211__stdoutbufIwE6xsputnEPKwi)
                  000137b4    00000044                                   : hostclose.c.obj (.text:HOSTclose)
                  000137f8    00000044                                   : hostunlink.c.obj (.text:HOSTunlink)
                  0001383c    00000044                                   : dtor_list.c.obj (.text:_Z25__add_destruction_to_listPP20a_needed_destructionPFYvPvES2_S2_)
                  00013880    00000044                                   : locale.cpp.obj (.text:_ZNKSt3__210__time_put8__do_putEPcRS1_PK2tmcc)
                  000138c4    00000044                                   : locale.cpp.obj (.text:_ZNKSt3__27codecvtIDiciE5do_inERiPKcS4_RS4_PDiS6_RS6_)
                  00013908    00000044                                   : locale.cpp.obj (.text:_ZNKSt3__27codecvtIDsciE5do_inERiPKcS4_RS4_PDsS6_RS6_)
                  0001394c    00000044                                   : iostream.cpp.obj (.text:_ZNSt3__210__stdinbufIcEC1EP7__sFILEPi)
                  00013990    00000044                                   : iostream.cpp.obj (.text:_ZNSt3__210__stdinbufIwEC1EP7__sFILEPi)
                  000139d4    00000044                                   : getdevice.c.obj (.text:getdevice)
                  00013a18    00000042                                   : dtor_list.c.obj (.text:_Z23__finalize_destructionsPP20a_needed_destructionPv)
                  00013a5a    00000042                                   : locale.cpp.obj (.text:_ZNSt3__214__split_bufferIPNS_6locale5facetERNS_15__sso_allocatorIS3_Lj28EEEEC1EjjS6_)
                  00013a9c    00000040                                   : locale.cpp.obj (.text:_ZNKSt3__28time_getIcNS_19istreambuf_iteratorIcNS_11char_traitsIcEEEEE11do_get_yearES4_S4_RNS_8ios_baseERjP2tm)
                  00013adc    00000040                                   : locale.cpp.obj (.text:_ZNKSt3__28time_getIcNS_19istreambuf_iteratorIcNS_11char_traitsIcEEEEE14do_get_weekdayES4_S4_RNS_8ios_baseERjP2tm)
                  00013b1c    00000040                                   : locale.cpp.obj (.text:_ZNKSt3__28time_getIcNS_19istreambuf_iteratorIcNS_11char_traitsIcEEEEE16do_get_monthnameES4_S4_RNS_8ios_baseERjP2tm)
                  00013b5c    00000040                                   : locale.cpp.obj (.text:_ZNKSt3__28time_getIwNS_19istreambuf_iteratorIwNS_11char_traitsIwEEEEE11do_get_timeES4_S4_RNS_8ios_baseERjP2tm)
                  00013b9c    00000040                                   : locale.cpp.obj (.text:_ZNKSt3__28time_getIwNS_19istreambuf_iteratorIwNS_11char_traitsIwEEEEE11do_get_yearES4_S4_RNS_8ios_baseERjP2tm)
                  00013bdc    00000040                                   : locale.cpp.obj (.text:_ZNKSt3__28time_getIwNS_19istreambuf_iteratorIwNS_11char_traitsIwEEEEE14do_get_weekdayES4_S4_RNS_8ios_baseERjP2tm)
                  00013c1c    00000040                                   : locale.cpp.obj (.text:_ZNKSt3__28time_getIwNS_19istreambuf_iteratorIwNS_11char_traitsIwEEEEE16do_get_monthnameES4_S4_RNS_8ios_baseERjP2tm)
                  00013c5c    00000040                                   : locale.cpp.obj (.text:_ZNSt3__26locale2id5__getEv)
                  00013c9c    00000040                                   : ios.cpp.obj (.text:_ZNSt3__28ios_base4initEPv)
                  00013cdc    00000040     Monitor.obj (.text:_ZNSt3__2eqIcNS_11char_traitsIcEENS_9allocatorIcEEEEbRKNS_12basic_stringIT_T0_T1_EEPKS6_)
                  00013d1c    00000040     rtsv7M4_T_le_v4SPD16_eabi.lib : vsnprintf.c.obj (.text:vsnprintf)
                  00013d5c    0000003e                                   : locale.cpp.obj (.text:_ZNSt3__26vectorIPNS_6locale5facetENS_15__sso_allocatorIS3_Lj28EEEE8allocateEj)
                  00013d9a    0000003e                                   : _printfi.c.obj (.text:_fcpy)
                  00013dd8    0000003c     ISRMsgMaker.obj (.text:_ZN10RingBufferI6ISRMsgEC1Ei)
                  00013e14    0000003c     rtsv7M4_T_le_v4SPD16_eabi.lib : iostream.cpp.obj (.text:_ZNSt3__210__stdinbufIcE5imbueERKNS_6localeE)
                  00013e50    0000003c                                   : memory.c.obj (.text:minsert)
                  00013e8c    0000003a     ISRMsgMaker.obj (.text:_ZN10RingBufferIcEC1Ei)
                  00013ec6    0000003a     rtsv7M4_T_le_v4SPD16_eabi.lib : locale.cpp.obj (.text:_ZNKSt3__27collateIwE10do_compareEPKwS3_S3_S3_)
                  00013f00    0000003a                                   : locale.cpp.obj (.text:_ZNSt3__214__num_put_base18__identify_paddingEPcS1_RKNS_8ios_baseE)
                  00013f3a    00000002     --HOLE-- [fill = 0]
                  00013f3c    00000038                                   : locale.cpp.obj (.text:_ZNKSt3__25ctypeIcE10do_tolowerEPcPKc)
                  00013f74    00000038                                   : locale.cpp.obj (.text:_ZNKSt3__25ctypeIcE10do_toupperEPcPKc)
                  00013fac    00000038                                   : locale.cpp.obj (.text:_ZNKSt3__25ctypeIwE10do_tolowerEPwPKw)
                  00013fe4    00000038                                   : locale.cpp.obj (.text:_ZNKSt3__25ctypeIwE10do_toupperEPwPKw)
                  0001401c    00000038                                   : locale.cpp.obj (.text:_ZNKSt3__27collateIcE10do_compareEPKcS3_S3_S3_)
                  00014054    00000038                                   : locale.cpp.obj (.text:_ZNKSt3__28time_getIcNS_19istreambuf_iteratorIcNS_11char_traitsIcEEEEE10__get_yearERiRS4_S4_RjRKNS_5ctypeIcEE)
                  0001408c    00000038                                   : locale.cpp.obj (.text:_ZNKSt3__28time_getIwNS_19istreambuf_iteratorIwNS_11char_traitsIwEEEEE10__get_yearERiRS4_S4_RjRKNS_5ctypeIwEE)
                  000140c4    00000038                                   : ios.cpp.obj (.text:_ZNKSt3__29basic_iosIcNS_11char_traitsIcEEE4fillEv)
                  000140fc    00000038                                   : iostream.cpp.obj (.text:_ZNSt3__210__stdinbufIwE5imbueERKNS_6localeE)
                  00014134    00000038                                   : locale.cpp.obj (.text:_ZNSt3__26__clocEv)
                  0001416c    00000038                                   : ios.cpp.obj (.text:_ZNSt3__28ios_baseD1Ev)
                  000141a4    00000038                                   : locale.cpp.obj (.text:_ZNSt3__28numpunctIcEC1Ej)
                  000141dc    00000038                                   : locale.cpp.obj (.text:_ZNSt3__28numpunctIwEC1Ej)
                  00014214    00000038                                   : trgmsg.c.obj (.text:__TI_writemsg)
                  0001424c    00000038                                   : boot_cortex_m.c.obj (.text:_c_int00_noargs:_c_int00_noargs)
                  00014284    00000038                                   : memory.c.obj (.text:minit)
                  000142bc    00000038                                   : sscanf.c.obj (.text:sscanf)
                  000142f4    00000036                                   : strncpy.c.obj (.text:strncpy)
                  0001432a    00000036                                   : vasprintf.c.obj (.text:vasprintf)
                  00014360    00000034     GlobalConfig.obj (.text)
                  00014394    00000034     rtsv7M4_T_le_v4SPD16_eabi.lib : locale.cpp.obj (.text:_ZNKSt3__28time_getIcNS_19istreambuf_iteratorIcNS_11char_traitsIcEEEEE11do_get_timeES4_S4_RNS_8ios_baseERjP2tm)
                  000143c8    00000034                                   : string.cpp.obj (.text:_ZNSt3__29to_stringEi)
                  000143fc    00000034                                   : fopen.c.obj (.text:__TI_cleanup)
                  00014430    00000034                                   : trgmsg.c.obj (.text:__TI_readmsg)
                  00014464    00000034                                   : dtor_list.c.obj (.text:__aeabi_atexit)
                  00014498    00000032                                   : locale.cpp.obj (.text:_ZNKSt3__27collateIwE7do_hashEPKwS3_)
                  000144ca    00000032                                   : locale.cpp.obj (.text:_ZNKSt3__28time_getIcNS_19istreambuf_iteratorIcNS_11char_traitsIcEEEEE13__get_12_hourERiRS4_S4_RjRKNS_5ctypeIcEE)
                  000144fc    00000032                                   : locale.cpp.obj (.text:_ZNKSt3__28time_getIcNS_19istreambuf_iteratorIcNS_11char_traitsIcEEEEE9__get_dayERiRS4_S4_RjRKNS_5ctypeIcEE)
                  0001452e    00000032                                   : locale.cpp.obj (.text:_ZNKSt3__28time_getIwNS_19istreambuf_iteratorIwNS_11char_traitsIwEEEEE13__get_12_hourERiRS4_S4_RjRKNS_5ctypeIwEE)
                  00014560    00000032                                   : locale.cpp.obj (.text:_ZNKSt3__28time_getIwNS_19istreambuf_iteratorIwNS_11char_traitsIwEEEEE9__get_dayERiRS4_S4_RjRKNS_5ctypeIwEE)
                  00014592    00000030                                   : locale.cpp.obj (.text:_ZNKSt3__27collateIcE7do_hashEPKcS3_)
                  000145c2    00000030                                   : locale.cpp.obj (.text:_ZNKSt3__28time_getIcNS_19istreambuf_iteratorIcNS_11char_traitsIcEEEEE11__get_monthERiRS4_S4_RjRKNS_5ctypeIcEE)
                  000145f2    00000030                                   : locale.cpp.obj (.text:_ZNKSt3__28time_getIcNS_19istreambuf_iteratorIcNS_11char_traitsIcEEEEE18__get_day_year_numERiRS4_S4_RjRKNS_5ctypeIcEE)
                  00014622    00000030                                   : locale.cpp.obj (.text:_ZNKSt3__28time_getIwNS_19istreambuf_iteratorIwNS_11char_traitsIwEEEEE11__get_monthERiRS4_S4_RjRKNS_5ctypeIwEE)
                  00014652    00000030                                   : locale.cpp.obj (.text:_ZNKSt3__28time_getIwNS_19istreambuf_iteratorIwNS_11char_traitsIwEEEEE18__get_day_year_numERiRS4_S4_RjRKNS_5ctypeIwEE)
                  00014682    00000030                                   : locale.cpp.obj (.text:_ZNSt3__219ostreambuf_iteratorIcNS_11char_traitsIcEEEaSEc)
                  000146b2    00000030                                   : locale.cpp.obj (.text:_ZNSt3__219ostreambuf_iteratorIwNS_11char_traitsIwEEEaSEw)
                  000146e2    00000002     --HOLE-- [fill = 0]
                  000146e4    00000030                                   : locale.cpp.obj (.text:_ZNSt3__26locale8__globalEv)
                  00014714    00000030                                   : iostream.cpp.obj (.text:_ZNSt3__28ios_base4InitD1Ev)
                  00014744    00000030                                   : snprintf.c.obj (.text:_outs)
                  00014774    00000030                                   : vsnprintf.c.obj (.text:_outs)
                  000147a4    00000030                                   : getdevice.c.obj (.text:finddevice)
                  000147d4    0000002e                                   : locale.cpp.obj (.text:_ZNKSt3__25ctypeIwE5do_isEPKwS3_Ph)
                  00014802    0000002e                                   : locale.cpp.obj (.text:_ZNKSt3__27codecvtIwciE11do_encodingEv)
                  00014830    0000002e                                   : locale.cpp.obj (.text:_ZNKSt3__28time_getIcNS_19istreambuf_iteratorIcNS_11char_traitsIcEEEEE10__get_hourERiRS4_S4_RjRKNS_5ctypeIcEE)
                  0001485e    0000002e                                   : locale.cpp.obj (.text:_ZNKSt3__28time_getIcNS_19istreambuf_iteratorIcNS_11char_traitsIcEEEEE12__get_minuteERiRS4_S4_RjRKNS_5ctypeIcEE)
                  0001488c    0000002e                                   : locale.cpp.obj (.text:_ZNKSt3__28time_getIcNS_19istreambuf_iteratorIcNS_11char_traitsIcEEEEE12__get_secondERiRS4_S4_RjRKNS_5ctypeIcEE)
                  000148ba    0000002e                                   : locale.cpp.obj (.text:_ZNKSt3__28time_getIcNS_19istreambuf_iteratorIcNS_11char_traitsIcEEEEE13__get_weekdayERiRS4_S4_RjRKNS_5ctypeIcEE)
                  000148e8    0000002e                                   : locale.cpp.obj (.text:_ZNKSt3__28time_getIwNS_19istreambuf_iteratorIwNS_11char_traitsIwEEEEE10__get_hourERiRS4_S4_RjRKNS_5ctypeIwEE)
                  00014916    0000002e                                   : locale.cpp.obj (.text:_ZNKSt3__28time_getIwNS_19istreambuf_iteratorIwNS_11char_traitsIwEEEEE12__get_minuteERiRS4_S4_RjRKNS_5ctypeIwEE)
                  00014944    0000002e                                   : locale.cpp.obj (.text:_ZNKSt3__28time_getIwNS_19istreambuf_iteratorIwNS_11char_traitsIwEEEEE12__get_secondERiRS4_S4_RjRKNS_5ctypeIwEE)
                  00014972    0000002e                                   : locale.cpp.obj (.text:_ZNKSt3__28time_getIwNS_19istreambuf_iteratorIwNS_11char_traitsIwEEEEE13__get_weekdayERiRS4_S4_RjRKNS_5ctypeIwEE)
                  000149a0    0000002e                                   : locale.cpp.obj (.text:_ZNSt3__214__split_bufferIPNS_6locale5facetERNS_15__sso_allocatorIS3_Lj28EEEED1Ev)
                  000149ce    0000002e                                   : none_mb.c.obj (.text:mbtowc)
                  000149fc    0000002e                                   : i_tofd_t2.asm.obj (.text)
                  00014a2a    0000002c     ISRMsgMaker.obj (.text:_ZNSt3__210unique_ptrI10RingBufferI6ISRMsgENS_14default_deleteIS3_EEE5resetEPS3_)
                  00014a56    0000002c     ISRMsgMaker.obj (.text:_ZNSt3__210unique_ptrI10RingBufferIcENS_14default_deleteIS2_EEE5resetEPS2_)
                  00014a82    0000002c     ISRMsgMaker.obj (.text:_ZNSt3__210unique_ptrIA_6ISRMsgNS_14default_deleteIS2_EEE5resetEDn)
                  00014aae    0000002c     ISRMsgMaker.obj (.text:_ZNSt3__210unique_ptrIA_cNS_14default_deleteIS1_EEE5resetEDn)
                  00014ada    00000002     --HOLE-- [fill = 0]
                  00014adc    0000002c     rtsv7M4_T_le_v4SPD16_eabi.lib : iostream.cpp.obj (.text:_ZNSt3__211__stdoutbufIcE5imbueERKNS_6localeE)
                  00014b08    0000002c                                   : iostream.cpp.obj (.text:_ZNSt3__211__stdoutbufIwE5imbueERKNS_6localeE)
                  00014b34    0000002c                                   : string.cpp.obj (.text:_ZNSt3__212basic_stringIcNS_11char_traitsIcEENS_9allocatorIcEEE6appendERKS5_)
                  00014b60    0000002c                                   : locale.cpp.obj (.text:_ZNSt3__26locale7classicEv)
                  00014b8c    0000002c                                   : unlink.c.obj (.text:unlink)
                  00014bb8    0000002a                                   : locale.cpp.obj (.text:_ZNKSt3__25ctypeIwE10do_scan_isEhPKwS3_)
                  00014be2    0000002a                                   : locale.cpp.obj (.text:_ZNKSt3__25ctypeIwE11do_scan_notEhPKwS3_)
                  00014c0c    0000002a                                   : ios.cpp.obj (.text:_ZNSt3__215basic_streambufIcNS_11char_traitsIcEEE7seekposENS_4fposIiEEj)
                  00014c36    0000002a                                   : ios.cpp.obj (.text:_ZNSt3__215basic_streambufIwNS_11char_traitsIwEEE7seekposENS_4fposIiEEj)
                  00014c60    00000028                                   : lseek.c.obj (.text:lseek)
                  00014c88    00000028                                   : memory.c.obj (.text:mremove)
                  00014cb0    00000028                                   : read.c.obj (.text:read)
                  00014cd8    00000028                                   : write.c.obj (.text:write)
                  00014d00    00000026                                   : locale.cpp.obj (.text:_ZNKSt3__28numpunctIcE12do_falsenameEv)
                  00014d26    00000026                                   : locale.cpp.obj (.text:_ZNKSt3__28time_getIcNS_19istreambuf_iteratorIcNS_11char_traitsIcEEEEE11__get_year4ERiRS4_S4_RjRKNS_5ctypeIcEE)
                  00014d4c    00000026                                   : locale.cpp.obj (.text:_ZNKSt3__28time_getIwNS_19istreambuf_iteratorIwNS_11char_traitsIwEEEEE11__get_year4ERiRS4_S4_RjRKNS_5ctypeIwEE)
                  00014d72    00000026     ComandCenter.obj (.text:_ZNSt3__211char_traitsIcE6assignEPcjc)
                  00014d98    00000026     rtsv7M4_T_le_v4SPD16_eabi.lib : string.cpp.obj (.text:_ZNSt3__212basic_stringIcNS_11char_traitsIcEENS_9allocatorIcEEEixEj)
                  00014dbe    00000026     ComandCenter.obj (.text:_ZNSt3__219ostreambuf_iteratorIcNS_11char_traitsIcEEEC1ERNS_13basic_ostreamIcS2_EE)
                  00014de4    00000026     rtsv7M4_T_le_v4SPD16_eabi.lib : ios.cpp.obj (.text:_ZNSt3__28ios_base16__call_callbacksENS0_5eventE)
                  00014e0a    00000026                                   : none_mb.c.obj (.text:mbrtowc)
                  00014e30    00000024     TimeHandler.obj (.text:_ZN11TimeHandlerC1Ev)
                  00014e54    00000024     rtsv7M4_T_le_v4SPD16_eabi.lib : locale.cpp.obj (.text:_ZNKSt3__25ctypeIcE10do_tolowerEc)
                  00014e78    00000024                                   : locale.cpp.obj (.text:_ZNKSt3__25ctypeIcE10do_toupperEc)
                  00014e9c    00000024                                   : locale.cpp.obj (.text:_ZNKSt3__25ctypeIwE10do_tolowerEw)
                  00014ec0    00000024                                   : locale.cpp.obj (.text:_ZNKSt3__25ctypeIwE9do_narrowEPKwS3_cPc)
                  00014ee4    00000024                                   : string.cpp.obj (.text:_ZNSt3__212basic_stringIcNS_11char_traitsIcEENS_9allocatorIcEEEC1EOS5_)
                  00014f08    00000024                                   : ios.cpp.obj (.text:_ZNSt3__215basic_streambufIcNS_11char_traitsIcEEE5uflowEv)
                  00014f2c    00000024                                   : ios.cpp.obj (.text:_ZNSt3__215basic_streambufIcNS_11char_traitsIcEEEC1Ev)
                  00014f50    00000024                                   : ios.cpp.obj (.text:_ZNSt3__215basic_streambufIwNS_11char_traitsIwEEE5uflowEv)
                  00014f74    00000024                                   : ios.cpp.obj (.text:_ZNSt3__215basic_streambufIwNS_11char_traitsIwEEEC1Ev)
                  00014f98    00000024                                   : locale.cpp.obj (.text:_ZNSt3__25ctypeIcEC1EPKhbj)
                  00014fbc    00000024                                   : locale.cpp.obj (.text:_ZNSt3__26vectorIPNS_6locale5facetENS_15__sso_allocatorIS3_Lj28EEEEC1Ej)
                  00014fe0    00000024                                   : locale.cpp.obj (.text:_ZNSt3__27codecvtIwciED1Ev)
                  00015004    00000024                                   : vec_newdel.c.obj (.text:__cxa_vec_ctor)
                  00015028    00000024                                   : memcmp.c.obj (.text:memcmp)
                  0001504c    00000024                                   : memmov.c.obj (.text:memmove)
                  00015070    00000022     Monitor.obj (.text:_ZN10RingBufferIcE5ResetEv)
                  00015092    00000022     rtsv7M4_T_le_v4SPD16_eabi.lib : locale.cpp.obj (.text:_ZNKSt3__25ctypeIcE9do_narrowEPKcS3_cPc)
                  000150b4    00000022                                   : locale.cpp.obj (.text:_ZNKSt3__25ctypeIwE10do_toupperEw)
                  000150d6    00000022                                   : locale.cpp.obj (.text:_ZNSt3__214__num_get_base10__get_baseERNS_8ios_baseE)
                  000150f8    00000022                                   : new.cpp.obj (.text:_Znwj)
                  0001511a    00000002     --HOLE-- [fill = 0]
                  0001511c    00000021                                   : locale.cpp.obj (.text:_ZNKSt3__28numpunctIcE11do_truenameEv)
                  0001513d    00000001     --HOLE-- [fill = 0]
                  0001513e    00000020                                   : iostream.cpp.obj (.text:_ZNKSt3__27codecvtIcciE3outERiPKcS4_RS4_PcS6_RS6_)
                  0001515e    00000020                                   : iostream.cpp.obj (.text:_ZNKSt3__27codecvtIwciE3outERiPKwS4_RS4_PcS6_RS6_)
                  0001517e    00000020                                   : string.cpp.obj (.text:_ZNSt3__212basic_stringIcNS_11char_traitsIcEENS_9allocatorIcEEED1Ev)
                  0001519e    00000020                                   : string.cpp.obj (.text:_ZNSt3__212basic_stringIwNS_11char_traitsIwEENS_9allocatorIwEEED1Ev)
                  000151be    00000020                                   : locale.cpp.obj (.text:_ZNSt3__217__call_once_proxyINS_5tupleIJONS_34_GLOBAL__N__10_locale_cpp_a718320311__fake_bindEEEEEEvPv)
                  000151de    00000020                                   : locale.cpp.obj (.text:_ZNSt3__219istreambuf_iteratorIcNS_11char_traitsIcEEEppEv)
                  000151fe    00000020                                   : locale.cpp.obj (.text:_ZNSt3__219istreambuf_iteratorIwNS_11char_traitsIwEEEppEv)
                  0001521e    00000020     ComandCenter.obj (.text:_ZNSt3__2lsIcNS_11char_traitsIcEENS_9allocatorIcEEEERNS_13basic_ostreamIT_T0_EES9_RKNS_12basic_stringIS6_S7_T1_EE)
                  0001523e    00000020     TimeHandler.obj (.text:_ZNSt3__2plIcNS_11char_traitsIcEENS_9allocatorIcEEEENS_12basic_stringIT_T0_T1_EEPKS6_OS9_)
                  0001525e    00000002     --HOLE-- [fill = 0]
                  00015260    00000020     rtsv7M4_T_le_v4SPD16_eabi.lib : iostream.cpp.obj (.text:__sti___12_iostream_cpp_d173592a__prio101)
                  00015280    00000020                                   : wctype.c.obj (.text:iswlower)
                  000152a0    00000020                                   : memchr.c.obj (.text:memchr)
                  000152c0    00000020                                   : sscanf.c.obj (.text:vsscanf)
                  000152e0    00000020                                   : none_mb.c.obj (.text:wcrtomb)
                  00015300    0000001e                                   : locale.cpp.obj (.text:_ZNKSt3__210moneypunctIcLb0EE13do_neg_formatEv)
                  0001531e    0000001e                                   : locale.cpp.obj (.text:_ZNKSt3__210moneypunctIcLb0EE13do_pos_formatEv)
                  0001533c    0000001e                                   : locale.cpp.obj (.text:_ZNKSt3__210moneypunctIcLb0EE16do_negative_signEv)
                  0001535a    0000001e                                   : locale.cpp.obj (.text:_ZNKSt3__210moneypunctIcLb1EE13do_neg_formatEv)
                  00015378    0000001e                                   : locale.cpp.obj (.text:_ZNKSt3__210moneypunctIcLb1EE13do_pos_formatEv)
                  00015396    0000001e                                   : locale.cpp.obj (.text:_ZNKSt3__210moneypunctIcLb1EE16do_negative_signEv)
                  000153b4    0000001e                                   : locale.cpp.obj (.text:_ZNKSt3__210moneypunctIwLb0EE13do_neg_formatEv)
                  000153d2    0000001e                                   : locale.cpp.obj (.text:_ZNKSt3__210moneypunctIwLb0EE13do_pos_formatEv)
                  000153f0    0000001e                                   : locale.cpp.obj (.text:_ZNKSt3__210moneypunctIwLb0EE16do_negative_signEv)
                  0001540e    0000001e                                   : locale.cpp.obj (.text:_ZNKSt3__210moneypunctIwLb1EE13do_neg_formatEv)
                  0001542c    0000001e                                   : locale.cpp.obj (.text:_ZNKSt3__210moneypunctIwLb1EE13do_pos_formatEv)
                  0001544a    0000001e                                   : locale.cpp.obj (.text:_ZNKSt3__210moneypunctIwLb1EE16do_negative_signEv)
                  00015468    0000001e                                   : string.cpp.obj (.text:_ZNSt3__212basic_stringIcNS_11char_traitsIcEENS_9allocatorIcEEEC1EPKc)
                  00015486    0000001e                                   : string.cpp.obj (.text:_ZNSt3__212basic_stringIcNS_11char_traitsIcEENS_9allocatorIcEEEC1Ev)
                  000154a4    0000001e                                   : string.cpp.obj (.text:_ZNSt3__212basic_stringIwNS_11char_traitsIwEENS_9allocatorIwEEEC1Ev)
                  000154c2    0000001e                                   : ios.cpp.obj (.text:_ZNSt3__215basic_streambufIcNS_11char_traitsIcEEE7seekoffExNS_8ios_base7seekdirEj)
                  000154e0    0000001e                                   : ios.cpp.obj (.text:_ZNSt3__215basic_streambufIwNS_11char_traitsIwEEE7seekoffExNS_8ios_base7seekdirEj)
                  000154fe    0000001e     Monitor.obj (.text:_ZNSt3__2neIcNS_11char_traitsIcEENS_9allocatorIcEEEEbRKNS_12basic_stringIT_T0_T1_EEPKS6_)
                  0001551c    0000001e     ComandCenter.obj (.text:_ZNSt3__2plIcNS_11char_traitsIcEENS_9allocatorIcEEEENS_12basic_stringIT_T0_T1_EEOS9_PKS6_)
                  0001553a    0000001e     ComandCenter.obj (.text:_ZNSt3__2plIcNS_11char_traitsIcEENS_9allocatorIcEEEENS_12basic_stringIT_T0_T1_EEOS9_RKS9_)
                  00015558    0000001e     TimeHandler.obj (.text:_ZNSt3__2plIcNS_11char_traitsIcEENS_9allocatorIcEEEENS_12basic_stringIT_T0_T1_EEOS9_SA_)
                  00015576    0000001c     rtsv7M4_T_le_v4SPD16_eabi.lib : locale.cpp.obj (.text:_ZNKSt3__210moneypunctIcLb0EE11do_groupingEv)
                  00015592    0000001c                                   : locale.cpp.obj (.text:_ZNKSt3__210moneypunctIcLb0EE14do_curr_symbolEv)
                  000155ae    0000001c                                   : locale.cpp.obj (.text:_ZNKSt3__210moneypunctIcLb0EE16do_positive_signEv)
                  000155ca    0000001c                                   : locale.cpp.obj (.text:_ZNKSt3__210moneypunctIcLb1EE11do_groupingEv)
                  000155e6    0000001c                                   : locale.cpp.obj (.text:_ZNKSt3__210moneypunctIcLb1EE14do_curr_symbolEv)
                  00015602    0000001c                                   : locale.cpp.obj (.text:_ZNKSt3__210moneypunctIcLb1EE16do_positive_signEv)
                  0001561e    0000001c                                   : locale.cpp.obj (.text:_ZNKSt3__210moneypunctIwLb0EE11do_groupingEv)
                  0001563a    0000001c                                   : locale.cpp.obj (.text:_ZNKSt3__210moneypunctIwLb0EE14do_curr_symbolEv)
                  00015656    0000001c                                   : locale.cpp.obj (.text:_ZNKSt3__210moneypunctIwLb0EE16do_positive_signEv)
                  00015672    0000001c                                   : locale.cpp.obj (.text:_ZNKSt3__210moneypunctIwLb1EE11do_groupingEv)
                  0001568e    0000001c                                   : locale.cpp.obj (.text:_ZNKSt3__210moneypunctIwLb1EE14do_curr_symbolEv)
                  000156aa    0000001c                                   : locale.cpp.obj (.text:_ZNKSt3__210moneypunctIwLb1EE16do_positive_signEv)
                  000156c6    0000001c                                   : locale.cpp.obj (.text:_ZNKSt3__25ctypeIwE5do_isEhw)
                  000156e2    0000001c     ComandCenter.obj (.text:_ZNSt3__211char_traitsIcE4copyEPcPKcj)
                  000156fe    0000001c     ComandCenter.obj (.text:_ZNSt3__211char_traitsIcE7compareEPKcS3_j)
                  0001571a    0000001c     rtsv7M4_T_le_v4SPD16_eabi.lib : string.cpp.obj (.text:_ZNSt3__212basic_stringIcNS_11char_traitsIcEENS_9allocatorIcEEE6insertEjPKc)
                  00015736    00000002     --HOLE-- [fill = 0]
                  00015738    0000001c                                   : ios.cpp.obj (.text:_ZNSt3__213basic_istreamIcNS_11char_traitsIcEEED1Ev)
                  00015754    0000001c                                   : ios.cpp.obj (.text:_ZNSt3__213basic_istreamIwNS_11char_traitsIwEEED1Ev)
                  00015770    0000001c                                   : ios.cpp.obj (.text:_ZNSt3__213basic_ostreamIcNS_11char_traitsIcEEED1Ev)
                  0001578c    0000001c                                   : ios.cpp.obj (.text:_ZNSt3__213basic_ostreamIwNS_11char_traitsIwEEED1Ev)
                  000157a8    0000001c                                   : locale.cpp.obj (.text:_ZNSt3__26locale5__imp12make_classicEv)
                  000157c4    0000001c                                   : locale.cpp.obj (.text:_ZNSt3__27codecvtIwciEC1Ej)
                  000157e0    0000001c                                   : vec_newdel.c.obj (.text:__cxa_vec_dtor)
                  000157fc    0000001c                                   : memccpy.c.obj (.text:memccpy)
                  00015818    0000001c                                   : locale_stdio.c.obj (.text:snprintf_l)
                  00015834    0000001a     ISRMsgMaker.obj (.text:_ZNKSt3__214default_deleteI10RingBufferI6ISRMsgEEclEPS3_)
                  0001584e    0000001a     ISRMsgMaker.obj (.text:_ZNKSt3__214default_deleteI10RingBufferIcEEclEPS2_)
                  00015868    0000001a     ComandCenter.obj (.text:_ZNKSt3__25ctypeIcE5widenEc)
                  00015882    0000001a     rtsv7M4_T_le_v4SPD16_eabi.lib : locale.cpp.obj (.text:_ZNSt3__214__shared_count16__release_sharedEv)
                  0001589c    0000001a     ComandCenter.obj (.text:_ZNSt3__28ios_base5widthEi)
                  000158b6    0000001a     rtsv7M4_T_le_v4SPD16_eabi.lib : locale.cpp.obj (.text:_ZNSt3__28numpunctIcED1Ev)
                  000158d0    0000001a                                   : locale.cpp.obj (.text:_ZNSt3__28numpunctIwED1Ev)
                  000158ea    0000001a                                   : locale.cpp.obj (.text:_ZNSt3__28time_putIcNS_19ostreambuf_iteratorIcNS_11char_traitsIcEEEEED0Ev)
                  00015904    0000001a                                   : locale.cpp.obj (.text:_ZNSt3__28time_putIwNS_19ostreambuf_iteratorIwNS_11char_traitsIwEEEEED0Ev)
                  0001591e    0000001a                                   : asprintf.c.obj (.text:asprintf_l)
                  00015938    0000001a                                   : locale_stdio.c.obj (.text:sscanf_l)
                  00015952    00000002     --HOLE-- [fill = 0]
                  00015954    00000018                                   : locale.cpp.obj (.text:$P$F1)
                  0001596c    00000018     Glue.obj (.text)
                  00015984    00000018     rtsv7M4_T_le_v4SPD16_eabi.lib : locale.cpp.obj (.text:_ZNKSt3__25ctypeIcE8do_widenEPKcS3_Pc)
                  0001599c    00000018                                   : locale.cpp.obj (.text:_ZNKSt3__25ctypeIwE8do_widenEPKcS3_Pw)
                  000159b4    00000018                                   : locale.cpp.obj (.text:_ZNKSt3__27codecvtIDiciE9do_lengthERiPKcS4_j)
                  000159cc    00000018                                   : locale.cpp.obj (.text:_ZNKSt3__27codecvtIDsciE9do_lengthERiPKcS4_j)
                  000159e4    00000018                                   : locale.cpp.obj (.text:_ZNSt3__210__time_putD1Ev)
                  000159fc    00000018     ISRMsgMaker.obj (.text:_ZNSt3__210unique_ptrI10RingBufferI6ISRMsgENS_14default_deleteIS3_EEEC1ILb1EvEEv)
                  00015a14    00000018     ISRMsgMaker.obj (.text:_ZNSt3__210unique_ptrI10RingBufferIcENS_14default_deleteIS2_EEEC1ILb1EvEEv)
                  00015a2c    00000018     rtsv7M4_T_le_v4SPD16_eabi.lib : mutex.cpp.obj (.text:_ZNSt3__211__call_onceERVmPvPFvS2_E)
                  00015a44    00000018                                   : string.cpp.obj (.text:_ZNSt3__212basic_stringIcNS_11char_traitsIcEENS_9allocatorIcEEE6appendEPKc)
                  00015a5c    00000018                                   : string.cpp.obj (.text:_ZNSt3__212basic_stringIcNS_11char_traitsIcEENS_9allocatorIcEEE6assignEPKc)
[...]
20010000  __STACK_END                                                                                                                                                                              
20010000  _sys_memory                                                                                                                                                                              
20020148  _ZNSt3__24coutE                                                                                                                                                                          
2002019c  _ZNSt3__25wcoutE                                                                                                                                                                         
200201f0  _ZNSt3__24cerrE                                                                                                                                                                          
20020244  _ZNSt3__25wcerrE                                                                                                                                                                         
20020298  _ZNSt3__24clogE                                                                                                                                                                          
200202ec  _ZNSt3__25wclogE                                                                                                                                                                         
20020340  _ZNSt3__23cinE                                                                                                                                                                           
20020398  _ZNSt3__24wcinE                                                                                                                                                                          
200203f0  __CIOBUF_                                                                                                                                                                                
20020510  _ZZNSt3__234_GLOBAL__N__10_locale_cpp_a71832034makeINS_6locale5__impEjEERT_T0_E3buf                                                                                                      
200205b0  __TI_tmpnams                                                                                                                                                                             
2002093c  _ZN13CommandCenter22CommandCenterInstance_E                                                                                                                                              
20020940  _ZZNSt3__234_GLOBAL__N__10_locale_cpp_a71832034makeINS_8numpunctIcEEjEERT_T0_E3buf                                                                                                       
20020958  _ZZNSt3__234_GLOBAL__N__10_locale_cpp_a71832034makeINS_8numpunctIwEEjEERT_T0_E3buf                                                                                                       
20020970  _ZZNSt3__234_GLOBAL__N__10_locale_cpp_a71832034makeINS_5ctypeIcEEDnbjEERT_T0_T1_T2_E3buf                                                                                                 
20020980  _ZZNSt3__234_GLOBAL__N__10_locale_cpp_a71832034makeINS_7codecvtIwciEEjEERT_T0_E3buf                                                                                                      
20020990  _ZZNSt3__234_GLOBAL__N__10_locale_cpp_a71832034makeINS_8time_getIcNS_19istreambuf_iteratorIcNS_11char_traitsIcEEEEEEjEERT_T0_E3buf                                                       
200209a0  _ZZNSt3__234_GLOBAL__N__10_locale_cpp_a71832034makeINS_8time_getIwNS_19istreambuf_iteratorIwNS_11char_traitsIwEEEEEEjEERT_T0_E3buf                                                       
200209b0  _ZZNSt3__234_GLOBAL__N__10_locale_cpp_a71832034makeINS_8time_putIcNS_19ostreambuf_iteratorIcNS_11char_traitsIcEEEEEEjEERT_T0_E3buf                                                       
200209c0  _ZZNSt3__234_GLOBAL__N__10_locale_cpp_a71832034makeINS_8time_putIwNS_19ostreambuf_iteratorIwNS_11char_traitsIwEEEEEEjEERT_T0_E3buf                                                       
20020a30  _ZZNSt3__234_GLOBAL__N__10_locale_cpp_a71832034makeINS_10moneypunctIcLb0EEEjEERT_T0_E3buf                                                                                                
20020a38  _ZZNSt3__234_GLOBAL__N__10_locale_cpp_a71832034makeINS_10moneypunctIcLb1EEEjEERT_T0_E3buf                                                                                                
20020a40  _ZZNSt3__234_GLOBAL__N__10_locale_cpp_a71832034makeINS_10moneypunctIwLb0EEEjEERT_T0_E3buf                                                                                                
20020a48  _ZZNSt3__234_GLOBAL__N__10_locale_cpp_a71832034makeINS_10moneypunctIwLb1EEEjEERT_T0_E3buf                                                                                                
20020a50  _ZZNSt3__234_GLOBAL__N__10_locale_cpp_a71832034makeINS_5ctypeIwEEjEERT_T0_E3buf                                                                                                          
20020a58  _ZZNSt3__234_GLOBAL__N__10_locale_cpp_a71832034makeINS_7codecvtIDiciEEjEERT_T0_E3buf                                                                                                     
20020a60  _ZZNSt3__234_GLOBAL__N__10_locale_cpp_a71832034makeINS_7codecvtIDsciEEjEERT_T0_E3buf                                                                                                     
20020a68  _ZZNSt3__234_GLOBAL__N__10_locale_cpp_a71832034makeINS_7codecvtIcciEEjEERT_T0_E3buf                                                                                                      
20020a70  _ZZNSt3__234_GLOBAL__N__10_locale_cpp_a71832034makeINS_7collateIcEEjEERT_T0_E3buf                                                                                                        
20020a78  _ZZNSt3__234_GLOBAL__N__10_locale_cpp_a71832034makeINS_7collateIwEEjEERT_T0_E3buf                                                                                                        
20020a80  _ZZNSt3__234_GLOBAL__N__10_locale_cpp_a71832034makeINS_7num_getIcNS_19istreambuf_iteratorIcNS_11char_traitsIcEEEEEEjEERT_T0_E3buf                                                        
20020a88  _ZZNSt3__234_GLOBAL__N__10_locale_cpp_a71832034makeINS_7num_getIwNS_19istreambuf_iteratorIwNS_11char_traitsIwEEEEEEjEERT_T0_E3buf                                                        
20020a90  _ZZNSt3__234_GLOBAL__N__10_locale_cpp_a71832034makeINS_7num_putIcNS_19ostreambuf_iteratorIcNS_11char_traitsIcEEEEEEjEERT_T0_E3buf                                                        
20020a98  _ZZNSt3__234_GLOBAL__N__10_locale_cpp_a71832034makeINS_7num_putIwNS_19ostreambuf_iteratorIwNS_11char_traitsIwEEEEEEjEERT_T0_E3buf                                                        
20020aa0  _ZZNSt3__234_GLOBAL__N__10_locale_cpp_a71832034makeINS_8messagesIcEEjEERT_T0_E3buf                                                                                                       
20020aa8  _ZZNSt3__234_GLOBAL__N__10_locale_cpp_a71832034makeINS_8messagesIwEEjEERT_T0_E3buf                                                                                                       
20020ab0  _ZZNSt3__234_GLOBAL__N__10_locale_cpp_a71832034makeINS_9money_getIcNS_19istreambuf_iteratorIcNS_11char_traitsIcEEEEEEjEERT_T0_E3buf                                                      
20020ab8  _ZZNSt3__234_GLOBAL__N__10_locale_cpp_a71832034makeINS_9money_getIwNS_19istreambuf_iteratorIwNS_11char_traitsIwEEEEEEjEERT_T0_E3buf                                                      
20020ac0  _ZZNSt3__234_GLOBAL__N__10_locale_cpp_a71832034makeINS_9money_putIcNS_19ostreambuf_iteratorIcNS_11char_traitsIcEEEEEEjEERT_T0_E3buf                                                      
20020ac8  _ZZNSt3__234_GLOBAL__N__10_locale_cpp_a71832034makeINS_9money_putIwNS_19ostreambuf_iteratorIwNS_11char_traitsIwEEEEEEjEERT_T0_E3buf                                                      
20020ad0  parmbuf                                                                                                                                                                                  
20020ad8  _ZN11ISRMsgMaker20ISRMsgMakerInstance_E                                                                                                                                                  
20020adc  _ZN7Monitor16MonitorInstance_E                                                                                                                                                           
20020ae0  _ZN13SysTickDriver22SysTickDriverInstance_E                                                                                                                                              
20020ae4  _ZN11TimeHandler20TimeHandlerInstance_E                                                                                                                                                  
20020ae8  _ZN11UART0Driver20UART0DriverInstance_E                                                                                                                                                  
20020af0  __dso_handle                                                                                                                                                                             
20020af4  _ZNSt3__219__start_std_streamsE                                                                                                                                                          
20020af8  _ZNSt3__26locale2id9__next_idE                                                                                                                                                           
20020b84  _ZNSt3__25ctypeIwE2idE                                                                                                                                                                   
20020b8c  _ZNSt3__25ctypeIcE2idE                                                                                                                                                                   
20020b94  _ZNSt3__27codecvtIcciE2idE                                                                                                                                                               
20020b9c  _ZNSt3__27codecvtIwciE2idE                                                                                                                                                               
20020ba4  _ZNSt3__27codecvtIDsciE2idE                                                                                                                                                              
20020bac  _ZNSt3__27codecvtIDiciE2idE                                                                                                                                                              
20020bb4  _ZNSt3__28numpunctIcE2idE                                                                                                                                                                
20020bbc  _ZNSt3__28numpunctIwE2idE                                                                                                                                                                
200211f4  _ftable                                                                                                                                                                                  
200212e4  _device                                                                                                                                                                                  
2002135c  _stream                                                                                                                                                                                  
200213ac  _tz                                                                                                                                                                                      
200213bc  __TI_ft_end                                                                                                                                                                              
200213c0  __aeabi_stdin                                                                                                                                                                            
200213c4  __aeabi_stdout                                                                                                                                                                           
200213c8  __aeabi_stderr                                                                                                                                                                           
200213cc  __TI_cleanup_ptr                                                                                                                                                                         
200213d0  __TI_dtors_ptr                                                                                                                                                                           
200213d4  __TI_enable_exit_profile_output                                                                                                                                                          
200213e4  _lock                                                                                                                                                                                    
200213e8  _unlock                                                                                                                                                                                  
200213ec  _ZNSt3__210moneypunctIcLb0EE2idE                                                                                                                                                         
200213f4  _ZNSt3__210moneypunctIcLb1EE2idE                                                                                                                                                         
200213fc  _ZNSt3__210moneypunctIwLb0EE2idE                                                                                                                                                         
20021404  _ZNSt3__210moneypunctIwLb1EE2idE                                                                                                                                                         
2002140c  _ZNSt3__27collateIcE2idE                                                                                                                                                                 
20021414  _ZNSt3__27collateIwE2idE                                                                                                                                                                 
2002141c  _ZNSt3__27num_getIcNS_19istreambuf_iteratorIcNS_11char_traitsIcEEEEE2idE                                                                                                                 
20021424  _ZNSt3__27num_getIwNS_19istreambuf_iteratorIwNS_11char_traitsIwEEEEE2idE                                                                                                                 
2002142c  _ZNSt3__27num_putIcNS_19ostreambuf_iteratorIcNS_11char_traitsIcEEEEE2idE                                                                                                                 
20021434  _ZNSt3__27num_putIwNS_19ostreambuf_iteratorIwNS_11char_traitsIwEEEEE2idE                                                                                                                 
2002143c  _ZNSt3__28messagesIcE2idE                                                                                                                                                                
20021444  _ZNSt3__28messagesIwE2idE                                                                                                                                                                
2002144c  _ZNSt3__28time_getIcNS_19istreambuf_iteratorIcNS_11char_traitsIcEEEEE2idE                                                                                                                
20021454  _ZNSt3__28time_getIwNS_19istreambuf_iteratorIwNS_11char_traitsIwEEEEE2idE                                                                                                                
2002145c  _ZNSt3__28time_putIcNS_19ostreambuf_iteratorIcNS_11char_traitsIcEEEEE2idE                                                                                                                
20021464  _ZNSt3__28time_putIwNS_19ostreambuf_iteratorIwNS_11char_traitsIwEEEEE2idE                                                                                                                
2002146c  _ZNSt3__29money_getIcNS_19istreambuf_iteratorIcNS_11char_traitsIcEEEEE2idE                                                                                                               
20021474  _ZNSt3__29money_getIwNS_19istreambuf_iteratorIwNS_11char_traitsIwEEEEE2idE                                                                                                               
2002147c  _ZNSt3__29money_putIcNS_19ostreambuf_iteratorIcNS_11char_traitsIcEEEEE2idE                                                                                                               
20021484  _ZNSt3__29money_putIwNS_19ostreambuf_iteratorIwNS_11char_traitsIwEEEEE2idE                                                                                                               
20021490  errno                                                                                                                                                                                    
ffffffff  __TI_pprof_out_hndl                                                                                                                                                                      
ffffffff  __TI_prof_data_size                                                                                                                                                                      
ffffffff  __TI_prof_data_start                                                                                                                                                                     
ffffffff  __binit__                                                                                                                                                                                
ffffffff  __c_args__                                                                                                                                                                               
ffffffff  binit                                                                                                                                                                                    
UNDEFED   __mpu_init                                                                                                                                                                               
UNDEFED   _system_post_cinit                                                                                                                                                                       

[1250 symbols]
