******************************************************************************
                  TI ARM Linker PC v18.1.2                     
******************************************************************************
>> Linked Tue Nov 13 10:28:31 2018

OUTPUT FILE NAME:   <OgierGrove.out>
ENTRY POINT SYMBOL: "_c_int00_noargs"  address: 000185f5


MEMORY CONFIGURATION

         name            origin    length      used     unused   attr    fill
----------------------  --------  ---------  --------  --------  ----  --------
  FLASH                 00000000   00100000  0001d4f4  000e2b0c  R  X
  SRAM                  20000000   00040000  00031e32  0000e1ce  RW X


SEGMENT ALLOCATION MAP

run origin  load origin   length   init length attrs members
----------  ----------- ---------- ----------- ----- -------
00000000    00000000    0001d4f8   0001d4f8    r-x
  00000000    00000000    00000208   00000208    r-- .intvecs
  00000208    00000208    0001b13c   0001b13c    r-x .text
  0001b348    0001b348    000020b4   000020b4    r-- .const
  0001d3fc    0001d3fc    0000003c   0000003c    r-- .init_array
  0001d438    0001d438    000000c0   000000c0    r-- .cinit
20000000    20000000    00031e34   00000000    rw-
  20000000    20000000    00020000   00000000    rw- .sysmem
  20020000    20020000    00010000   00000000    rw- .stack
  20030000    20030000    00001422   00000000    rw- .bss
  20031424    20031424    00000a10   00000000    rw- .data


SECTION ALLOCATION MAP

 output                                  attributes/
section   page    origin      length       input sections
--------  ----  ----------  ----------   ----------------
.intvecs   0    00000000    00000208     
                  00000000    00000208     tm4c1294ncpdt_startup_ccs.obj (.intvecs)

.text      0    00000208    0001b13c     
                  00000208    00000af0     rtsv7M4_T_le_v4SPD16_eabi.lib : _scanfi.c.obj (.text:__TI_scanfi)
                  00000cf8    00000aa4     ComandCenter.obj (.text)
                  0000179c    00000a5e     rtsv7M4_T_le_v4SPD16_eabi.lib : _printfi.c.obj (.text:__TI_printfi)
                  000021fa    00000002                                   : string.cpp.obj (.text:_ZNKSt3__222__compressed_pair_elemINS_12basic_stringIwNS_11char_traitsIwEENS_9allocatorIwEEE5__repELi0ELb0EE5__getEv)
                  000021fc    00000956                                   : locale.cpp.obj (.text:_ZNSt3__29money_getIcNS_19istreambuf_iteratorIcNS_11char_traitsIcEEEEE8__do_getERS4_S4_bRKNS_6localeEjRjRbRKNS_5ctypeIcEERNS_10unique_ptrIcPFvPvEEERPcSM_)
                  00002b52    00000002                                   : locale.cpp.obj (.text:_ZNKSt3__28messagesIcE8do_closeEi)
                  00002b54    000008e0     TimeHandler.obj (.text)
                  00003434    00000870     rtsv7M4_T_le_v4SPD16_eabi.lib : locale.cpp.obj (.text:_ZNSt3__29money_getIwNS_19istreambuf_iteratorIwNS_11char_traitsIwEEEEE8__do_getERS4_S4_bRKNS_6localeEjRjRbRKNS_5ctypeIwEERNS_10unique_ptrIwPFvPvEEERPwSM_)
                  00003ca4    000007f8     OperatingSystem.obj (.text)
                  0000449c    0000078c     Processes.obj (.text)
                  00004c28    00000714     Monitor.obj (.text)
                  0000533c    000005f4     KernelCalls.obj (.text)
                  00005930    00000464     rtsv7M4_T_le_v4SPD16_eabi.lib : strftime.c.obj (.text:strftime)
                  00005d94    00000460                                   : locale.cpp.obj (.text:_ZNSt3__26locale5__impC1Ej)
                  000061f4    00000460                                   : strtod.c.obj (.text:strtod)
                  00006654    000003c8                                   : strtof.c.obj (.text:strtof)
                  00006a1c    000003bc     UART0Driver.obj (.text)
                  00006dd8    000003b0     rtsv7M4_T_le_v4SPD16_eabi.lib : locale.cpp.obj (.text:_ZNSt3__211__money_getIcE13__gather_infoEbRKNS_6localeERNS_10money_base7patternERcS8_RNS_12basic_stringIcNS_11char_traitsIcEENS_9allocatorIcEEEESF_SF_SF_Ri)
                  00007188    000003b0                                   : locale.cpp.obj (.text:_ZNSt3__211__money_getIwE13__gather_infoEbRKNS_6localeERNS_10money_base7patternERwS8_RNS_12basic_stringIcNS_11char_traitsIcEENS_9allocatorIcEEEERNS9_IwNSA_IwEENSC_IwEEEESJ_SJ_Ri)
                  00007538    00000348                                   : locale.cpp.obj (.text:_ZNSt3__211__money_putIcE13__gather_infoEbbRKNS_6localeERNS_10money_base7patternERcS8_RNS_12basic_stringIcNS_11char_traitsIcEENS_9allocatorIcEEEESF_SF_Ri)
                  00007880    00000348                                   : locale.cpp.obj (.text:_ZNSt3__211__money_putIwE13__gather_infoEbbRKNS_6localeERNS_10money_base7patternERwS8_RNS_12basic_stringIcNS_11char_traitsIcEENS_9allocatorIcEEEERNS9_IwNSA_IwEENSC_IwEEEESJ_Ri)
                  00007bc8    00000324     Kernel.obj (.text)
                  00007eec    000002fc     rtsv7M4_T_le_v4SPD16_eabi.lib : locale.cpp.obj (.text:_ZNKSt3__28time_getIcNS_19istreambuf_iteratorIcNS_11char_traitsIcEEEEE6do_getES4_S4_RNS_8ios_baseERjP2tmcc)
                  000081e8    000002f8                                   : locale.cpp.obj (.text:_ZNKSt3__28time_getIwNS_19istreambuf_iteratorIwNS_11char_traitsIwEEEEE6do_getES4_S4_RNS_8ios_baseERjP2tmcc)
                  000084e0    000002c4     ISRMsgHandler.obj (.text)
                  000087a4    000002c0     ProcessCalls.obj (.text)
                  00008a64    000002b0     PostOffice.obj (.text)
                  00008d14    000002a4     rtsv7M4_T_le_v4SPD16_eabi.lib : locale.cpp.obj (.text:_ZNSt3__211__money_putIwE8__formatEPwRS2_S3_jPKwS5_RKNS_5ctypeIwEEbRKNS_10money_base7patternEwwRKNS_12basic_stringIcNS_11char_traitsIcEENS_9allocatorIcEEEERKNSE_IwNSF_IwEENSH_IwEEEESQ_i)
                  00008fb8    000002a0     SysTickDriver.obj (.text)
                  00009258    0000029a     rtsv7M4_T_le_v4SPD16_eabi.lib : locale.cpp.obj (.text:_ZNSt3__211__money_putIcE8__formatEPcRS2_S3_jPKcS5_RKNS_5ctypeIcEEbRKNS_10money_base7patternEccRKNS_12basic_stringIcNS_11char_traitsIcEENS_9allocatorIcEEEESL_SL_i)
                  000094f2    00000002                                   : locale.cpp.obj (.text:_ZNKSt3__28messagesIwE8do_closeEi)
                  000094f4    00000294                                   : iostream.cpp.obj (.text:_ZNSt3__28ios_base4InitC1Ev)
                  00009788    00000278                                   : locale.cpp.obj (.text:_ZNKSt3__220__time_get_c_storageIwE8__monthsEv)
                  00009a00    00000274                                   : locale.cpp.obj (.text:_ZNKSt3__29money_getIcNS_19istreambuf_iteratorIcNS_11char_traitsIcEEEEE6do_getES4_S4_bRNS_8ios_baseERjRNS_12basic_stringIcS3_NS_9allocatorIcEEEE)
                  00009c74    00000274                                   : locale.cpp.obj (.text:_ZNSt3__29__num_putIwE23__widen_and_group_floatEPcS2_S2_PwRS3_S4_RKNS_6localeE)
                  00009ee8    00000270                                   : _printfi.c.obj (.text:_pconv_a)
                  0000a158    00000268                                   : locale.cpp.obj (.text:_ZNSt3__29__num_putIcE23__widen_and_group_floatEPcS2_S2_S2_RS2_S3_RKNS_6localeE)
                  0000a3c0    00000250                                   : locale.cpp.obj (.text:_ZNKSt3__29money_putIwNS_19ostreambuf_iteratorIwNS_11char_traitsIwEEEEE6do_putES4_bRNS_8ios_baseEwe)
                  0000a610    00000248                                   : locale.cpp.obj (.text:_ZNKSt3__29money_getIwNS_19istreambuf_iteratorIwNS_11char_traitsIwEEEEE6do_getES4_S4_bRNS_8ios_baseERjRNS_12basic_stringIwS3_NS_9allocatorIwEEEE)
                  0000a858    0000023c                                   : locale.cpp.obj (.text:_ZNKSt3__29money_putIcNS_19ostreambuf_iteratorIcNS_11char_traitsIcEEEEE6do_putES4_bRNS_8ios_baseEce)
                  0000aa94    000001fc                                   : locale.cpp.obj (.text:_ZNKSt3__220__time_get_c_storageIcE8__monthsEv)
                  0000ac90    000001f8                                   : locale.cpp.obj (.text:_ZNKSt3__29money_putIwNS_19ostreambuf_iteratorIwNS_11char_traitsIwEEEEE6do_putES4_bRNS_8ios_baseEwRKNS_12basic_stringIwS3_NS_9allocatorIwEEEE)
                  0000ae88    000001f4                                   : locale.cpp.obj (.text:_ZNKSt3__29money_putIcNS_19ostreambuf_iteratorIcNS_11char_traitsIcEEEEE6do_putES4_bRNS_8ios_baseEcRKNS_12basic_stringIcS3_NS_9allocatorIcEEEE)
                  0000b07c    000001f0                                   : locale.cpp.obj (.text:_ZNSt3__214__scan_keywordINS_19istreambuf_iteratorIcNS_11char_traitsIcEEEEPKNS_12basic_stringIcS3_NS_9allocatorIcEEEENS_5ctypeIcEEEET0_RT_SE_SD_SD_RKT1_Rjb)
                  0000b26c    000001ee     TaskScheduler.obj (.text)
                  0000b45a    00000002     rtsv7M4_T_le_v4SPD16_eabi.lib : locale.cpp.obj (.text:_ZNSt3__212__do_nothingEPv)
                  0000b45c    000001ec     GlobalConfig.obj (.text)
                  0000b648    000001ec     rtsv7M4_T_le_v4SPD16_eabi.lib : locale.cpp.obj (.text:_ZNSt3__214__scan_keywordINS_19istreambuf_iteratorIwNS_11char_traitsIwEEEEPKNS_12basic_stringIwS3_NS_9allocatorIwEEEENS_5ctypeIwEEEET0_RT_SE_SD_SD_RKT1_Rjb)
                  0000b834    000001dc     PCBList.obj (.text:_ZNSt3__215basic_stringbufIcNS_11char_traitsIcEENS_9allocatorIcEEE7seekoffExNS_8ios_base7seekdirEj)
                  0000ba10    000001dc     rtsv7M4_T_le_v4SPD16_eabi.lib : strtoll.c.obj (.text:strtoll)
                  0000bbec    000001d8                                   : locale.cpp.obj (.text:_ZNKSt3__27num_getIwNS_19istreambuf_iteratorIwNS_11char_traitsIwEEEEE15__do_get_signedIlEES4_S4_S4_RNS_8ios_baseERjRT_)
                  0000bdc4    000001d8                                   : locale.cpp.obj (.text:_ZNKSt3__27num_getIwNS_19istreambuf_iteratorIwNS_11char_traitsIwEEEEE15__do_get_signedIxEES4_S4_S4_RNS_8ios_baseERjRT_)
                  0000bf9c    000001d8                                   : locale.cpp.obj (.text:_ZNKSt3__27num_getIwNS_19istreambuf_iteratorIwNS_11char_traitsIwEEEEE17__do_get_unsignedIjEES4_S4_S4_RNS_8ios_baseERjRT_)
                  0000c174    000001d8                                   : locale.cpp.obj (.text:_ZNKSt3__27num_getIwNS_19istreambuf_iteratorIwNS_11char_traitsIwEEEEE17__do_get_unsignedImEES4_S4_S4_RNS_8ios_baseERjRT_)
                  0000c34c    000001d8                                   : locale.cpp.obj (.text:_ZNKSt3__27num_getIwNS_19istreambuf_iteratorIwNS_11char_traitsIwEEEEE17__do_get_unsignedItEES4_S4_S4_RNS_8ios_baseERjRT_)
                  0000c524    000001d8                                   : locale.cpp.obj (.text:_ZNKSt3__27num_getIwNS_19istreambuf_iteratorIwNS_11char_traitsIwEEEEE17__do_get_unsignedIyEES4_S4_S4_RNS_8ios_baseERjRT_)
                  0000c6fc    000001d0                                   : locale.cpp.obj (.text:_ZN32_INTERNAL_10_locale_cpp_a7183203St3__213utf8_to_utf16EPKhS1_RS1_PtS3_RS3_mNS_12codecvt_modeE)
                  0000c8cc    000001d0                                   : _printfi.c.obj (.text:_pconv_g)
                  0000ca9c    000001cc                                   : locale.cpp.obj (.text:_ZNSt3__29__num_putIwE21__widen_and_group_intEPcS2_S2_PwRS3_S4_RKNS_6localeE)
                  0000cc68    000001c8                                   : locale.cpp.obj (.text:_ZNSt3__29__num_putIcE21__widen_and_group_intEPcS2_S2_S2_RS2_S3_RKNS_6localeE)
                  0000ce30    000001c4                                   : locale.cpp.obj (.text:_ZNKSt3__27num_getIwNS_19istreambuf_iteratorIwNS_11char_traitsIwEEEEE6do_getES4_S4_RNS_8ios_baseERjRPv)
                  0000cff4    000001b6                                   : fd_add_t2.asm.obj (.text)
                  0000d1aa    00000002                                   : memory.cpp.obj (.text:_ZNSt3__214__shared_countD1Ev)
                  0000d1ac    000001b0                                   : locale.cpp.obj (.text:_ZNKSt3__220__time_get_c_storageIwE7__weeksEv)
                  0000d35c    000001b0                                   : locale.cpp.obj (.text:_ZNKSt3__27num_getIcNS_19istreambuf_iteratorIcNS_11char_traitsIcEEEEE15__do_get_signedIxEES4_S4_S4_RNS_8ios_baseERjRT_)
                  0000d50c    000001b0                                   : locale.cpp.obj (.text:_ZNKSt3__27num_getIcNS_19istreambuf_iteratorIcNS_11char_traitsIcEEEEE17__do_get_unsignedIyEES4_S4_S4_RNS_8ios_baseERjRT_)
                  0000d6bc    000001b0                                   : locale.cpp.obj (.text:_ZNKSt3__27num_getIcNS_19istreambuf_iteratorIcNS_11char_traitsIcEEEEE6do_getES4_S4_RNS_8ios_baseERjRPv)
                  0000d86c    000001ac                                   : locale.cpp.obj (.text:_ZNKSt3__27num_getIcNS_19istreambuf_iteratorIcNS_11char_traitsIcEEEEE15__do_get_signedIlEES4_S4_S4_RNS_8ios_baseERjRT_)
                  0000da18    000001ac                                   : locale.cpp.obj (.text:_ZNKSt3__27num_getIcNS_19istreambuf_iteratorIcNS_11char_traitsIcEEEEE17__do_get_unsignedIjEES4_S4_S4_RNS_8ios_baseERjRT_)
                  0000dbc4    000001ac                                   : locale.cpp.obj (.text:_ZNKSt3__27num_getIcNS_19istreambuf_iteratorIcNS_11char_traitsIcEEEEE17__do_get_unsignedImEES4_S4_S4_RNS_8ios_baseERjRT_)
                  0000dd70    000001ac                                   : locale.cpp.obj (.text:_ZNKSt3__27num_getIcNS_19istreambuf_iteratorIcNS_11char_traitsIcEEEEE17__do_get_unsignedItEES4_S4_S4_RNS_8ios_baseERjRT_)
                  0000df1c    000001ac                                   : locale.cpp.obj (.text:_ZNKSt3__27num_getIcNS_19istreambuf_iteratorIcNS_11char_traitsIcEEEEE23__do_get_floating_pointIdEES4_S4_S4_RNS_8ios_baseERjRT_)
                  0000e0c8    000001ac                                   : locale.cpp.obj (.text:_ZNKSt3__27num_getIcNS_19istreambuf_iteratorIcNS_11char_traitsIcEEEEE23__do_get_floating_pointIeEES4_S4_S4_RNS_8ios_baseERjRT_)
                  0000e274    000001aa                                   : locale.cpp.obj (.text:_ZNKSt3__27num_getIwNS_19istreambuf_iteratorIwNS_11char_traitsIwEEEEE23__do_get_floating_pointIdEES4_S4_S4_RNS_8ios_baseERjRT_)
                  0000e41e    000001aa                                   : locale.cpp.obj (.text:_ZNKSt3__27num_getIwNS_19istreambuf_iteratorIwNS_11char_traitsIwEEEEE23__do_get_floating_pointIeEES4_S4_S4_RNS_8ios_baseERjRT_)
                  0000e5c8    000001a8                                   : locale.cpp.obj (.text:_ZNKSt3__27num_getIcNS_19istreambuf_iteratorIcNS_11char_traitsIcEEEEE23__do_get_floating_pointIfEES4_S4_S4_RNS_8ios_baseERjRT_)
                  0000e770    000001a6                                   : locale.cpp.obj (.text:_ZNKSt3__27num_getIwNS_19istreambuf_iteratorIwNS_11char_traitsIwEEEEE23__do_get_floating_pointIfEES4_S4_S4_RNS_8ios_baseERjRT_)
                  0000e916    00000002                                   : ios.cpp.obj (.text:_ZNSt3__215basic_streambufIcNS_11char_traitsIcEEE5imbueERKNS_6localeE)
                  0000e918    000001a4     Glue.obj (.text)
                  0000eabc    00000194     main.obj (.text)
                  0000ec50    00000190     rtsv7M4_T_le_v4SPD16_eabi.lib : locale.cpp.obj (.text:_ZNKSt3__28time_getIwNS_19istreambuf_iteratorIwNS_11char_traitsIwEEEEE3getES4_S4_RNS_8ios_baseERjP2tmPKwSC_)
                  0000ede0    00000184                                   : locale.cpp.obj (.text:_ZNKSt3__28time_getIcNS_19istreambuf_iteratorIcNS_11char_traitsIcEEEEE3getES4_S4_RNS_8ios_baseERjP2tmPKcSC_)
                  0000ef64    00000182                                   : locale.cpp.obj (.text:_ZN32_INTERNAL_10_locale_cpp_a7183203St3__212utf8_to_ucs4EPKhS1_RS1_PjS3_RS3_mNS_12codecvt_modeE)
                  0000f0e6    00000002                                   : ios.cpp.obj (.text:_ZNSt3__215basic_streambufIcNS_11char_traitsIcEEE6setbufEPci)
                  0000f0e8    00000180                                   : locale.cpp.obj (.text:_ZNKSt3__29money_getIcNS_19istreambuf_iteratorIcNS_11char_traitsIcEEEEE6do_getES4_S4_bRNS_8ios_baseERjRe)
                  0000f268    00000180                                   : fwrite.c.obj (.text:fwrite)
                  0000f3e8    00000174                                   : locale.cpp.obj (.text:_ZN32_INTERNAL_10_locale_cpp_a7183203St3__213utf16_to_utf8EPKtS1_RS1_PhS3_RS3_mNS_12codecvt_modeE)
                  0000f55c    0000016e     PCBList.obj (.text)
                  0000f6ca    00000002     rtsv7M4_T_le_v4SPD16_eabi.lib : ios.cpp.obj (.text:_ZNSt3__215basic_streambufIwNS_11char_traitsIwEEE5imbueERKNS_6localeE)
                  0000f6cc    0000015c                                   : locale.cpp.obj (.text:_ZNKSt3__220__time_get_c_storageIcE7__weeksEv)
                  0000f828    0000015c                                   : strtoull.c.obj (.text:strtoull)
                  0000f984    0000014c                                   : locale.cpp.obj (.text:_ZNSt3__29__num_getIwE19__stage2_float_loopEwRbRcPcRS4_wwRKNS_12basic_stringIcNS_11char_traitsIcEENS_9allocatorIcEEEEPjRSE_RjPw)
                  0000fad0    00000148                                   : locale.cpp.obj (.text:_ZN32_INTERNAL_10_locale_cpp_a7183203St3__220utf8_to_utf16_lengthEPKhS1_jmNS_12codecvt_modeE)
                  0000fc18    00000148                                   : locale.cpp.obj (.text:_ZNSt3__29__num_getIcE19__stage2_float_loopEcRbRcPcRS4_ccRKNS_12basic_stringIcNS_11char_traitsIcEENS_9allocatorIcEEEEPjRSE_RjS4_)
                  0000fd60    00000140                                   : locale.cpp.obj (.text:_ZNKSt3__27num_putIcNS_19ostreambuf_iteratorIcNS_11char_traitsIcEEEEE6do_putES4_RNS_8ios_baseEcd)
                  0000fea0    00000140                                   : locale.cpp.obj (.text:_ZNKSt3__27num_putIwNS_19ostreambuf_iteratorIwNS_11char_traitsIwEEEEE6do_putES4_RNS_8ios_baseEwe)
                  0000ffe0    0000013e                                   : locale.cpp.obj (.text:_ZN32_INTERNAL_10_locale_cpp_a7183203St3__219utf8_to_ucs4_lengthEPKhS1_jmNS_12codecvt_modeE)
                  0001011e    00000002                                   : ios.cpp.obj (.text:_ZNSt3__215basic_streambufIwNS_11char_traitsIwEEE6setbufEPwi)
                  00010120    0000013c                                   : locale.cpp.obj (.text:_ZNKSt3__27num_putIcNS_19ostreambuf_iteratorIcNS_11char_traitsIcEEEEE6do_putES4_RNS_8ios_baseEce)
                  0001025c    0000013c                                   : locale.cpp.obj (.text:_ZNKSt3__27num_putIwNS_19ostreambuf_iteratorIwNS_11char_traitsIwEEEEE6do_putES4_RNS_8ios_baseEwd)
                  00010398    0000013c                                   : locale.cpp.obj (.text:_ZNKSt3__29money_getIwNS_19istreambuf_iteratorIwNS_11char_traitsIwEEEEE6do_getES4_S4_bRNS_8ios_baseERjRe)
                  000104d4    0000013c                                   : _printfi.c.obj (.text:_pconv_e)
                  00010610    00000136                                   : fd_div_t2.asm.obj (.text)
                  00010746    00000002                                   : string.cpp.obj (.text:_ZNSt3__222__compressed_pair_elemINS_12basic_stringIwNS_11char_traitsIwEENS_9allocatorIwEEE5__repELi0ELb0EE5__getEv)
                  00010748    00000134                                   : vla_alloc.c.obj (.text:__vla_alloc)
                  0001087c    00000130                                   : strtol.c.obj (.text:strtol)
                  000109ac    0000012c                                   : locale.cpp.obj (.text:_ZNKSt3__27codecvtIwciE5do_inERiPKcS4_RS4_PwS6_RS6_)
                  00010ad8    00000120                                   : _printfi.c.obj (.text:fcvt)
                  00010bf8    0000011c                                   : locale.cpp.obj (.text:_ZNSt3__216__pad_and_outputIwNS_11char_traitsIwEEEENS_19ostreambuf_iteratorIT_T0_EES6_PKS4_S8_S8_RNS_8ios_baseES4_)
                  00010d14    00000118                                   : locale.cpp.obj (.text:_ZNKSt3__27codecvtIwciE6do_outERiPKwS4_RS4_PcS6_RS6_)
                  00010e2c    00000114                                   : iostream.cpp.obj (.text:_ZNSt3__210__stdinbufIwE9__getcharEb)
                  00010f40    00000114                                   : string.cpp.obj (.text:_ZNSt3__212basic_stringIwNS_11char_traitsIwEENS_9allocatorIwEEE7reserveEj)
                  00011054    00000114                                   : fputs.c.obj (.text:fputs)
                  00011168    00000114                                   : memory.c.obj (.text:realloc)
                  0001127c    00000110                                   : iostream.cpp.obj (.text:_ZNSt3__210__stdinbufIcE9__getcharEb)
                  0001138c    00000110     PCBList.obj (.text:_ZNSt3__215basic_stringbufIcNS_11char_traitsIcEENS_9allocatorIcEEE8overflowEi)
                  0001149c    00000110     rtsv7M4_T_le_v4SPD16_eabi.lib : s_scalbn.c.obj (.text:scalbn)
                  000115ac    00000110                                   : strtoul.c.obj (.text:strtoul)
                  000116bc    0000010c                                   : string.cpp.obj (.text:_ZNSt3__212basic_stringIwNS_11char_traitsIwEENS_9allocatorIwEEE21__grow_by_and_replaceEjjjjjjPKw)
                  000117c8    000000fe                                   : locale.cpp.obj (.text:_ZN32_INTERNAL_10_locale_cpp_a7183203St3__212ucs4_to_utf8EPKjS1_RS1_PhS3_RS3_mNS_12codecvt_modeE)
                  000118c6    000000fc                                   : fd_mul_t2.asm.obj (.text)
                  000119c2    000000f2                                   : string.cpp.obj (.text:_ZNSt3__212basic_stringIcNS_11char_traitsIcEENS_9allocatorIcEEE7reserveEj)
                  00011ab4    000000f0                                   : string.cpp.obj (.text:_ZNSt3__212basic_stringIcNS_11char_traitsIcEENS_9allocatorIcEEE21__grow_by_and_replaceEjjjjjjPKc)
                  00011ba4    000000f0     PCBList.obj (.text:_ZNSt3__215basic_stringbufIcNS_11char_traitsIcEENS_9allocatorIcEEE3strERKNS_12basic_stringIcS2_S4_EE)
                  00011c94    000000ee     rtsv7M4_T_le_v4SPD16_eabi.lib : locale.cpp.obj (.text:_ZNSt3__220__get_up_to_n_digitsIwNS_19istreambuf_iteratorIwNS_11char_traitsIwEEEEEEiRT0_S5_RjRKNS_5ctypeIT_EEi)
                  00011d82    00000002                                   : string.cpp.obj (.text:_ZNSt3__222__compressed_pair_elemINS_9allocatorIcEELi1ELb1EEC1IS2_vEEOT_)
                  00011d84    000000ec                                   : locale.cpp.obj (.text:_ZNSt3__29__num_getIcE17__stage2_int_loopEciPcRS2_RjcRKNS_12basic_stringIcNS_11char_traitsIcEENS_9allocatorIcEEEEPjRSD_PKc)
                  00011e70    000000ec                                   : locale.cpp.obj (.text:_ZNSt3__29__num_getIwE17__stage2_int_loopEwiPcRS2_RjwRKNS_12basic_stringIcNS_11char_traitsIcEENS_9allocatorIcEEEEPjRSD_PKw)
                  00011f5c    000000e8                                   : locale.cpp.obj (.text:_ZNKSt3__220__time_get_c_storageIwE3__cEv)
                  00012044    000000e4                                   : locale.cpp.obj (.text:_ZNSt3__220__get_up_to_n_digitsIcNS_19istreambuf_iteratorIcNS_11char_traitsIcEEEEEEiRT0_S5_RjRKNS_5ctypeIT_EEi)
                  00012128    000000e0                                   : locale.cpp.obj (.text:_ZNSt3__26vectorIPNS_6locale5facetENS_15__sso_allocatorIS3_Lj28EEEE8__appendEj)
                  00012208    000000dc                                   : locale.cpp.obj (.text:_ZNKSt3__27num_getIcNS_19istreambuf_iteratorIcNS_11char_traitsIcEEEEE6do_getES4_S4_RNS_8ios_baseERjRb)
                  000122e4    000000dc                                   : locale.cpp.obj (.text:_ZNKSt3__27num_getIwNS_19istreambuf_iteratorIwNS_11char_traitsIwEEEEE6do_getES4_S4_RNS_8ios_baseERjRb)
                  000123c0    000000dc                                   : setvbuf.c.obj (.text:setvbuf)
                  0001249c    000000da                                   : string.cpp.obj (.text:_ZNSt3__212basic_stringIcNS_11char_traitsIcEENS_9allocatorIcEEE6insertEjPKcj)
                  00012576    00000002                                   : string.cpp.obj (.text:_ZNSt3__222__compressed_pair_elemINS_9allocatorIwEELi1ELb1EEC1IS2_vEEOT_)
                  00012578    000000d8                                   : string.cpp.obj (.text:_ZNSt3__212basic_stringIwNS_11char_traitsIwEENS_9allocatorIwEEE9__grow_byEjjjjjj)
                  00012650    000000d8                                   : memory.c.obj (.text:free)
                  00012728    000000d6     Monitor.obj (.text:_ZNSt3__216__pad_and_outputIcNS_11char_traitsIcEEEENS_19ostreambuf_iteratorIT_T0_EES6_PKS4_S8_S8_RNS_8ios_baseES4_)
                  000127fe    00000002     rtsv7M4_T_le_v4SPD16_eabi.lib : stdlib_typeinfo.cpp.obj (.text:_ZNSt9type_infoD1Ev)
                  00012800    000000d4                                   : locale.cpp.obj (.text:_ZNKSt3__220__time_get_c_storageIwE3__rEv)
                  000128d4    000000d0                                   : locale.cpp.obj (.text:_ZNKSt3__220__time_get_c_storageIwE3__XEv)
                  000129a4    000000d0                                   : locale.cpp.obj (.text:_ZNKSt3__220__time_get_c_storageIwE3__xEv)
                  00012a74    000000d0                                   : s_scalbnf.c.obj (.text:scalbnf)
                  00012b44    000000cc                                   : locale.cpp.obj (.text:_ZNKSt3__27num_putIcNS_19ostreambuf_iteratorIcNS_11char_traitsIcEEEEE6do_putES4_RNS_8ios_baseEcx)
                  00012c10    000000cc                                   : locale.cpp.obj (.text:_ZNKSt3__27num_putIwNS_19ostreambuf_iteratorIwNS_11char_traitsIwEEEEE6do_putES4_RNS_8ios_baseEwx)
                  00012cdc    000000c8                                   : ios.cpp.obj (.text:_ZNSt3__213basic_ostreamIcNS_11char_traitsIcEEElsEi)
                  00012da4    000000c8                                   : ios.cpp.obj (.text:_ZNSt3__213basic_ostreamIcNS_11char_traitsIcEEElsEj)
                  00012e6c    000000c8                                   : ios.cpp.obj (.text:_ZNSt3__213basic_ostreamIcNS_11char_traitsIcEEElsEt)
                  00012f34    000000c4                                   : locale.cpp.obj (.text:_ZNKSt3__27num_putIcNS_19ostreambuf_iteratorIcNS_11char_traitsIcEEEEE6do_putES4_RNS_8ios_baseEcy)
                  00012ff8    000000c4                                   : locale.cpp.obj (.text:_ZNKSt3__27num_putIwNS_19ostreambuf_iteratorIwNS_11char_traitsIwEEEEE6do_putES4_RNS_8ios_baseEwy)
                  000130bc    000000c4     Monitor.obj (.text:_ZNSt3__224__put_character_sequenceIcNS_11char_traitsIcEEEERNS_13basic_ostreamIT_T0_EES7_PKS4_j)
                  00013180    000000c0     rtsv7M4_T_le_v4SPD16_eabi.lib : locale.cpp.obj (.text:_ZNKSt3__27num_putIcNS_19ostreambuf_iteratorIcNS_11char_traitsIcEEEEE6do_putES4_RNS_8ios_baseEcl)
                  00013240    000000c0                                   : locale.cpp.obj (.text:_ZNKSt3__27num_putIcNS_19ostreambuf_iteratorIcNS_11char_traitsIcEEEEE6do_putES4_RNS_8ios_baseEcm)
                  00013300    000000c0                                   : locale.cpp.obj (.text:_ZNKSt3__27num_putIwNS_19ostreambuf_iteratorIwNS_11char_traitsIwEEEEE6do_putES4_RNS_8ios_baseEwl)
                  000133c0    000000c0                                   : locale.cpp.obj (.text:_ZNKSt3__27num_putIwNS_19ostreambuf_iteratorIwNS_11char_traitsIwEEEEE6do_putES4_RNS_8ios_baseEwm)
                  00013480    000000c0                                   : string.cpp.obj (.text:_ZNSt3__212basic_stringIcNS_11char_traitsIcEENS_9allocatorIcEEE9__grow_byEjjjjjj)
                  00013540    000000bc                                   : iostream.cpp.obj (.text:_ZNSt3__211__stdoutbufIwE8overflowEi)
                  000135fc    000000b8     PCBList.obj (.text:_ZNSt3__215basic_stringbufIcNS_11char_traitsIcEENS_9allocatorIcEEE9pbackfailEi)
                  000136b4    000000b2     rtsv7M4_T_le_v4SPD16_eabi.lib : iostream.cpp.obj (.text:_ZNSt3__211__stdoutbufIcE8overflowEi)
                  00013766    00000002                                   : _lock.c.obj (.text:_nop)
                  00013768    000000b1                                   : _printfi.c.obj (.text:_ltostr)
                  00013819    00000001     --HOLE-- [fill = 0]
                  0001381a    000000b0                                   : iostream.cpp.obj (.text:_ZNSt3__210__stdinbufIwE9pbackfailEi)
                  000138ca    000000a8                                   : iostream.cpp.obj (.text:_ZNSt3__210__stdinbufIcE9pbackfailEi)
                  00013972    000000a8     PCBList.obj (.text:_ZNSt3__212basic_stringIcNS_11char_traitsIcEENS_9allocatorIcEEE6__initIPcEENS_9enable_ifIXsr3std3__221__is_forward_iteratorIT_EE5valueEvE4typeES9_S9_)
                  00013a1a    00000002     rtsv7M4_T_le_v4SPD16_eabi.lib : xlocale.c.obj (.text:freelocale)
                  00013a1c    000000a8                                   : ios.cpp.obj (.text:_ZNSt3__214basic_iostreamIcNS_11char_traitsIcEEEC2EPNS_15basic_streambufIcS2_EE)
                  00013ac4    000000a8                                   : locale.cpp.obj (.text:_ZNSt3__219__double_or_nothingIwEEvRNS_10unique_ptrIT_PFvPvEEERPS2_S9_)
                  00013b6c    000000a4                                   : string.cpp.obj (.text:_ZNSt3__212basic_stringIcNS_11char_traitsIcEENS_9allocatorIcEEE6appendEPKcj)
                  00013c10    000000a4                                   : string.cpp.obj (.text:_ZNSt3__212basic_stringIwNS_11char_traitsIwEENS_9allocatorIwEEE6appendEPKwj)
                  00013cb4    000000a0                                   : string.cpp.obj (.text:_ZNSt3__212basic_stringIcNS_11char_traitsIcEENS_9allocatorIcEEE9push_backEc)
                  00013d54    0000009e                                   : string.cpp.obj (.text:_ZNSt3__212basic_stringIwNS_11char_traitsIwEENS_9allocatorIwEEE9push_backEw)
                  00013df2    00000002                                   : div0.asm.obj (.text)
                  00013df4    0000009c                                   : locale.cpp.obj (.text:_ZNKSt3__27num_putIwNS_19ostreambuf_iteratorIwNS_11char_traitsIwEEEEE6do_putES4_RNS_8ios_baseEwPKv)
                  00013e90    0000009c                                   : locale.cpp.obj (.text:_ZNKSt3__27num_putIwNS_19ostreambuf_iteratorIwNS_11char_traitsIwEEEEE6do_putES4_RNS_8ios_baseEwb)
                  00013f2c    0000009c                                   : string.cpp.obj (.text:_ZNSt3__212basic_stringIcNS_11char_traitsIcEENS_9allocatorIcEEE6appendEjc)
                  00013fc8    0000009c                                   : _bufread.c.obj (.text:__TI_buff_read)
                  00014064    0000009c                                   : memcpy_t2.asm.obj (.text)
                  00014100    00000098                                   : locale.cpp.obj (.text:_ZNKSt3__210__time_put8__do_putEPwRS1_PK2tmcc)
                  00014198    00000098                                   : locale.cpp.obj (.text:_ZNKSt3__27num_putIcNS_19ostreambuf_iteratorIcNS_11char_traitsIcEEEEE6do_putES4_RNS_8ios_baseEcPKv)
                  00014230    00000098                                   : locale.cpp.obj (.text:_ZNKSt3__27num_putIcNS_19ostreambuf_iteratorIcNS_11char_traitsIcEEEEE6do_putES4_RNS_8ios_baseEcb)
                  000142c8    00000098                                   : string.cpp.obj (.text:_ZNSt3__212basic_stringIwNS_11char_traitsIwEENS_9allocatorIwEEE6assignEPKwj)
                  00014360    00000096                                   : string.cpp.obj (.text:_ZNSt3__212basic_stringIcNS_11char_traitsIcEENS_9allocatorIcEEE6assignEPKcj)
                  000143f6    00000096                                   : locale.cpp.obj (.text:_ZNSt3__225__num_get_signed_integralIlEET_PKcS3_Rji)
                  0001448c    00000096                                   : ull_div_t2.asm.obj (.text)
                  00014522    00000002     --HOLE-- [fill = 0]
                  00014524    00000094                                   : locale.cpp.obj (.text:_ZNKSt3__220__time_get_c_storageIwE7__am_pmEv)
                  000145b8    00000094                                   : string.cpp.obj (.text:_ZNSt3__212basic_stringIwNS_11char_traitsIwEENS_9allocatorIwEEE6__initEPKwj)
                  0001464c    00000094                                   : locale.cpp.obj (.text:_ZNSt3__219__double_or_nothingIcEEvRNS_10unique_ptrIT_PFvPvEEERPS2_S9_)
                  000146e0    00000094                                   : locale.cpp.obj (.text:_ZNSt3__219__double_or_nothingIjEEvRNS_10unique_ptrIT_PFvPvEEERPS2_S9_)
                  00014774    00000090                                   : locale.cpp.obj (.text:_ZNSt3__225__num_get_signed_integralIxEET_PKcS3_Rji)
                  00014804    00000090                                   : string.cpp.obj (.text:_ZNSt3__2plIcNS_11char_traitsIcEENS_9allocatorIcEEEENS_12basic_stringIT_T0_T1_EEPKS6_RKS9_)
                  00014894    0000008c     PCBList.obj (.text:_ZNKSt3__215basic_stringbufIcNS_11char_traitsIcEENS_9allocatorIcEEE3strEv)
                  00014920    0000008c     rtsv7M4_T_le_v4SPD16_eabi.lib : locale.cpp.obj (.text:_ZNKSt3__220__time_get_c_storageIcE7__am_pmEv)
                  000149ac    0000008c                                   : locale.cpp.obj (.text:_ZNKSt3__28numpunctIwE11do_truenameEv)
                  00014a38    0000008c                                   : locale.cpp.obj (.text:_ZNKSt3__28numpunctIwE12do_falsenameEv)
                  00014ac4    0000008c                                   : fputc.c.obj (.text:fputc)
                  00014b50    00000086                                   : fd_cmp_t2.asm.obj (.text:__aeabi_cdcmple)
                  00014bd6    00000086                                   : fd_cmp_t2.asm.obj (.text:__aeabi_cdrcmple)
                  00014c5c    00000084                                   : locale.cpp.obj (.text:_ZNKSt3__220__time_get_c_storageIcE3__cEv)
                  00014ce0    00000084                                   : locale.cpp.obj (.text:_ZNKSt3__27collateIwE12do_transformEPKwS3_)
                  00014d64    00000084                                   : fgetc.c.obj (.text:fgetc)
                  00014de8    00000080                                   : locale.cpp.obj (.text:_ZNSt3__214__num_put_base14__format_floatEPcPKcj)
                  00014e68    00000080                                   : locale.cpp.obj (.text:_ZNSt3__26locale5__impD1Ev)
                  00014ee8    00000080     ComandCenter.obj (.text:_ZNSt3__2eqINS_9allocatorIcEEEEbRKNS_12basic_stringIcNS_11char_traitsIcEET_EES9_)
                  00014f68    00000080     rtsv7M4_T_le_v4SPD16_eabi.lib : ungetc.c.obj (.text:ungetc)
                  00014fe8    0000007e                                   : string.cpp.obj (.text:_ZNKSt3__212basic_stringIcNS_11char_traitsIcEENS_9allocatorIcEEE7compareEjjPKcj)
                  00015066    0000007c                                   : locale.cpp.obj (.text:_ZNKSt3__28time_getIcNS_19istreambuf_iteratorIcNS_11char_traitsIcEEEEE11__get_am_pmERiRS4_S4_RjRKNS_5ctypeIcEE)
                  000150e2    0000007c                                   : locale.cpp.obj (.text:_ZNKSt3__28time_getIwNS_19istreambuf_iteratorIwNS_11char_traitsIwEEEEE11__get_am_pmERiRS4_S4_RjRKNS_5ctypeIwEE)
                  0001515e    0000007c                                   : ios.cpp.obj (.text:_ZNSt3__213basic_ostreamIcNS_11char_traitsIcEEE6sentryD1Ev)
                  000151da    0000007c                                   : ios.cpp.obj (.text:_ZNSt3__213basic_ostreamIwNS_11char_traitsIwEEE6sentryD1Ev)
                  00015256    0000007c                                   : string.cpp.obj (.text:_ZNSt3__234_GLOBAL__N__10_string_cpp_11932bae9as_stringINS_12basic_stringIcNS_11char_traitsIcEENS_9allocatorIcEEEEPFYiPcjPKczEiEET_T0_SD_PKNSD_10value_typeET1_)
                  000152d2    00000002     --HOLE-- [fill = 0]
                  000152d4    0000007c                                   : fflush.c.obj (.text:fflush)
                  00015350    0000007a                                   : string.cpp.obj (.text:_ZNSt3__212basic_stringIcNS_11char_traitsIcEENS_9allocatorIcEEEaSEOS5_)
                  000153ca    0000007a                                   : locale.cpp.obj (.text:_ZNSt3__227__num_get_unsigned_integralIjEET_PKcS3_Rji)
                  00015444    0000007a                                   : locale.cpp.obj (.text:_ZNSt3__227__num_get_unsigned_integralImEET_PKcS3_Rji)
                  000154be    0000007a                                   : memset_t2.asm.obj (.text)
                  00015538    00000078                                   : vla_alloc.c.obj (.text:_ZN33_INTERNAL_11_vla_alloc_c_be8bd49b21free_dead_allocationsEPv)
                  000155b0    00000078                                   : locale.cpp.obj (.text:_ZNKSt3__220__time_get_c_storageIcE3__rEv)
                  00015628    00000078                                   : locale.cpp.obj (.text:_ZNSt3__215__num_get_floatIfEET_PKcS3_Rj)
                  000156a0    00000078                                   : ios.cpp.obj (.text:_ZNSt3__215basic_streambufIwNS_11char_traitsIwEEE6xsgetnEPwi)
                  00015718    00000078                                   : locale.cpp.obj (.text:_ZNSt3__227__num_get_unsigned_integralItEET_PKcS3_Rji)
                  00015790    00000078                                   : vla_alloc.c.obj (.text:__vla_dealloc)
                  00015808    00000078                                   : memory.c.obj (.text:malloc)
                  00015880    00000076                                   : vec_newdel.c.obj (.text:_ZN34_INTERNAL_12_vec_newdel_c_8a08d4a517array_new_generalEPvijjS0_PFYS0_S0_ES2_PFYS0_jEPFYvS0_Eii)
                  000158f6    00000076                                   : string.cpp.obj (.text:_ZNSt3__212basic_stringIcNS_11char_traitsIcEENS_9allocatorIcEEE6resizeEjc)
                  0001596c    00000076                                   : none_mb.c.obj (.text:wcsnrtombs)
                  000159e2    00000074                                   : string.cpp.obj (.text:_ZNSt3__212basic_stringIcNS_11char_traitsIcEENS_9allocatorIcEEE6__initEPKcj)
                  00015a56    00000074                                   : string.cpp.obj (.text:_ZNSt3__212basic_stringIcNS_11char_traitsIcEENS_9allocatorIcEEE6__initEPKcjj)
                  00015aca    00000074                                   : string.cpp.obj (.text:_ZNSt3__212basic_stringIcNS_11char_traitsIcEENS_9allocatorIcEEE6__initEjc)
                  00015b3e    00000002     --HOLE-- [fill = 0]
                  00015b40    00000074                                   : locale.cpp.obj (.text:_ZNSt3__215__num_get_floatIdEET_PKcS3_Rj)
                  00015bb4    00000074                                   : locale.cpp.obj (.text:_ZNSt3__215__num_get_floatIeEET_PKcS3_Rj)
                  00015c28    00000074                                   : ios.cpp.obj (.text:_ZNSt3__215basic_streambufIcNS_11char_traitsIcEEE6xsgetnEPci)
                  00015c9c    00000074     PCBList.obj (.text:_ZNSt3__215basic_stringbufIcNS_11char_traitsIcEENS_9allocatorIcEEE9underflowEv)
                  00015d10    00000074     rtsv7M4_T_le_v4SPD16_eabi.lib : locale.cpp.obj (.text:_ZNSt3__216__check_groupingERKNS_12basic_stringIcNS_11char_traitsIcEENS_9allocatorIcEEEEPjS8_Rj)
                  00015d84    00000074     PCBList.obj (.text:_ZNSt3__218basic_stringstreamIcNS_11char_traitsIcEENS_9allocatorIcEEEC2Ej)
                  00015df8    00000074     rtsv7M4_T_le_v4SPD16_eabi.lib : locale.cpp.obj (.text:_ZNSt3__227__num_get_unsigned_integralIyEET_PKcS3_Rji)
                  00015e6c    00000074                                   : fclose.c.obj (.text:__TI_closefile)
                  00015ee0    00000072                                   : vec_newdel.c.obj (.text:_ZN34_INTERNAL_12_vec_newdel_c_8a08d4a520array_delete_generalEPvijjPFYS0_S0_EiPFYvS0_Eii)
                  00015f52    0000006e                                   : _printfi.c.obj (.text:_mcpy)
                  00015fc0    0000006e                                   : fd_tos_t2.asm.obj (.text)
                  0001602e    0000006c                                   : string.cpp.obj (.text:_ZNKSt3__212basic_stringIcNS_11char_traitsIcEENS_9allocatorIcEEE12find_last_ofEPKcj)
                  0001609a    0000006c                                   : locale.cpp.obj (.text:_ZNSt3__26locale5__imp7installEPNS0_5facetEl)
                  00016106    0000006a                                   : string.cpp.obj (.text:_ZNSt3__234_GLOBAL__N__10_string_cpp_11932bae17as_integer_helperIlNS_12basic_stringIcNS_11char_traitsIcEENS_9allocatorIcEEEEPFYlPKcPPciEEET_RKS7_RKT0_PjiT1_)
                  00016170    00000068                                   : hostlseek.c.obj (.text:HOSTlseek)
                  000161d8    00000068                                   : hostrename.c.obj (.text:HOSTrename)
                  00016240    00000068     KernelCalls.obj (.text:_ZN10RingBufferI14big_letter_msgE3GetEv)
                  000162a8    00000068     rtsv7M4_T_le_v4SPD16_eabi.lib : locale.cpp.obj (.text:_ZNKSt3__220__time_get_c_storageIcE3__XEv)
                  00016310    00000068                                   : locale.cpp.obj (.text:_ZNKSt3__220__time_get_c_storageIcE3__xEv)
                  00016378    00000068                                   : locale.cpp.obj (.text:_ZNKSt3__28time_getIcNS_19istreambuf_iteratorIcNS_11char_traitsIcEEEEE13__get_percentERS4_S4_RjRKNS_5ctypeIcEE)
                  000163e0    00000068                                   : locale.cpp.obj (.text:_ZNKSt3__28time_getIwNS_19istreambuf_iteratorIwNS_11char_traitsIwEEEEE13__get_percentERS4_S4_RjRKNS_5ctypeIwEE)
                  00016448    00000068                                   : locale.cpp.obj (.text:_ZNKSt3__28time_putIwNS_19ostreambuf_iteratorIwNS_11char_traitsIwEEEEE6do_putES4_RNS_8ios_baseEwPK2tmcc)
                  000164b0    00000068                                   : string.cpp.obj (.text:_ZNSt3__212basic_stringIcNS_11char_traitsIcEENS_9allocatorIcEEEC1ERKS5_jjRKS4_)
                  00016518    00000068                                   : ios.cpp.obj (.text:_ZNSt3__215basic_streambufIwNS_11char_traitsIwEEE6xsputnEPKwi)
                  00016580    00000068                                   : locale.cpp.obj (.text:_ZNSt3__29__num_getIcE19__stage2_float_prepERNS_8ios_baseEPcRcS5_)
                  000165e8    00000068                                   : locale.cpp.obj (.text:_ZNSt3__29__num_getIwE19__stage2_float_prepERNS_8ios_baseEPwRwS5_)
                  00016650    00000068                                   : sscanf.c.obj (.text:_chkmbc)
                  000166b8    00000068                                   : copy_decompress_lzss.c.obj (.text:decompress:lzss:__TI_decompress_lzss)
                  00016720    00000066                                   : locale.cpp.obj (.text:_ZNKSt3__28time_putIcNS_19ostreambuf_iteratorIcNS_11char_traitsIcEEEEE6do_putES4_RNS_8ios_baseEcPK2tmcc)
                  00016786    00000064                                   : ios.cpp.obj (.text:_ZNSt3__215basic_streambufIcNS_11char_traitsIcEEE6xsputnEPKci)
                  000167ea    00000002     --HOLE-- [fill = 0]
                  000167ec    00000064                                   : fprintf.c.obj (.text:fprintf)
                  00016850    00000064                                   : s_frexp.c.obj (.text:frexp)
                  000168b4    00000064                                   : fseek.c.obj (.text:fseek)
                  00016918    00000062                                   : _io_perm.c.obj (.text:__TI_wrt_ok)
                  0001697a    00000002     --HOLE-- [fill = 0]
                  0001697c    00000060                                   : hostopen.c.obj (.text:HOSTopen)
                  000169dc    00000060                                   : autoinit.c.obj (.text:__TI_auto_init_nobinit:__TI_auto_init_nobinit)
                  00016a3c    0000005e                                   : locale.cpp.obj (.text:_ZNKSt3__219istreambuf_iteratorIcNS_11char_traitsIcEEE5equalERKS3_)
                  00016a9a    0000005e                                   : locale.cpp.obj (.text:_ZNKSt3__219istreambuf_iteratorIwNS_11char_traitsIwEEE5equalERKS3_)
                  00016af8    0000005e                                   : locale.cpp.obj (.text:_ZNSt3__2eqIcNS_11char_traitsIcEEEEbRKNS_19istreambuf_iteratorIT_T0_EES8_)
                  00016b56    0000005e                                   : locale.cpp.obj (.text:_ZNSt3__2neIwNS_11char_traitsIwEEEEbRKNS_19istreambuf_iteratorIT_T0_EES8_)
                  00016bb4    0000005c                                   : string.cpp.obj (.text:_ZNKSt3__212basic_stringIcNS_11char_traitsIcEENS_9allocatorIcEEE13find_first_ofEPKcj)
                  00016c10    0000005c                                   : locale.cpp.obj (.text:_ZNKSt3__27collateIcE12do_transformEPKcS3_)
                  00016c6c    0000005c     Monitor.obj (.text:_ZNSt3__2plIcNS_11char_traitsIcEENS_9allocatorIcEEEENS_12basic_stringIT_T0_T1_EERKS9_PKS6_)
                  00016cc8    0000005c     rtsv7M4_T_le_v4SPD16_eabi.lib : close.c.obj (.text:close)
                  00016d24    0000005a                                   : string.cpp.obj (.text:_ZNKSt3__234_GLOBAL__N__10_string_cpp_11932bae14initial_stringINS_12basic_stringIcNS_11char_traitsIcEENS_9allocatorIcEEEEiLb0EEclEv)
                  00016d7e    0000005a                                   : locale.cpp.obj (.text:_ZNKSt3__28time_getIwNS_19istreambuf_iteratorIwNS_11char_traitsIwEEEEE11do_get_dateES4_S4_RNS_8ios_baseERjP2tm)
                  00016dd8    0000005a                                   : locale.cpp.obj (.text:_ZNKSt3__28time_getIwNS_19istreambuf_iteratorIwNS_11char_traitsIwEEEEE17__get_white_spaceERS4_S4_RjRKNS_5ctypeIwEE)
                  00016e32    00000002     --HOLE-- [fill = 0]
                  00016e34    00000058                                   : hostread.c.obj (.text:HOSTread)
                  00016e8c    00000058                                   : hostwrite.c.obj (.text:HOSTwrite)
                  00016ee4    00000058                                   : locale.cpp.obj (.text:_ZNKSt3__28time_getIcNS_19istreambuf_iteratorIcNS_11char_traitsIcEEEEE17__get_white_spaceERS4_S4_RjRKNS_5ctypeIcEE)
                  00016f3c    00000056                                   : locale.cpp.obj (.text:_ZNKSt3__28time_getIcNS_19istreambuf_iteratorIcNS_11char_traitsIcEEEEE11do_get_dateES4_S4_RNS_8ios_baseERjP2tm)
                  00016f92    00000056     ComandCenter.obj (.text:_ZNSt3__218__find_first_of_ceIPKcS2_PFbccEEET_S5_S5_T0_S6_T1_)
                  00016fe8    00000056     rtsv7M4_T_le_v4SPD16_eabi.lib : _printfi.c.obj (.text:_pconv_f)
                  0001703e    00000054                                   : ltoa.c.obj (.text:ltoa)
                  00017092    00000052     KernelCalls.obj (.text:_ZN10RingBufferI12one_char_msgE3GetEv)
                  000170e4    00000052     rtsv7M4_T_le_v4SPD16_eabi.lib : _printfi.c.obj (.text:_ecpy)
                  00017136    00000050                                   : ios.cpp.obj (.text:_ZNSt3__213basic_ostreamIcNS_11char_traitsIcEEE5flushEv)
                  00017186    00000050                                   : ios.cpp.obj (.text:_ZNSt3__213basic_ostreamIwNS_11char_traitsIwEEE5flushEv)
                  000171d6    00000050                                   : none_mb.c.obj (.text:mbsnrtowcs)
                  00017226    0000004c                                   : iostream.cpp.obj (.text:_ZNSt3__211__stdoutbufIcE4syncEv)
                  00017272    0000004c                                   : iostream.cpp.obj (.text:_ZNSt3__211__stdoutbufIwE4syncEv)
                  000172be    00000002     --HOLE-- [fill = 0]
                  000172c0    0000004c                                   : string.cpp.obj (.text:_ZNSt3__212basic_stringIcNS_11char_traitsIcEENS_9allocatorIcEEEC1ERKS5_)
                  0001730c    0000004c                                   : string.cpp.obj (.text:_ZNSt3__212basic_stringIwNS_11char_traitsIwEENS_9allocatorIwEEEC1ERKS5_)
                  00017358    0000004c                                   : ios.cpp.obj (.text:_ZNSt3__213basic_ostreamIcNS_11char_traitsIcEEE6sentryC1ERS3_)
                  000173a4    0000004c                                   : ios.cpp.obj (.text:_ZNSt3__213basic_ostreamIwNS_11char_traitsIwEEE6sentryC1ERS3_)
                  000173f0    0000004c                                   : fflush.c.obj (.text:__TI_doflush)
                  0001743c    0000004c                                   : atoi.c.obj (.text:atoi)
                  00017488    0000004c                                   : snprintf.c.obj (.text:snprintf)
                  000174d4    0000004a                                   : locale.cpp.obj (.text:_ZNSt3__214__num_put_base12__format_intEPcPKcbj)
                  0001751e    0000004a                                   : _io_perm.c.obj (.text:__TI_rd_ok)
                  00017568    00000048                                   : locale.cpp.obj (.text:_ZNKSt3__27codecvtIDiciE6do_outERiPKDiS4_RS4_PcS6_RS6_)
                  000175b0    00000048                                   : locale.cpp.obj (.text:_ZNKSt3__27codecvtIDsciE6do_outERiPKDsS4_RS4_PcS6_RS6_)
                  000175f8    00000048                                   : locale.cpp.obj (.text:_ZNKSt3__27codecvtIwciE10do_unshiftERiPcS3_RS3_)
                  00017640    00000048                                   : locale.cpp.obj (.text:_ZNKSt3__27codecvtIwciE9do_lengthERiPKcS4_j)
                  00017688    00000048                                   : iostream.cpp.obj (.text:_ZNSt3__211__stdoutbufIcEC1EP7__sFILEPi)
                  000176d0    00000048                                   : iostream.cpp.obj (.text:_ZNSt3__211__stdoutbufIwEC1EP7__sFILEPi)
                  00017718    00000048     PCBList.obj (.text:_ZNSt3__215basic_stringbufIcNS_11char_traitsIcEENS_9allocatorIcEEEC1Ej)
                  00017760    00000048     rtsv7M4_T_le_v4SPD16_eabi.lib : exit.c.obj (.text:exit)
                  000177a8    00000048                                   : fd_toi_t2.asm.obj (.text)
                  000177f0    00000046                                   : locale.cpp.obj (.text:_ZNKSt3__28time_getIcNS_19istreambuf_iteratorIcNS_11char_traitsIcEEEEE15__get_monthnameERiRS4_S4_RjRKNS_5ctypeIcEE)
                  00017836    00000046                                   : locale.cpp.obj (.text:_ZNKSt3__28time_getIcNS_19istreambuf_iteratorIcNS_11char_traitsIcEEEEE17__get_weekdaynameERiRS4_S4_RjRKNS_5ctypeIcEE)
                  0001787c    00000046                                   : locale.cpp.obj (.text:_ZNKSt3__28time_getIwNS_19istreambuf_iteratorIwNS_11char_traitsIwEEEEE15__get_monthnameERiRS4_S4_RjRKNS_5ctypeIwEE)
                  000178c2    00000046                                   : locale.cpp.obj (.text:_ZNKSt3__28time_getIwNS_19istreambuf_iteratorIwNS_11char_traitsIwEEEEE17__get_weekdaynameERiRS4_S4_RjRKNS_5ctypeIwEE)
                  00017908    00000046                                   : iostream.cpp.obj (.text:_ZNSt3__211__stdoutbufIcE6xsputnEPKci)
                  0001794e    00000046                                   : iostream.cpp.obj (.text:_ZNSt3__211__stdoutbufIwE6xsputnEPKwi)
                  00017994    00000044                                   : hostclose.c.obj (.text:HOSTclose)
                  000179d8    00000044                                   : hostunlink.c.obj (.text:HOSTunlink)
                  00017a1c    00000044                                   : dtor_list.c.obj (.text:_Z25__add_destruction_to_listPP20a_needed_destructionPFYvPvES2_S2_)
                  00017a60    00000044     PostOffice.obj (.text:_ZN10RingBufferI12one_char_msgEC1Ei)
                  00017aa4    00000044     PostOffice.obj (.text:_ZN10RingBufferI9empty_msgEC1Ei)
                  00017ae8    00000044     rtsv7M4_T_le_v4SPD16_eabi.lib : locale.cpp.obj (.text:_ZNKSt3__210__time_put8__do_putEPcRS1_PK2tmcc)
                  00017b2c    00000044                                   : locale.cpp.obj (.text:_ZNKSt3__27codecvtIDiciE5do_inERiPKcS4_RS4_PDiS6_RS6_)
                  00017b70    00000044                                   : locale.cpp.obj (.text:_ZNKSt3__27codecvtIDsciE5do_inERiPKcS4_RS4_PDsS6_RS6_)
                  00017bb4    00000044                                   : iostream.cpp.obj (.text:_ZNSt3__210__stdinbufIcEC1EP7__sFILEPi)
                  00017bf8    00000044                                   : iostream.cpp.obj (.text:_ZNSt3__210__stdinbufIwEC1EP7__sFILEPi)
                  00017c3c    00000044                                   : getdevice.c.obj (.text:getdevice)
                  00017c80    00000042                                   : dtor_list.c.obj (.text:_Z23__finalize_destructionsPP20a_needed_destructionPv)
                  00017cc2    00000042     KernelCalls.obj (.text:_ZN10RingBufferI9empty_msgE3GetEv)
                  00017d04    00000042     rtsv7M4_T_le_v4SPD16_eabi.lib : locale.cpp.obj (.text:_ZNSt3__214__split_bufferIPNS_6locale5facetERNS_15__sso_allocatorIS3_Lj28EEEEC1EjjS6_)
                  00017d46    00000040     KernelCalls.obj (.text:_ZN10RingBufferI14big_letter_msgE3AddEPS0_)
                  00017d86    00000002     --HOLE-- [fill = 0]
                  00017d88    00000040     rtsv7M4_T_le_v4SPD16_eabi.lib : locale.cpp.obj (.text:_ZNKSt3__28time_getIcNS_19istreambuf_iteratorIcNS_11char_traitsIcEEEEE11do_get_yearES4_S4_RNS_8ios_baseERjP2tm)
                  00017dc8    00000040                                   : locale.cpp.obj (.text:_ZNKSt3__28time_getIcNS_19istreambuf_iteratorIcNS_11char_traitsIcEEEEE14do_get_weekdayES4_S4_RNS_8ios_baseERjP2tm)
                  00017e08    00000040                                   : locale.cpp.obj (.text:_ZNKSt3__28time_getIcNS_19istreambuf_iteratorIcNS_11char_traitsIcEEEEE16do_get_monthnameES4_S4_RNS_8ios_baseERjP2tm)
                  00017e48    00000040                                   : locale.cpp.obj (.text:_ZNKSt3__28time_getIwNS_19istreambuf_iteratorIwNS_11char_traitsIwEEEEE11do_get_timeES4_S4_RNS_8ios_baseERjP2tm)
                  00017e88    00000040                                   : locale.cpp.obj (.text:_ZNKSt3__28time_getIwNS_19istreambuf_iteratorIwNS_11char_traitsIwEEEEE11do_get_yearES4_S4_RNS_8ios_baseERjP2tm)
                  00017ec8    00000040                                   : locale.cpp.obj (.text:_ZNKSt3__28time_getIwNS_19istreambuf_iteratorIwNS_11char_traitsIwEEEEE14do_get_weekdayES4_S4_RNS_8ios_baseERjP2tm)
                  00017f08    00000040                                   : locale.cpp.obj (.text:_ZNKSt3__28time_getIwNS_19istreambuf_iteratorIwNS_11char_traitsIwEEEEE16do_get_monthnameES4_S4_RNS_8ios_baseERjP2tm)
                  00017f48    00000040     PCBList.obj (.text:_ZNSt3__218basic_stringstreamIcNS_11char_traitsIcEENS_9allocatorIcEEED2Ev)
                  00017f88    00000040     rtsv7M4_T_le_v4SPD16_eabi.lib : locale.cpp.obj (.text:_ZNSt3__26locale2id5__getEv)
                  00017fc8    00000040                                   : ios.cpp.obj (.text:_ZNSt3__28ios_base4initEPv)
                  00018008    00000040     ComandCenter.obj (.text:_ZNSt3__2eqIcNS_11char_traitsIcEENS_9allocatorIcEEEEbRKNS_12basic_stringIT_T0_T1_EEPKS6_)
                  00018048    00000040     rtsv7M4_T_le_v4SPD16_eabi.lib : vsnprintf.c.obj (.text:vsnprintf)
                  00018088    0000003e     KernelCalls.obj (.text:_ZN10RingBufferI12one_char_msgE3AddEPv)
                  000180c6    0000003e     rtsv7M4_T_le_v4SPD16_eabi.lib : locale.cpp.obj (.text:_ZNSt3__26vectorIPNS_6locale5facetENS_15__sso_allocatorIS3_Lj28EEEE8allocateEj)
                  00018104    0000003e                                   : _printfi.c.obj (.text:_fcpy)
                  00018142    00000002     --HOLE-- [fill = 0]
                  00018144    0000003d                                   : string.cpp.obj (.text:_ZNSt3__24stoiERKNS_12basic_stringIcNS_11char_traitsIcEENS_9allocatorIcEEEEPji)
                  00018181    00000003     --HOLE-- [fill = 0]
                  00018184    0000003c                                   : iostream.cpp.obj (.text:_ZNSt3__210__stdinbufIcE5imbueERKNS_6localeE)
                  000181c0    0000003c                                   : memory.c.obj (.text:minsert)
                  000181fc    0000003a     ISRMsgHandler.obj (.text:_ZN10RingBufferIcE3GetEv)
                  00018236    0000003a     rtsv7M4_T_le_v4SPD16_eabi.lib : locale.cpp.obj (.text:_ZNKSt3__27collateIwE10do_compareEPKwS3_S3_S3_)
                  00018270    0000003a                                   : locale.cpp.obj (.text:_ZNSt3__214__num_put_base18__identify_paddingEPcS1_RKNS_8ios_baseE)
                  000182aa    00000002     --HOLE-- [fill = 0]
                  000182ac    00000038                                   : locale.cpp.obj (.text:_ZNKSt3__25ctypeIcE10do_tolowerEPcPKc)
                  000182e4    00000038                                   : locale.cpp.obj (.text:_ZNKSt3__25ctypeIcE10do_toupperEPcPKc)
                  0001831c    00000038                                   : locale.cpp.obj (.text:_ZNKSt3__25ctypeIwE10do_tolowerEPwPKw)
                  00018354    00000038                                   : locale.cpp.obj (.text:_ZNKSt3__25ctypeIwE10do_toupperEPwPKw)
                  0001838c    00000038                                   : locale.cpp.obj (.text:_ZNKSt3__27collateIcE10do_compareEPKcS3_S3_S3_)
                  000183c4    00000038                                   : locale.cpp.obj (.text:_ZNKSt3__28time_getIcNS_19istreambuf_iteratorIcNS_11char_traitsIcEEEEE10__get_yearERiRS4_S4_RjRKNS_5ctypeIcEE)
                  000183fc    00000038                                   : locale.cpp.obj (.text:_ZNKSt3__28time_getIwNS_19istreambuf_iteratorIwNS_11char_traitsIwEEEEE10__get_yearERiRS4_S4_RjRKNS_5ctypeIwEE)
                  00018434    00000038                                   : ios.cpp.obj (.text:_ZNKSt3__29basic_iosIcNS_11char_traitsIcEEE4fillEv)
                  0001846c    00000038                                   : iostream.cpp.obj (.text:_ZNSt3__210__stdinbufIwE5imbueERKNS_6localeE)
                  000184a4    00000038                                   : ios.cpp.obj (.text:_ZNSt3__214basic_iostreamIcNS_11char_traitsIcEEED2Ev)
                  000184dc    00000038                                   : locale.cpp.obj (.text:_ZNSt3__26__clocEv)
                  00018514    00000038                                   : ios.cpp.obj (.text:_ZNSt3__28ios_baseD1Ev)
                  0001854c    00000038                                   : locale.cpp.obj (.text:_ZNSt3__28numpunctIcEC1Ej)
                  00018584    00000038                                   : locale.cpp.obj (.text:_ZNSt3__28numpunctIwEC1Ej)
                  000185bc    00000038                                   : trgmsg.c.obj (.text:__TI_writemsg)
                  000185f4    00000038                                   : boot_cortex_m.c.obj (.text:_c_int00_noargs:_c_int00_noargs)
                  0001862c    00000038                                   : memory.c.obj (.text:minit)
                  00018664    00000038                                   : sscanf.c.obj (.text:sscanf)
                  0001869c    00000036     PostOffice.obj (.text:_ZN10RingBufferI14big_letter_msgEC1Ei)
                  000186d2    00000036     KernelCalls.obj (.text:_ZN10RingBufferI9empty_msgE3AddEPv)
                  00018708    00000036     ISRMsgHandler.obj (.text:_ZN10RingBufferIcE3AddEc)
                  0001873e    00000036     PCBList.obj (.text:_ZNSt3__215basic_stringbufIcNS_11char_traitsIcEENS_9allocatorIcEEE7seekposENS_4fposIiEEj)
                  00018774    00000036     rtsv7M4_T_le_v4SPD16_eabi.lib : strncpy.c.obj (.text:strncpy)
                  000187aa    00000036                                   : vasprintf.c.obj (.text:vasprintf)
                  000187e0    00000034     Monitor.obj (.text:_ZN10RingBufferIcE3AddEPc)
                  00018814    00000034     ComandCenter.obj (.text:_ZN3smheqERKS_)
                  00018848    00000034     rtsv7M4_T_le_v4SPD16_eabi.lib : locale.cpp.obj (.text:_ZNKSt3__28time_getIcNS_19istreambuf_iteratorIcNS_11char_traitsIcEEEEE11do_get_timeES4_S4_RNS_8ios_baseERjP2tm)
                  0001887c    00000034                                   : string.cpp.obj (.text:_ZNSt3__29to_stringEi)
                  000188b0    00000034                                   : fopen.c.obj (.text:__TI_cleanup)
                  000188e4    00000034                                   : trgmsg.c.obj (.text:__TI_readmsg)
                  00018918    00000034                                   : dtor_list.c.obj (.text:__aeabi_atexit)
                  0001894c    00000032                                   : locale.cpp.obj (.text:_ZNKSt3__27collateIwE7do_hashEPKwS3_)
                  0001897e    00000032                                   : locale.cpp.obj (.text:_ZNKSt3__28time_getIcNS_19istreambuf_iteratorIcNS_11char_traitsIcEEEEE13__get_12_hourERiRS4_S4_RjRKNS_5ctypeIcEE)
                  000189b0    00000032                                   : locale.cpp.obj (.text:_ZNKSt3__28time_getIcNS_19istreambuf_iteratorIcNS_11char_traitsIcEEEEE9__get_dayERiRS4_S4_RjRKNS_5ctypeIcEE)
                  000189e2    00000032                                   : locale.cpp.obj (.text:_ZNKSt3__28time_getIwNS_19istreambuf_iteratorIwNS_11char_traitsIwEEEEE13__get_12_hourERiRS4_S4_RjRKNS_5ctypeIwEE)
                  00018a14    00000032                                   : locale.cpp.obj (.text:_ZNKSt3__28time_getIwNS_19istreambuf_iteratorIwNS_11char_traitsIwEEEEE9__get_dayERiRS4_S4_RjRKNS_5ctypeIwEE)
                  00018a46    00000030     ISRMsgHandler.obj (.text:_ZN10RingBufferIcEC1Ei)
                  00018a76    00000030     rtsv7M4_T_le_v4SPD16_eabi.lib : locale.cpp.obj (.text:_ZNKSt3__27collateIcE7do_hashEPKcS3_)
                  00018aa6    00000030                                   : locale.cpp.obj (.text:_ZNKSt3__28time_getIcNS_19istreambuf_iteratorIcNS_11char_traitsIcEEEEE11__get_monthERiRS4_S4_RjRKNS_5ctypeIcEE)
                  00018ad6    00000030                                   : locale.cpp.obj (.text:_ZNKSt3__28time_getIcNS_19istreambuf_iteratorIcNS_11char_traitsIcEEEEE18__get_day_year_numERiRS4_S4_RjRKNS_5ctypeIcEE)
                  00018b06    00000030                                   : locale.cpp.obj (.text:_ZNKSt3__28time_getIwNS_19istreambuf_iteratorIwNS_11char_traitsIwEEEEE11__get_monthERiRS4_S4_RjRKNS_5ctypeIwEE)
                  00018b36    00000030                                   : locale.cpp.obj (.text:_ZNKSt3__28time_getIwNS_19istreambuf_iteratorIwNS_11char_traitsIwEEEEE18__get_day_year_numERiRS4_S4_RjRKNS_5ctypeIwEE)
                  00018b66    00000030                                   : locale.cpp.obj (.text:_ZNSt3__219ostreambuf_iteratorIcNS_11char_traitsIcEEEaSEc)
                  00018b96    00000030                                   : locale.cpp.obj (.text:_ZNSt3__219ostreambuf_iteratorIwNS_11char_traitsIwEEEaSEw)
                  00018bc6    00000002     --HOLE-- [fill = 0]
                  00018bc8    00000030                                   : string.cpp.obj (.text:_ZNSt3__234_GLOBAL__N__10_string_cpp_11932bae12throw_helperISt12out_of_rangeEEvRKNS_12basic_stringIcNS_11char_traitsIcEENS_9allocatorIcEEEE)
                  00018bf8    00000030                                   : string.cpp.obj (.text:_ZNSt3__234_GLOBAL__N__10_string_cpp_11932bae12throw_helperISt16invalid_argumentEEvRKNS_12basic_stringIcNS_11char_traitsIcEENS_9allocatorIcEEEE)
                  00018c28    00000030                                   : locale.cpp.obj (.text:_ZNSt3__26locale8__globalEv)
                  00018c58    00000030                                   : iostream.cpp.obj (.text:_ZNSt3__28ios_base4InitD1Ev)
                  00018c88    00000030                                   : snprintf.c.obj (.text:_outs)
                  00018cb8    00000030                                   : vsnprintf.c.obj (.text:_outs)
                  00018ce8    00000030                                   : getdevice.c.obj (.text:finddevice)
                  00018d18    0000002e                                   : locale.cpp.obj (.text:_ZNKSt3__25ctypeIwE5do_isEPKwS3_Ph)
                  00018d46    0000002e                                   : locale.cpp.obj (.text:_ZNKSt3__27codecvtIwciE11do_encodingEv)
                  00018d74    0000002e                                   : locale.cpp.obj (.text:_ZNKSt3__28time_getIcNS_19istreambuf_iteratorIcNS_11char_traitsIcEEEEE10__get_hourERiRS4_S4_RjRKNS_5ctypeIcEE)
                  00018da2    0000002e                                   : locale.cpp.obj (.text:_ZNKSt3__28time_getIcNS_19istreambuf_iteratorIcNS_11char_traitsIcEEEEE12__get_minuteERiRS4_S4_RjRKNS_5ctypeIcEE)
                  00018dd0    0000002e                                   : locale.cpp.obj (.text:_ZNKSt3__28time_getIcNS_19istreambuf_iteratorIcNS_11char_traitsIcEEEEE12__get_secondERiRS4_S4_RjRKNS_5ctypeIcEE)
                  00018dfe    0000002e                                   : locale.cpp.obj (.text:_ZNKSt3__28time_getIcNS_19istreambuf_iteratorIcNS_11char_traitsIcEEEEE13__get_weekdayERiRS4_S4_RjRKNS_5ctypeIcEE)
                  00018e2c    0000002e                                   : locale.cpp.obj (.text:_ZNKSt3__28time_getIwNS_19istreambuf_iteratorIwNS_11char_traitsIwEEEEE10__get_hourERiRS4_S4_RjRKNS_5ctypeIwEE)
                  00018e5a    0000002e                                   : locale.cpp.obj (.text:_ZNKSt3__28time_getIwNS_19istreambuf_iteratorIwNS_11char_traitsIwEEEEE12__get_minuteERiRS4_S4_RjRKNS_5ctypeIwEE)
                  00018e88    0000002e                                   : locale.cpp.obj (.text:_ZNKSt3__28time_getIwNS_19istreambuf_iteratorIwNS_11char_traitsIwEEEEE12__get_secondERiRS4_S4_RjRKNS_5ctypeIwEE)
                  00018eb6    0000002e                                   : locale.cpp.obj (.text:_ZNKSt3__28time_getIwNS_19istreambuf_iteratorIwNS_11char_traitsIwEEEEE13__get_weekdayERiRS4_S4_RjRKNS_5ctypeIwEE)
                  00018ee4    0000002e                                   : string.cpp.obj (.text:_ZNSt3__212basic_stringIcNS_11char_traitsIcEENS_9allocatorIcEEEaSERKS5_)
                  00018f12    0000002e                                   : locale.cpp.obj (.text:_ZNSt3__214__split_bufferIPNS_6locale5facetERNS_15__sso_allocatorIS3_Lj28EEEED1Ev)
                  00018f40    0000002e                                   : none_mb.c.obj (.text:mbtowc)
                  00018f6e    0000002e                                   : i_tofd_t2.asm.obj (.text)
                  00018f9c    0000002c                                   : iostream.cpp.obj (.text:_ZNSt3__211__stdoutbufIcE5imbueERKNS_6localeE)
                  00018fc8    0000002c                                   : iostream.cpp.obj (.text:_ZNSt3__211__stdoutbufIwE5imbueERKNS_6localeE)
                  00018ff4    0000002c                                   : string.cpp.obj (.text:_ZNSt3__212basic_stringIcNS_11char_traitsIcEENS_9allocatorIcEEE6appendERKS5_)
                  00019020    0000002c                                   : string.cpp.obj (.text:_ZNSt3__212basic_stringIcNS_11char_traitsIcEENS_9allocatorIcEEEC1ERKS4_)
                  0001904c    0000002c                                   : string.cpp.obj (.text:_ZNSt3__212basic_stringIcNS_11char_traitsIcEENS_9allocatorIcEEEpLERKS5_)
                  00019078    0000002c     Monitor.obj (.text:_ZNSt3__217__compressed_pairINS_12basic_stringIcNS_11char_traitsIcEENS_9allocatorIcEEE5__repES5_EC1IRKS5_EENS_12__second_tagEOT_)
                  000190a4    0000002c     PCBList.obj (.text:_ZNSt3__218basic_stringstreamIcNS_11char_traitsIcEENS_9allocatorIcEEEC1Ej)
                  000190d0    0000002c     rtsv7M4_T_le_v4SPD16_eabi.lib : locale.cpp.obj (.text:_ZNSt3__26locale7classicEv)
                  000190fc    0000002c                                   : unlink.c.obj (.text:unlink)
                  00019128    0000002a     Monitor.obj (.text:_ZN10RingBufferIcE3PopEv)
                  00019152    0000002a     rtsv7M4_T_le_v4SPD16_eabi.lib : locale.cpp.obj (.text:_ZNKSt3__25ctypeIwE10do_scan_isEhPKwS3_)
                  0001917c    0000002a                                   : locale.cpp.obj (.text:_ZNKSt3__25ctypeIwE11do_scan_notEhPKwS3_)
                  000191a6    0000002a     PCBList.obj (.text:_ZNSt3__212basic_stringIcNS_11char_traitsIcEENS_9allocatorIcEEEC1IPcEET_S8_RKS4_)
                  000191d0    0000002a     rtsv7M4_T_le_v4SPD16_eabi.lib : ios.cpp.obj (.text:_ZNSt3__215basic_streambufIcNS_11char_traitsIcEEE7seekposENS_4fposIiEEj)
                  000191fa    0000002a                                   : ios.cpp.obj (.text:_ZNSt3__215basic_streambufIwNS_11char_traitsIwEEE7seekposENS_4fposIiEEj)
                  00019224    0000002a                                   : vec_newdel.c.obj (.text:__cxa_vec_new)
                  0001924e    00000028     KernelCalls.obj (.text:_ZNK10RingBufferI12one_char_msgE4FullEv)
                  00019276    00000028     KernelCalls.obj (.text:_ZNK10RingBufferI14big_letter_msgE4FullEv)
                  0001929e    00000028     KernelCalls.obj (.text:_ZNK10RingBufferI9empty_msgE4FullEv)
                  000192c6    00000028     ISRMsgHandler.obj (.text:_ZNK10RingBufferIcE4FullEv)
                  000192ee    00000002     --HOLE-- [fill = 0]
                  000192f0    00000028     Glue.obj (.text:_ZNSt3__29allocatorIcE8allocateEjPKv)
                  00019318    00000028     rtsv7M4_T_le_v4SPD16_eabi.lib : lseek.c.obj (.text:lseek)
                  00019340    00000028                                   : memory.c.obj (.text:mremove)
                  00019368    00000028                                   : read.c.obj (.text:read)
                  00019390    00000028                                   : write.c.obj (.text:write)
                  000193b8    00000026                                   : locale.cpp.obj (.text:_ZNKSt3__28numpunctIcE12do_falsenameEv)
                  000193de    00000026                                   : locale.cpp.obj (.text:_ZNKSt3__28time_getIcNS_19istreambuf_iteratorIcNS_11char_traitsIcEEEEE11__get_year4ERiRS4_S4_RjRKNS_5ctypeIcEE)
                  00019404    00000026                                   : locale.cpp.obj (.text:_ZNKSt3__28time_getIwNS_19istreambuf_iteratorIwNS_11char_traitsIwEEEEE11__get_year4ERiRS4_S4_RjRKNS_5ctypeIwEE)
                  0001942a    00000026     Monitor.obj (.text:_ZNSt3__211char_traitsIcE6assignEPcjc)
                  00019450    00000026     rtsv7M4_T_le_v4SPD16_eabi.lib : string.cpp.obj (.text:_ZNSt3__212basic_stringIcNS_11char_traitsIcEENS_9allocatorIcEEEixEj)
                  00019476    00000026     Monitor.obj (.text:_ZNSt3__219ostreambuf_iteratorIcNS_11char_traitsIcEEEC1ERNS_13basic_ostreamIcS2_EE)
                  0001949c    00000026     rtsv7M4_T_le_v4SPD16_eabi.lib : ios.cpp.obj (.text:_ZNSt3__28ios_base16__call_callbacksENS0_5eventE)
                  000194c2    00000026                                   : none_mb.c.obj (.text:mbrtowc)
                  000194e8    00000024     PostOffice.obj (.text:_ZN10PostOfficeC1Ev)
                  0001950c    00000024     OperatingSystem.obj (.text:_ZN3pcbC1Ev)
                  00019530    00000024     rtsv7M4_T_le_v4SPD16_eabi.lib : locale.cpp.obj (.text:_ZNKSt3__25ctypeIcE10do_tolowerEc)
                  00019554    00000024                                   : locale.cpp.obj (.text:_ZNKSt3__25ctypeIcE10do_toupperEc)
                  00019578    00000024                                   : locale.cpp.obj (.text:_ZNKSt3__25ctypeIwE10do_tolowerEw)
                  0001959c    00000024                                   : locale.cpp.obj (.text:_ZNKSt3__25ctypeIwE9do_narrowEPKwS3_cPc)
                  000195c0    00000024     ComandCenter.obj (.text:_ZNSt3__211char_traitsIcE4findEPKcjRS2_)
                  000195e4    00000024     rtsv7M4_T_le_v4SPD16_eabi.lib : string.cpp.obj (.text:_ZNSt3__212basic_stringIcNS_11char_traitsIcEENS_9allocatorIcEEEC1EOS5_)
                  00019608    00000024                                   : ios.cpp.obj (.text:_ZNSt3__215basic_streambufIcNS_11char_traitsIcEEE5uflowEv)
                  0001962c    00000024                                   : ios.cpp.obj (.text:_ZNSt3__215basic_streambufIcNS_11char_traitsIcEEEC1Ev)
                  00019650    00000024                                   : ios.cpp.obj (.text:_ZNSt3__215basic_streambufIwNS_11char_traitsIwEEE5uflowEv)
                  00019674    00000024                                   : ios.cpp.obj (.text:_ZNSt3__215basic_streambufIwNS_11char_traitsIwEEEC1Ev)
                  00019698    00000024     PCBList.obj (.text:_ZNSt3__218basic_stringstreamIcNS_11char_traitsIcEENS_9allocatorIcEEED1Ev)
                  000196bc    00000024     rtsv7M4_T_le_v4SPD16_eabi.lib : locale.cpp.obj (.text:_ZNSt3__25ctypeIcEC1EPKhbj)
                  000196e0    00000024                                   : locale.cpp.obj (.text:_ZNSt3__26vectorIPNS_6locale5facetENS_15__sso_allocatorIS3_Lj28EEEEC1Ej)
                  00019704    00000024                                   : locale.cpp.obj (.text:_ZNSt3__27codecvtIwciED1Ev)
                  00019728    00000024                                   : vec_newdel.c.obj (.text:__cxa_vec_ctor)
                  0001974c    00000024                                   : memcmp.c.obj (.text:memcmp)
                  00019770    00000024                                   : memmov.c.obj (.text:memmove)
                  00019794    00000022                                   : string.cpp.obj (.text:_ZNKSt3__212basic_stringIcNS_11char_traitsIcEENS_9allocatorIcEEE6substrEjj)
                  000197b6    00000022                                   : locale.cpp.obj (.text:_ZNKSt3__25ctypeIcE9do_narrowEPKcS3_cPc)
                  000197d8    00000022                                   : locale.cpp.obj (.text:_ZNKSt3__25ctypeIwE10do_toupperEw)
                  000197fa    00000022                                   : locale.cpp.obj (.text:_ZNSt3__214__num_get_base10__get_baseERNS_8ios_baseE)
                  0001981c    00000022     PCBList.obj (.text:_ZNSt3__24fposIiEC1Ex)
                  0001983e    00000022     rtsv7M4_T_le_v4SPD16_eabi.lib : new.cpp.obj (.text:_Znwj)
                  00019860    00000021                                   : locale.cpp.obj (.text:_ZNKSt3__28numpunctIcE11do_truenameEv)
                  00019881    00000001     --HOLE-- [fill = 0]
                  00019882    00000020                                   : iostream.cpp.obj (.text:_ZNKSt3__27codecvtIcciE3outERiPKcS4_RS4_PcS6_RS6_)
                  000198a2    00000020                                   : iostream.cpp.obj (.text:_ZNKSt3__27codecvtIwciE3outERiPKwS4_RS4_PcS6_RS6_)
                  000198c2    00000020     ComandCenter.obj (.text:_ZNSt3__211char_traitsIcE2eqEcc)
                  000198e2    00000020     rtsv7M4_T_le_v4SPD16_eabi.lib : string.cpp.obj (.text:_ZNSt3__212basic_stringIcNS_11char_traitsIcEENS_9allocatorIcEEED1Ev)
                  00019902    00000020                                   : string.cpp.obj (.text:_ZNSt3__212basic_stringIwNS_11char_traitsIwEENS_9allocatorIwEEED1Ev)
                  00019922    00000020                                   : locale.cpp.obj (.text:_ZNSt3__217__call_once_proxyINS_5tupleIJONS_34_GLOBAL__N__10_locale_cpp_a718320311__fake_bindEEEEEEvPv)
                  00019942    00000020                                   : locale.cpp.obj (.text:_ZNSt3__219istreambuf_iteratorIcNS_11char_traitsIcEEEppEv)
                  00019962    00000020                                   : locale.cpp.obj (.text:_ZNSt3__219istreambuf_iteratorIwNS_11char_traitsIwEEEppEv)
                  00019982    00000002     --HOLE-- [fill = 0]
                  00019984    00000020                                   : string.cpp.obj (.text:_ZNSt3__234_GLOBAL__N__10_string_cpp_11932bae29throw_from_string_invalid_argERKNS_12basic_stringIcNS_11char_traitsIcEENS_9allocatorIcEEEE)
                  000199a4    00000020                                   : string.cpp.obj (.text:_ZNSt3__234_GLOBAL__N__10_string_cpp_11932bae30throw_from_string_out_of_rangeERKNS_12basic_stringIcNS_11char_traitsIcEENS_9allocatorIcEEEE)
                  000199c4    00000020     TimeHandler.obj (.text:_ZNSt3__2lsIcNS_11char_traitsIcEENS_9allocatorIcEEEERNS_13basic_ostreamIT_T0_EES9_RKNS_12basic_stringIS6_S7_T1_EE)
                  000199e4    00000020     Monitor.obj (.text:_ZNSt3__2plIcNS_11char_traitsIcEENS_9allocatorIcEEEENS_12basic_stringIT_T0_T1_EEPKS6_OS9_)
                  00019a04    00000020     rtsv7M4_T_le_v4SPD16_eabi.lib : iostream.cpp.obj (.text:__sti___12_iostream_cpp_d173592a__prio101)
                  00019a24    00000020                                   : wctype.c.obj (.text:iswlower)
                  00019a44    00000020                                   : memchr.c.obj (.text:memchr)
                  00019a64    00000020                                   : sscanf.c.obj (.text:vsscanf)
                  00019a84    00000020                                   : none_mb.c.obj (.text:wcrtomb)
                  00019aa4    0000001e     PostOffice.obj (.text:_ZN7mailboxC1Ev)
                  00019ac2    0000001e     rtsv7M4_T_le_v4SPD16_eabi.lib : locale.cpp.obj (.text:_ZNKSt3__210moneypunctIcLb0EE13do_neg_formatEv)
                  00019ae0    0000001e                                   : locale.cpp.obj (.text:_ZNKSt3__210moneypunctIcLb0EE13do_pos_formatEv)
                  00019afe    0000001e                                   : locale.cpp.obj (.text:_ZNKSt3__210moneypunctIcLb0EE16do_negative_signEv)
                  00019b1c    0000001e                                   : locale.cpp.obj (.text:_ZNKSt3__210moneypunctIcLb1EE13do_neg_formatEv)
                  00019b3a    0000001e                                   : locale.cpp.obj (.text:_ZNKSt3__210moneypunctIcLb1EE13do_pos_formatEv)
                  00019b58    0000001e                                   : locale.cpp.obj (.text:_ZNKSt3__210moneypunctIcLb1EE16do_negative_signEv)
                  00019b76    0000001e                                   : locale.cpp.obj (.text:_ZNKSt3__210moneypunctIwLb0EE13do_neg_formatEv)
                  00019b94    0000001e                                   : locale.cpp.obj (.text:_ZNKSt3__210moneypunctIwLb0EE13do_pos_formatEv)
                  00019bb2    0000001e                                   : locale.cpp.obj (.text:_ZNKSt3__210moneypunctIwLb0EE16do_negative_signEv)
                  00019bd0    0000001e                                   : locale.cpp.obj (.text:_ZNKSt3__210moneypunctIwLb1EE13do_neg_formatEv)
                  00019bee    0000001e                                   : locale.cpp.obj (.text:_ZNKSt3__210moneypunctIwLb1EE13do_pos_formatEv)
                  00019c0c    0000001e                                   : locale.cpp.obj (.text:_ZNKSt3__210moneypunctIwLb1EE16do_negative_signEv)
                  00019c2a    0000001e     PCBList.obj (.text:_ZNKSt3__26__lessIPcS1_EclERKS1_S4_)
[...]
20030148  _ZNSt3__24coutE                                                                                                                                                                          
2003019c  _ZNSt3__25wcoutE                                                                                                                                                                         
200301f0  _ZNSt3__24cerrE                                                                                                                                                                          
20030244  _ZNSt3__25wcerrE                                                                                                                                                                         
20030298  _ZNSt3__24clogE                                                                                                                                                                          
200302ec  _ZNSt3__25wclogE                                                                                                                                                                         
20030340  _ZNSt3__23cinE                                                                                                                                                                           
20030398  _ZNSt3__24wcinE                                                                                                                                                                          
200303f0  __CIOBUF_                                                                                                                                                                                
20030610  _ZZNSt3__234_GLOBAL__N__10_locale_cpp_a71832034makeINS_6locale5__impEjEERT_T0_E3buf                                                                                                      
200306b0  __TI_tmpnams                                                                                                                                                                             
20031298  _ZZNSt3__234_GLOBAL__N__10_locale_cpp_a71832034makeINS_8numpunctIcEEjEERT_T0_E3buf                                                                                                       
200312b0  _ZZNSt3__234_GLOBAL__N__10_locale_cpp_a71832034makeINS_8numpunctIwEEjEERT_T0_E3buf                                                                                                       
200312f0  _ZZNSt3__234_GLOBAL__N__10_locale_cpp_a71832034makeINS_5ctypeIcEEDnbjEERT_T0_T1_T2_E3buf                                                                                                 
20031300  _ZZNSt3__234_GLOBAL__N__10_locale_cpp_a71832034makeINS_7codecvtIwciEEjEERT_T0_E3buf                                                                                                      
20031310  _ZZNSt3__234_GLOBAL__N__10_locale_cpp_a71832034makeINS_8time_getIcNS_19istreambuf_iteratorIcNS_11char_traitsIcEEEEEEjEERT_T0_E3buf                                                       
20031320  _ZZNSt3__234_GLOBAL__N__10_locale_cpp_a71832034makeINS_8time_getIwNS_19istreambuf_iteratorIwNS_11char_traitsIwEEEEEEjEERT_T0_E3buf                                                       
20031330  _ZZNSt3__234_GLOBAL__N__10_locale_cpp_a71832034makeINS_8time_putIcNS_19ostreambuf_iteratorIcNS_11char_traitsIcEEEEEEjEERT_T0_E3buf                                                       
20031340  _ZZNSt3__234_GLOBAL__N__10_locale_cpp_a71832034makeINS_8time_putIwNS_19ostreambuf_iteratorIwNS_11char_traitsIwEEEEEEjEERT_T0_E3buf                                                       
20031370  _ZZNSt3__234_GLOBAL__N__10_locale_cpp_a71832034makeINS_10moneypunctIcLb0EEEjEERT_T0_E3buf                                                                                                
20031378  _ZZNSt3__234_GLOBAL__N__10_locale_cpp_a71832034makeINS_10moneypunctIcLb1EEEjEERT_T0_E3buf                                                                                                
20031380  _ZZNSt3__234_GLOBAL__N__10_locale_cpp_a71832034makeINS_10moneypunctIwLb0EEEjEERT_T0_E3buf                                                                                                
20031388  _ZZNSt3__234_GLOBAL__N__10_locale_cpp_a71832034makeINS_10moneypunctIwLb1EEEjEERT_T0_E3buf                                                                                                
20031390  _ZZNSt3__234_GLOBAL__N__10_locale_cpp_a71832034makeINS_5ctypeIwEEjEERT_T0_E3buf                                                                                                          
20031398  _ZZNSt3__234_GLOBAL__N__10_locale_cpp_a71832034makeINS_7codecvtIDiciEEjEERT_T0_E3buf                                                                                                     
200313a0  _ZZNSt3__234_GLOBAL__N__10_locale_cpp_a71832034makeINS_7codecvtIDsciEEjEERT_T0_E3buf                                                                                                     
200313a8  _ZZNSt3__234_GLOBAL__N__10_locale_cpp_a71832034makeINS_7codecvtIcciEEjEERT_T0_E3buf                                                                                                      
200313b0  _ZZNSt3__234_GLOBAL__N__10_locale_cpp_a71832034makeINS_7collateIcEEjEERT_T0_E3buf                                                                                                        
200313b8  _ZZNSt3__234_GLOBAL__N__10_locale_cpp_a71832034makeINS_7collateIwEEjEERT_T0_E3buf                                                                                                        
200313c0  _ZZNSt3__234_GLOBAL__N__10_locale_cpp_a71832034makeINS_7num_getIcNS_19istreambuf_iteratorIcNS_11char_traitsIcEEEEEEjEERT_T0_E3buf                                                        
200313c8  _ZZNSt3__234_GLOBAL__N__10_locale_cpp_a71832034makeINS_7num_getIwNS_19istreambuf_iteratorIwNS_11char_traitsIwEEEEEEjEERT_T0_E3buf                                                        
200313d0  _ZZNSt3__234_GLOBAL__N__10_locale_cpp_a71832034makeINS_7num_putIcNS_19ostreambuf_iteratorIcNS_11char_traitsIcEEEEEEjEERT_T0_E3buf                                                        
200313d8  _ZZNSt3__234_GLOBAL__N__10_locale_cpp_a71832034makeINS_7num_putIwNS_19ostreambuf_iteratorIwNS_11char_traitsIwEEEEEEjEERT_T0_E3buf                                                        
200313e0  _ZZNSt3__234_GLOBAL__N__10_locale_cpp_a71832034makeINS_8messagesIcEEjEERT_T0_E3buf                                                                                                       
200313e8  _ZZNSt3__234_GLOBAL__N__10_locale_cpp_a71832034makeINS_8messagesIwEEjEERT_T0_E3buf                                                                                                       
200313f0  _ZZNSt3__234_GLOBAL__N__10_locale_cpp_a71832034makeINS_9money_getIcNS_19istreambuf_iteratorIcNS_11char_traitsIcEEEEEEjEERT_T0_E3buf                                                      
200313f8  _ZZNSt3__234_GLOBAL__N__10_locale_cpp_a71832034makeINS_9money_getIwNS_19istreambuf_iteratorIwNS_11char_traitsIwEEEEEEjEERT_T0_E3buf                                                      
20031400  _ZZNSt3__234_GLOBAL__N__10_locale_cpp_a71832034makeINS_9money_putIcNS_19ostreambuf_iteratorIcNS_11char_traitsIcEEEEEEjEERT_T0_E3buf                                                      
20031408  _ZZNSt3__234_GLOBAL__N__10_locale_cpp_a71832034makeINS_9money_putIwNS_19ostreambuf_iteratorIwNS_11char_traitsIwEEEEEEjEERT_T0_E3buf                                                      
20031410  parmbuf                                                                                                                                                                                  
2003141c  __dso_handle                                                                                                                                                                             
20031421  _ZNSt3__219__start_std_streamsE                                                                                                                                                          
20031424  _ZNSt3__26locale2id9__next_idE                                                                                                                                                           
200314b0  _ZNSt3__25ctypeIwE2idE                                                                                                                                                                   
200314b8  _ZNSt3__25ctypeIcE2idE                                                                                                                                                                   
200314c0  _ZNSt3__27codecvtIcciE2idE                                                                                                                                                               
200314c8  _ZNSt3__27codecvtIwciE2idE                                                                                                                                                               
200314d0  _ZNSt3__27codecvtIDsciE2idE                                                                                                                                                              
200314d8  _ZNSt3__27codecvtIDiciE2idE                                                                                                                                                              
200314e0  _ZNSt3__28numpunctIcE2idE                                                                                                                                                                
200314e8  _ZNSt3__28numpunctIwE2idE                                                                                                                                                                
20031b20  _ftable                                                                                                                                                                                  
20031c10  _device                                                                                                                                                                                  
20031c88  _stream                                                                                                                                                                                  
20031cd8  _tz                                                                                                                                                                                      
20031ce8  __TI_ft_end                                                                                                                                                                              
20031cec  __aeabi_stdin                                                                                                                                                                            
20031cf0  __aeabi_stdout                                                                                                                                                                           
20031cf4  __aeabi_stderr                                                                                                                                                                           
20031cf8  __TI_cleanup_ptr                                                                                                                                                                         
20031cfc  __TI_dtors_ptr                                                                                                                                                                           
20031d00  __TI_enable_exit_profile_output                                                                                                                                                          
20031d14  _ZN7Monitor16MonitorInstance_E                                                                                                                                                           
20031d1c  _lock                                                                                                                                                                                    
20031d20  _unlock                                                                                                                                                                                  
20031d2c  _ZNSt3__210moneypunctIcLb0EE2idE                                                                                                                                                         
20031d34  _ZNSt3__210moneypunctIcLb1EE2idE                                                                                                                                                         
20031d3c  _ZNSt3__210moneypunctIwLb0EE2idE                                                                                                                                                         
20031d44  _ZNSt3__210moneypunctIwLb1EE2idE                                                                                                                                                         
20031d4c  _ZNSt3__27collateIcE2idE                                                                                                                                                                 
20031d54  _ZNSt3__27collateIwE2idE                                                                                                                                                                 
20031d5c  _ZNSt3__27num_getIcNS_19istreambuf_iteratorIcNS_11char_traitsIcEEEEE2idE                                                                                                                 
20031d64  _ZNSt3__27num_getIwNS_19istreambuf_iteratorIwNS_11char_traitsIwEEEEE2idE                                                                                                                 
20031d6c  _ZNSt3__27num_putIcNS_19ostreambuf_iteratorIcNS_11char_traitsIcEEEEE2idE                                                                                                                 
20031d74  _ZNSt3__27num_putIwNS_19ostreambuf_iteratorIwNS_11char_traitsIwEEEEE2idE                                                                                                                 
20031d7c  _ZNSt3__28messagesIcE2idE                                                                                                                                                                
20031d84  _ZNSt3__28messagesIwE2idE                                                                                                                                                                
20031d8c  _ZNSt3__28time_getIcNS_19istreambuf_iteratorIcNS_11char_traitsIcEEEEE2idE                                                                                                                
20031d94  _ZNSt3__28time_getIwNS_19istreambuf_iteratorIwNS_11char_traitsIwEEEEE2idE                                                                                                                
20031d9c  _ZNSt3__28time_putIcNS_19ostreambuf_iteratorIcNS_11char_traitsIcEEEEE2idE                                                                                                                
20031da4  _ZNSt3__28time_putIwNS_19ostreambuf_iteratorIwNS_11char_traitsIwEEEEE2idE                                                                                                                
20031dac  _ZNSt3__29money_getIcNS_19istreambuf_iteratorIcNS_11char_traitsIcEEEEE2idE                                                                                                               
20031db4  _ZNSt3__29money_getIwNS_19istreambuf_iteratorIwNS_11char_traitsIwEEEEE2idE                                                                                                               
20031dbc  _ZNSt3__29money_putIcNS_19ostreambuf_iteratorIcNS_11char_traitsIcEEEEE2idE                                                                                                               
20031dc4  _ZNSt3__29money_putIwNS_19ostreambuf_iteratorIwNS_11char_traitsIwEEEEE2idE                                                                                                               
20031dcc  _ZN13SysTickDriver22SysTickDriverInstance_E                                                                                                                                              
20031dd4  _ZN11UART0Driver20UART0DriverInstance_E                                                                                                                                                  
20031ddc  _ZN13CommandCenter22CommandCenterInstance_E                                                                                                                                              
20031de0  _ZN13ISRMsgHandler22ISRMsgHandlerInstance_E                                                                                                                                              
20031de4  _ZN15OperatingSystem24OperatingSystemInstance_E                                                                                                                                          
20031de8  _ZN10PostOffice19PostOfficeInstance_E                                                                                                                                                    
20031df0  _ZN11TimeHandler20TimeHandlerInstance_E                                                                                                                                                  
20031df8  errno                                                                                                                                                                                    
ffffffff  __TI_pprof_out_hndl                                                                                                                                                                      
ffffffff  __TI_prof_data_size                                                                                                                                                                      
ffffffff  __TI_prof_data_start                                                                                                                                                                     
ffffffff  __binit__                                                                                                                                                                                
ffffffff  __c_args__                                                                                                                                                                               
ffffffff  binit                                                                                                                                                                                    
UNDEFED   __mpu_init                                                                                                                                                                               
UNDEFED   _system_post_cinit                                                                                                                                                                       

[1450 symbols]
